01-31 17:32:03.141  5165  5192 E gs.intelligence: No package ID ff found for resource ID 0xffffffff.
01-31 17:32:03.141  5165  5192 E gs.intelligence: No package ID ff found for resource ID 0xffffffff.
01-31 17:32:03.141  5165  5192 E gs.intelligence: No package ID ff found for resource ID 0xffffffff.
01-31 17:32:03.142  5165  5192 E gs.intelligence: No package ID ff found for resource ID 0xffffffff.
01-31 17:32:03.142  5165  5192 E gs.intelligence: No package ID ff found for resource ID 0xffffffff.
01-31 17:32:03.142  5165  5192 E gs.intelligence: No package ID ff found for resource ID 0xffffffff.
01-31 17:32:03.142  5165  5192 E gs.intelligence: No package ID ff found for resource ID 0xffffffff.
01-31 17:32:03.142  5165  5192 E gs.intelligence: No package ID ff found for resource ID 0xffffffff.
01-31 17:32:03.142  5165  5192 E gs.intelligence: No package ID ff found for resource ID 0xffffffff.
01-31 17:32:03.142  5165  5192 E gs.intelligence: No package ID ff found for resource ID 0xffffffff.
01-31 17:32:03.142  5165  5192 E gs.intelligence: No package ID ff found for resource ID 0xffffffff.
01-31 17:32:03.142  5165  5192 E gs.intelligence: No package ID ff found for resource ID 0xffffffff.
01-31 17:32:03.142  5165  5192 E gs.intelligence: No package ID ff found for resource ID 0xffffffff.
01-31 17:32:03.142  5165  5192 E gs.intelligence: No package ID ff found for resource ID 0xffffffff.
01-31 17:32:03.142  5165  5192 E gs.intelligence: No package ID ff found for resource ID 0xffffffff.
01-31 17:32:03.142  5165  5192 E gs.intelligence: No package ID ff found for resource ID 0xffffffff.
01-31 17:32:03.142  5165  5192 E gs.intelligence: No package ID ff found for resource ID 0xffffffff.
01-31 17:32:03.142  5165  5192 E gs.intelligence: No package ID ff found for resource ID 0xffffffff.
01-31 17:32:03.142  5165  5192 E gs.intelligence: No package ID ff found for resource ID 0xffffffff.
01-31 17:32:03.142  5165  5192 E gs.intelligence: No package ID ff found for resource ID 0xffffffff.
01-31 17:32:03.142  5165  5192 E gs.intelligence: No package ID ff found for resource ID 0xffffffff.
01-31 17:32:03.142  5165  5192 E gs.intelligence: No package ID ff found for resource ID 0xffffffff.
01-31 17:32:03.142  5165  5192 W IndexDataConverter: Skipping index for null-key item IndexData.Builder {title: Caption preferences,package: com.android.settings}
01-31 17:32:03.142  5165  5192 E gs.intelligence: No package ID ff found for resource ID 0xffffffff.
01-31 17:32:03.142  5165  5192 E gs.intelligence: No package ID ff found for resource ID 0xffffffff.
01-31 17:32:03.142  5165  5192 E gs.intelligence: No package ID ff found for resource ID 0xffffffff.
01-31 17:32:03.142  5165  5192 E gs.intelligence: No package ID ff found for resource ID 0xffffffff.
01-31 17:32:03.142  5165  5192 E gs.intelligence: No package ID ff found for resource ID 0xffffffff.
01-31 17:32:03.142  5165  5192 E gs.intelligence: No package ID ff found for resource ID 0xffffffff.
01-31 17:32:03.142  5165  5192 W IndexDataConverter: Skipping index for null-key item IndexData.Builder {title: Higher contrast makes text, buttons, and icons stand out more. Choose the contrast that looks best to you.,package: com.android.settings}
01-31 17:32:03.142  5165  5192 E gs.intelligence: No package ID ff found for resource ID 0xffffffff.
01-31 17:32:03.142  5165  5192 E gs.intelligence: No package ID ff found for resource ID 0xffffffff.
01-31 17:32:03.142  5165  5192 E gs.intelligence: No package ID ff found for resource ID 0xffffffff.
01-31 17:32:03.142  5165  5192 E gs.intelligence: No package ID ff found for resource ID 0xffffffff.
01-31 17:32:03.142  5165  5192 E gs.intelligence: No package ID ff found for resource ID 0xffffffff.
01-31 17:32:03.142  5165  5192 E gs.intelligence: No package ID ff found for resource ID 0xffffffff.
01-31 17:32:03.142  5165  5192 E gs.intelligence: No package ID ff found for resource ID 0xffffffff.
01-31 17:32:03.142  5165  5192 E gs.intelligence: No package ID ff found for resource ID 0xffffffff.
01-31 17:32:03.142  5165  5192 E gs.intelligence: No package ID ff found for resource ID 0xffffffff.
01-31 17:32:03.142  5165  5192 E gs.intelligence: No package ID ff found for resource ID 0xffffffff.
01-31 17:32:03.142  5165  5192 E gs.intelligence: No package ID ff found for resource ID 0xffffffff.
01-31 17:32:03.142  5165  5192 E gs.intelligence: No package ID ff found for resource ID 0xffffffff.
01-31 17:32:03.142  5165  5192 W IndexDataConverter: Skipping index for null-key item IndexData.Builder {title: Color contrast,package: com.android.settings}
01-31 17:32:03.142  5165  5192 E gs.intelligence: No package ID ff found for resource ID 0xffffffff.
01-31 17:32:03.142  5165  5192 E gs.intelligence: No package ID ff found for resource ID 0xffffffff.
01-31 17:32:03.142  5165  5192 E gs.intelligence: No package ID ff found for resource ID 0xffffffff.
01-31 17:32:03.142  5165  5192 E gs.intelligence: No package ID ff found for resource ID 0xffffffff.
01-31 17:32:03.142  5165  5192 E gs.intelligence: No package ID ff found for resource ID 0xffffffff.
01-31 17:32:03.142  5165  5192 E gs.intelligence: No package ID ff found for resource ID 0xffffffff.
01-31 17:32:03.143  5165  5192 E gs.intelligence: No package ID ff found for resource ID 0xffffffff.
01-31 17:32:03.143  5165  5192 E gs.intelligence: No package ID ff found for resource ID 0xffffffff.
01-31 17:32:03.143  5165  5192 E gs.intelligence: No package ID ff found for resource ID 0xffffffff.
01-31 17:32:03.143  5165  5192 E gs.intelligence: No package ID ff found for resource ID 0xffffffff.
01-31 17:32:03.143  5165  5192 E gs.intelligence: No package ID ff found for resource ID 0xffffffff.
01-31 17:32:03.143  5165  5192 E gs.intelligence: No package ID ff found for resource ID 0xffffffff.
01-31 17:32:03.143  5165  5192 E gs.intelligence: No package ID ff found for resource ID 0xffffffff.
01-31 17:32:03.143  5165  5192 E gs.intelligence: No package ID ff found for resource ID 0xffffffff.
01-31 17:32:03.143  5165  5192 E gs.intelligence: No package ID ff found for resource ID 0xffffffff.
01-31 17:32:03.143  5165  5192 E gs.intelligence: No package ID ff found for resource ID 0xffffffff.
01-31 17:32:03.143  5165  5192 E gs.intelligence: No package ID ff found for resource ID 0xffffffff.
01-31 17:32:03.143  5165  5192 E gs.intelligence: No package ID ff found for resource ID 0xffffffff.
01-31 17:32:03.143  5165  5192 E gs.intelligence: No package ID ff found for resource ID 0xffffffff.
01-31 17:32:03.143  5165  5192 E gs.intelligence: No package ID ff found for resource ID 0xffffffff.
01-31 17:32:03.143  5165  5192 E gs.intelligence: No package ID ff found for resource ID 0xffffffff.
01-31 17:32:03.143  5165  5192 E gs.intelligence: No package ID ff found for resource ID 0xffffffff.
01-31 17:32:03.143  5165  5192 E gs.intelligence: No package ID ff found for resource ID 0xffffffff.
01-31 17:32:03.143  5165  5192 E gs.intelligence: No package ID ff found for resource ID 0xffffffff.
01-31 17:32:03.143  5165  5192 E gs.intelligence: No package ID ff found for resource ID 0xffffffff.
01-31 17:32:03.143  5165  5192 E gs.intelligence: No package ID ff found for resource ID 0xffffffff.
01-31 17:32:03.143  5165  5192 E gs.intelligence: No package ID ff found for resource ID 0xffffffff.
01-31 17:32:03.143  5165  5192 E gs.intelligence: No package ID ff found for resource ID 0xffffffff.
01-31 17:32:03.143  5165  5192 E gs.intelligence: No package ID ff found for resource ID 0xffffffff.
01-31 17:32:03.143  5165  5192 W IndexDataConverter: Skipping index for null-key item IndexData.Builder {title: Adaptive vibration,package: com.android.settings}
01-31 17:32:03.143  5165  5192 E gs.intelligence: No package ID ff found for resource ID 0xffffffff.
01-31 17:32:03.143  5165  5192 E gs.intelligence: No package ID ff found for resource ID 0xffffffff.
01-31 17:32:03.143  5165  5192 E gs.intelligence: No package ID ff found for resource ID 0xffffffff.
01-31 17:32:03.143  5165  5192 E gs.intelligence: No package ID ff found for resource ID 0xffffffff.
01-31 17:32:03.143  5165  5192 E gs.intelligence: No package ID ff found for resource ID 0xffffffff.
01-31 17:32:03.143  5165  5192 E gs.intelligence: No package ID ff found for resource ID 0xffffffff.
01-31 17:32:03.143  5165  5192 E gs.intelligence: No package ID ff found for resource ID 0xffffffff.
01-31 17:32:03.143  5165  5192 E gs.intelligence: No package ID ff found for resource ID 0xffffffff.
01-31 17:32:03.143  5165  5192 E gs.intelligence: No package ID ff found for resource ID 0xffffffff.
01-31 17:32:03.143  5165  5192 E gs.intelligence: No package ID ff found for resource ID 0xffffffff.
01-31 17:32:03.143  5165  5192 E gs.intelligence: No package ID ff found for resource ID 0xffffffff.
01-31 17:32:03.144  5165  5192 E gs.intelligence: No package ID ff found for resource ID 0xffffffff.
01-31 17:32:03.144  5165  5192 E gs.intelligence: No package ID ff found for resource ID 0xffffffff.
01-31 17:32:03.144  5165  5192 E gs.intelligence: No package ID ff found for resource ID 0xffffffff.
01-31 17:32:03.144  5165  5192 E gs.intelligence: No package ID ff found for resource ID 0xffffffff.
01-31 17:32:03.144  5165  5192 E gs.intelligence: No package ID ff found for resource ID 0xffffffff.
01-31 17:32:03.144  5165  5192 E gs.intelligence: No package ID ff found for resource ID 0xffffffff.
01-31 17:32:03.144  5165  5192 E gs.intelligence: No package ID ff found for resource ID 0xffffffff.
01-31 17:32:03.144  5165  5192 E gs.intelligence: No package ID ff found for resource ID 0xffffffff.
01-31 17:32:03.144  5165  5192 E gs.intelligence: No package ID ff found for resource ID 0xffffffff.
01-31 17:32:03.144  5165  5192 E gs.intelligence: No package ID ff found for resource ID 0xffffffff.
01-31 17:32:03.144  5165  5192 E gs.intelligence: No package ID ff found for resource ID 0xffffffff.
01-31 17:32:03.144  5165  5192 E gs.intelligence: No package ID ff found for resource ID 0xffffffff.
01-31 17:32:03.144  5165  5192 E gs.intelligence: No package ID ff found for resource ID 0xffffffff.
01-31 17:32:03.144  5165  5192 E gs.intelligence: No package ID ff found for resource ID 0xffffffff.
01-31 17:32:03.144  5165  5192 E gs.intelligence: No package ID ff found for resource ID 0xffffffff.
01-31 17:32:03.144  5165  5192 E gs.intelligence: No package ID ff found for resource ID 0xffffffff.
01-31 17:32:03.144  5165  5192 E gs.intelligence: No package ID ff found for resource ID 0xffffffff.
01-31 17:32:03.144  5165  5192 E gs.intelligence: No package ID ff found for resource ID 0xffffffff.
01-31 17:32:03.144  5165  5192 E gs.intelligence: No package ID ff found for resource ID 0xffffffff.
01-31 17:32:03.144  5165  5192 E gs.intelligence: No package ID ff found for resource ID 0xffffffff.
01-31 17:32:03.144  5165  5192 W IndexDataConverter: Skipping index for null-key item IndexData.Builder {title: null,package: com.android.settings}
01-31 17:32:03.144  5165  5192 E gs.intelligence: No package ID ff found for resource ID 0xffffffff.
01-31 17:32:03.144  5165  5192 E gs.intelligence: No package ID ff found for resource ID 0xffffffff.
01-31 17:32:03.144  5165  5192 E gs.intelligence: No package ID ff found for resource ID 0xffffffff.
01-31 17:32:03.144  5165  5192 E gs.intelligence: No package ID ff found for resource ID 0xffffffff.
01-31 17:32:03.144  5165  5192 E gs.intelligence: No package ID ff found for resource ID 0xffffffff.
01-31 17:32:03.144  5165  5192 E gs.intelligence: No package ID ff found for resource ID 0xffffffff.
01-31 17:32:03.144  5165  5192 E gs.intelligence: No package ID ff found for resource ID 0xffffffff.
01-31 17:32:03.154  5165  5192 E gs.intelligence: No package ID ff found for resource ID 0xffffffff.
01-31 17:32:03.154  5165  5192 E gs.intelligence: No package ID ff found for resource ID 0xffffffff.
01-31 17:32:03.154  5165  5192 E gs.intelligence: No package ID ff found for resource ID 0xffffffff.
01-31 17:32:03.154  5165  5192 E gs.intelligence: No package ID ff found for resource ID 0xffffffff.
01-31 17:32:03.154  5165  5192 W IndexDataConverter: Skipping index for null-key item IndexData.Builder {title: Battery Share,package: com.android.settings}
01-31 17:32:03.155  5165  5192 E gs.intelligence: No package ID ff found for resource ID 0xffffffff.
01-31 17:32:03.155  5165  5192 E gs.intelligence: No package ID ff found for resource ID 0xffffffff.
01-31 17:32:03.155  5165  5192 E gs.intelligence: No package ID ff found for resource ID 0xffffffff.
01-31 17:32:03.155  5165  5192 E gs.intelligence: No package ID ff found for resource ID 0xffffffff.
01-31 17:32:03.155  5165  5192 E gs.intelligence: No package ID ff found for resource ID 0xffffffff.
01-31 17:32:03.155  5165  5192 E gs.intelligence: No package ID ff found for resource ID 0xffffffff.
01-31 17:32:03.155  5165  5192 E gs.intelligence: No package ID ff found for resource ID 0xffffffff.
01-31 17:32:03.155  5165  5192 E gs.intelligence: No package ID ff found for resource ID 0xffffffff.
01-31 17:32:03.155  5165  5192 E gs.intelligence: No package ID ff found for resource ID 0xffffffff.
01-31 17:32:03.155  5165  5192 E gs.intelligence: No package ID ff found for resource ID 0xffffffff.
01-31 17:32:03.155  5165  5192 E gs.intelligence: No package ID ff found for resource ID 0xffffffff.
01-31 17:32:03.155  5165  5192 W IndexDataConverter: Skipping index for null-key item IndexData.Builder {title: null,package: com.android.settings}
01-31 17:32:03.155  5165  5192 E gs.intelligence: No package ID ff found for resource ID 0xffffffff.
01-31 17:32:03.155  5165  5192 E gs.intelligence: No package ID ff found for resource ID 0xffffffff.
01-31 17:32:03.155  5165  5192 E gs.intelligence: No package ID ff found for resource ID 0xffffffff.
01-31 17:32:03.155  5165  5192 E gs.intelligence: No package ID ff found for resource ID 0xffffffff.
01-31 17:32:03.155  5165  5192 E gs.intelligence: No package ID ff found for resource ID 0xffffffff.
01-31 17:32:03.155  5165  5192 E gs.intelligence: No package ID ff found for resource ID 0xffffffff.
01-31 17:32:03.155  5165  5192 E gs.intelligence: No package ID ff found for resource ID 0xffffffff.
01-31 17:32:03.155  5165  5192 E gs.intelligence: No package ID ff found for resource ID 0xffffffff.
01-31 17:32:03.155  5165  5192 E gs.intelligence: No package ID ff found for resource ID 0xffffffff.
01-31 17:32:03.155  5165  5192 E gs.intelligence: No package ID ff found for resource ID 0xffffffff.
01-31 17:32:03.155  5165  5192 E gs.intelligence: No package ID ff found for resource ID 0xffffffff.
01-31 17:32:03.155  5165  5192 E gs.intelligence: No package ID ff found for resource ID 0xffffffff.
01-31 17:32:03.155  5165  5192 E gs.intelligence: No package ID ff found for resource ID 0xffffffff.
01-31 17:32:03.155  5165  5192 E gs.intelligence: No package ID ff found for resource ID 0xffffffff.
01-31 17:32:03.155  5165  5192 E gs.intelligence: No package ID ff found for resource ID 0xffffffff.
01-31 17:32:03.155  5165  5192 E gs.intelligence: No package ID ff found for resource ID 0xffffffff.
01-31 17:32:03.155  5165  5192 E gs.intelligence: No package ID ff found for resource ID 0xffffffff.
01-31 17:32:03.155  5165  5192 E gs.intelligence: No package ID ff found for resource ID 0xffffffff.
01-31 17:32:03.155  5165  5192 E gs.intelligence: No package ID ff found for resource ID 0xffffffff.
01-31 17:32:03.155  5165  5192 E gs.intelligence: No package ID ff found for resource ID 0xffffffff.
01-31 17:32:03.155  5165  5192 E gs.intelligence: No package ID ff found for resource ID 0xffffffff.
01-31 17:32:03.155  5165  5192 E gs.intelligence: No package ID ff found for resource ID 0xffffffff.
01-31 17:32:03.155  5165  5192 E gs.intelligence: No package ID ff found for resource ID 0xffffffff.
01-31 17:32:03.155  5165  5192 E gs.intelligence: No package ID ff found for resource ID 0xffffffff.
01-31 17:32:03.156  5165  5192 E gs.intelligence: No package ID ff found for resource ID 0xffffffff.
01-31 17:32:03.156  5165  5192 E gs.intelligence: No package ID ff found for resource ID 0xffffffff.
01-31 17:32:03.156  1550  3414 W libbinder.Binder: Binder transaction to android.content.IContentProvider code 1 took 4682ms. Data bytes: 776 Reply bytes: 456 Flags: 18
01-31 17:32:03.161  5165  5192 E gs.intelligence: No package ID ff found for resource ID 0xffffffff.
01-31 17:32:03.161  5165  5192 E gs.intelligence: No package ID ff found for resource ID 0xffffffff.
01-31 17:32:03.161  5165  5192 E gs.intelligence: No package ID ff found for resource ID 0xffffffff.
01-31 17:32:03.161  5165  5192 E gs.intelligence: No package ID ff found for resource ID 0xffffffff.
01-31 17:32:03.161  5165  5192 E gs.intelligence: No package ID ff found for resource ID 0xffffffff.
01-31 17:32:03.161  5165  5192 E gs.intelligence: No package ID ff found for resource ID 0xffffffff.
01-31 17:32:03.161  5165  5192 E gs.intelligence: No package ID ff found for resource ID 0xffffffff.
01-31 17:32:03.161  5165  5192 E gs.intelligence: No package ID ff found for resource ID 0xffffffff.
01-31 17:32:03.165  5165  5192 E gs.intelligence: No package ID ff found for resource ID 0xffffffff.
01-31 17:32:03.165  5165  5192 E gs.intelligence: No package ID ff found for resource ID 0xffffffff.
01-31 17:32:03.165  5165  5192 E gs.intelligence: No package ID ff found for resource ID 0xffffffff.
01-31 17:32:03.165  5165  5192 E gs.intelligence: No package ID ff found for resource ID 0xffffffff.
01-31 17:32:03.165  5165  5192 E gs.intelligence: No package ID ff found for resource ID 0xffffffff.
01-31 17:32:03.165  5165  5192 E gs.intelligence: No package ID ff found for resource ID 0xffffffff.
01-31 17:32:03.165  5165  5192 E gs.intelligence: No package ID ff found for resource ID 0xffffffff.
01-31 17:32:03.165  5165  5192 W IndexDataConverter: Skipping index for null-key item IndexData.Builder {title: Quick Tap to start actions,package: com.android.settings}
01-31 17:32:03.165  5165  5192 E gs.intelligence: No package ID ff found for resource ID 0xffffffff.
01-31 17:32:03.165  5165  5192 E gs.intelligence: No package ID ff found for resource ID 0xffffffff.
01-31 17:32:03.165  5165  5192 E gs.intelligence: No package ID ff found for resource ID 0xffffffff.
01-31 17:32:03.165  5165  5192 E gs.intelligence: No package ID ff found for resource ID 0xffffffff.
01-31 17:32:03.165  5165  5192 E gs.intelligence: No package ID ff found for resource ID 0xffffffff.
01-31 17:32:03.165  5165  5192 E gs.intelligence: No package ID ff found for resource ID 0xffffffff.
01-31 17:32:03.165  5165  5192 W IndexDataConverter: Skipping index for null-key item IndexData.Builder {title: Reduces background noises during calls,package: com.android.settings}
01-31 17:32:03.165  5165  5192 E gs.intelligence: No package ID ff found for resource ID 0xffffffff.
01-31 17:32:03.165  5165  5192 E gs.intelligence: No package ID ff found for resource ID 0xffffffff.
01-31 17:32:03.165  5165  5192 E gs.intelligence: No package ID ff found for resource ID 0xffffffff.
01-31 17:32:03.165  5165  5192 E gs.intelligence: No package ID ff found for resource ID 0xffffffff.
01-31 17:32:03.165  5165  5192 E gs.intelligence: No package ID ff found for resource ID 0xffffffff.
01-31 17:32:03.165  5165  5192 E gs.intelligence: No package ID ff found for resource ID 0xffffffff.
01-31 17:32:03.165  5165  5192 E gs.intelligence: No package ID ff found for resource ID 0xffffffff.
01-31 17:32:03.165  5165  5192 E gs.intelligence: No package ID ff found for resource ID 0xffffffff.
01-31 17:32:03.165  5165  5192 E gs.intelligence: No package ID ff found for resource ID 0xffffffff.
01-31 17:32:03.165  5165  5192 E gs.intelligence: No package ID ff found for resource ID 0xffffffff.
01-31 17:32:03.165  5165  5192 E gs.intelligence: No package ID ff found for resource ID 0xffffffff.
01-31 17:32:03.165  5165  5192 E gs.intelligence: No package ID ff found for resource ID 0xffffffff.
01-31 17:32:03.165  5165  5192 E gs.intelligence: No package ID ff found for resource ID 0xffffffff.
01-31 17:32:03.165  5165  5192 E gs.intelligence: No package ID ff found for resource ID 0xffffffff.
01-31 17:32:03.165  5165  5192 E gs.intelligence: No package ID ff found for resource ID 0xffffffff.
01-31 17:32:03.165  5165  5192 E gs.intelligence: No package ID ff found for resource ID 0xffffffff.
01-31 17:32:03.165  5165  5192 E gs.intelligence: No package ID ff found for resource ID 0xffffffff.
01-31 17:32:03.165  5165  5192 W IndexDataConverter: Skipping index for null-key item IndexData.Builder {title: Clear Calling,package: com.android.settings}
01-31 17:32:03.166  5165  5192 E gs.intelligence: No package ID ff found for resource ID 0xffffffff.
01-31 17:32:03.166  5165  5192 E gs.intelligence: No package ID ff found for resource ID 0xffffffff.
01-31 17:32:03.166  5165  5192 E gs.intelligence: No package ID ff found for resource ID 0xffffffff.
01-31 17:32:03.166  5165  5192 E gs.intelligence: No package ID ff found for resource ID 0xffffffff.
01-31 17:32:03.166  5165  5192 E gs.intelligence: No package ID ff found for resource ID 0xffffffff.
01-31 17:32:03.166  5165  5192 E gs.intelligence: No package ID ff found for resource ID 0xffffffff.
01-31 17:32:03.166  5165  5192 E gs.intelligence: No package ID ff found for resource ID 0xffffffff.
01-31 17:32:03.166  5165  5192 E gs.intelligence: No package ID ff found for resource ID 0xffffffff.
01-31 17:32:03.166  5165  5192 E gs.intelligence: No package ID ff found for resource ID 0xffffffff.
01-31 17:32:03.166  5165  5192 E gs.intelligence: No package ID ff found for resource ID 0xffffffff.
01-31 17:32:03.168  5165  5192 E gs.intelligence: No package ID ff found for resource ID 0xffffffff.
01-31 17:32:03.168  5165  5192 E gs.intelligence: No package ID ff found for resource ID 0xffffffff.
01-31 17:32:03.168  5165  5192 E gs.intelligence: No package ID ff found for resource ID 0xffffffff.
01-31 17:32:03.168  5165  5192 E gs.intelligence: No package ID ff found for resource ID 0xffffffff.
01-31 17:32:03.168  5165  5192 E gs.intelligence: No package ID ff found for resource ID 0xffffffff.
01-31 17:32:03.168  5165  5192 E gs.intelligence: No package ID ff found for resource ID 0xffffffff.
01-31 17:32:03.168  5165  5192 E gs.intelligence: No package ID ff found for resource ID 0xffffffff.
01-31 17:32:03.168  5165  5192 E gs.intelligence: No package ID ff found for resource ID 0xffffffff.
01-31 17:32:03.168  5165  5192 E gs.intelligence: No package ID ff found for resource ID 0xffffffff.
01-31 17:32:03.168  5165  5192 E gs.intelligence: No package ID ff found for resource ID 0xffffffff.
01-31 17:32:03.168  5165  5192 E gs.intelligence: No package ID ff found for resource ID 0xffffffff.
01-31 17:32:03.168  5165  5192 E gs.intelligence: No package ID ff found for resource ID 0xffffffff.
01-31 17:32:03.168  5165  5192 E gs.intelligence: No package ID ff found for resource ID 0xffffffff.
01-31 17:32:03.168  5165  5192 E gs.intelligence: No package ID ff found for resource ID 0xffffffff.
01-31 17:32:03.168  5165  5192 E gs.intelligence: No package ID ff found for resource ID 0xffffffff.
01-31 17:32:03.168  5165  5192 E gs.intelligence: No package ID ff found for resource ID 0xffffffff.
01-31 17:32:03.168  5165  5192 E gs.intelligence: No package ID ff found for resource ID 0xffffffff.
01-31 17:32:03.168  5165  5192 W IndexDataConverter: Skipping index for null-key item IndexData.Builder {title: null,package: com.android.settings}
01-31 17:32:03.168  5165  5192 E gs.intelligence: No package ID ff found for resource ID 0xffffffff.
01-31 17:32:03.168  5165  5192 E gs.intelligence: No package ID ff found for resource ID 0xffffffff.
01-31 17:32:03.168  5165  5192 E gs.intelligence: No package ID ff found for resource ID 0xffffffff.
01-31 17:32:03.168  5165  5192 E gs.intelligence: No package ID ff found for resource ID 0xffffffff.
01-31 17:32:03.168  5165  5192 E gs.intelligence: No package ID ff found for resource ID 0xffffffff.
01-31 17:32:03.168  5165  5192 E gs.intelligence: No package ID ff found for resource ID 0xffffffff.
01-31 17:32:03.168  5165  5192 E gs.intelligence: No package ID ff found for resource ID 0xffffffff.
01-31 17:32:03.168  5165  5192 E gs.intelligence: No package ID ff found for resource ID 0xffffffff.
01-31 17:32:03.168  5165  5192 E gs.intelligence: No package ID ff found for resource ID 0xffffffff.
01-31 17:32:03.168  5165  5192 W IndexDataConverter: Skipping index for null-key item IndexData.Builder {title: null,package: com.android.settings}
01-31 17:32:03.168  5165  5192 E gs.intelligence: No package ID ff found for resource ID 0xffffffff.
01-31 17:32:03.168  5165  5192 E gs.intelligence: No package ID ff found for resource ID 0xffffffff.
01-31 17:32:03.168  5165  5192 E gs.intelligence: No package ID ff found for resource ID 0xffffffff.
01-31 17:32:03.168  5165  5192 E gs.intelligence: No package ID ff found for resource ID 0xffffffff.
01-31 17:32:03.168  5165  5192 E gs.intelligence: No package ID ff found for resource ID 0xffffffff.
01-31 17:32:03.168  5165  5192 E gs.intelligence: No package ID ff found for resource ID 0xffffffff.
01-31 17:32:03.168  5165  5192 E gs.intelligence: No package ID ff found for resource ID 0xffffffff.
01-31 17:32:03.168  5165  5192 E gs.intelligence: No package ID ff found for resource ID 0xffffffff.
01-31 17:32:03.168  5165  5192 E gs.intelligence: No package ID ff found for resource ID 0xffffffff.
01-31 17:32:03.168  5165  5192 W IndexDataConverter: Skipping index for null-key item IndexData.Builder {title: null,package: com.android.settings}
01-31 17:32:03.168  5165  5192 E gs.intelligence: No package ID ff found for resource ID 0xffffffff.
01-31 17:32:03.168  5165  5192 E gs.intelligence: No package ID ff found for resource ID 0xffffffff.
01-31 17:32:03.168  5165  5192 E gs.intelligence: No package ID ff found for resource ID 0xffffffff.
01-31 17:32:03.169  5165  5192 E gs.intelligence: No package ID ff found for resource ID 0xffffffff.
01-31 17:32:03.169  5165  5192 E gs.intelligence: No package ID ff found for resource ID 0xffffffff.
01-31 17:32:03.169  5165  5192 E gs.intelligence: No package ID ff found for resource ID 0xffffffff.
01-31 17:32:03.169  5165  5192 E gs.intelligence: No package ID ff found for resource ID 0xffffffff.
01-31 17:32:03.169  5165  5192 E gs.intelligence: No package ID ff found for resource ID 0xffffffff.
01-31 17:32:03.169  5165  5192 E gs.intelligence: No package ID ff found for resource ID 0xffffffff.
01-31 17:32:03.169  5165  5192 E gs.intelligence: No package ID ff found for resource ID 0xffffffff.
01-31 17:32:03.169  5165  5192 E gs.intelligence: No package ID ff found for resource ID 0xffffffff.
01-31 17:32:03.169  5165  5192 E gs.intelligence: No package ID ff found for resource ID 0xffffffff.
01-31 17:32:03.186  5285  5353 W JobInfo : Requested important-while-foreground flag for job1 is ignored and takes no effect
01-31 17:32:03.192  5165  5192 E gs.intelligence: No package ID ff found for resource ID 0xffffffff.
01-31 17:32:03.192  5165  5192 E gs.intelligence: No package ID ff found for resource ID 0xffffffff.
01-31 17:32:03.194  5165  5192 E gs.intelligence: No package ID ff found for resource ID 0xffffffff.
01-31 17:32:03.194  5165  5192 E gs.intelligence: No package ID ff found for resource ID 0xffffffff.
01-31 17:32:03.194  5165  5192 E gs.intelligence: No package ID ff found for resource ID 0xffffffff.
01-31 17:32:03.194  5165  5192 E gs.intelligence: No package ID ff found for resource ID 0xffffffff.
01-31 17:32:03.198  5165  5192 E gs.intelligence: No package ID ff found for resource ID 0xffffffff.
01-31 17:32:03.198  5165  5192 E gs.intelligence: No package ID ff found for resource ID 0xffffffff.
01-31 17:32:03.198  5165  5192 E gs.intelligence: No package ID ff found for resource ID 0xffffffff.
01-31 17:32:03.198  5165  5192 E gs.intelligence: No package ID ff found for resource ID 0xffffffff.
01-31 17:32:03.198  5165  5192 E gs.intelligence: No package ID ff found for resource ID 0xffffffff.
01-31 17:32:03.198  5165  5192 E gs.intelligence: No package ID ff found for resource ID 0xffffffff.
01-31 17:32:03.198  5165  5192 E gs.intelligence: No package ID ff found for resource ID 0xffffffff.
01-31 17:32:03.198  5165  5192 E gs.intelligence: No package ID ff found for resource ID 0xffffffff.
01-31 17:32:03.198  5165  5192 E gs.intelligence: No package ID ff found for resource ID 0xffffffff.
01-31 17:32:03.198  5165  5192 E gs.intelligence: No package ID ff found for resource ID 0xffffffff.
01-31 17:32:03.198  5165  5192 E gs.intelligence: No package ID ff found for resource ID 0xffffffff.
01-31 17:32:03.199  5165  5192 E gs.intelligence: No package ID ff found for resource ID 0xffffffff.
01-31 17:32:03.199  5165  5192 E gs.intelligence: No package ID ff found for resource ID 0xffffffff.
01-31 17:32:03.199  5165  5192 E gs.intelligence: No package ID ff found for resource ID 0xffffffff.
01-31 17:32:03.199  5165  5192 E gs.intelligence: No package ID ff found for resource ID 0xffffffff.
01-31 17:32:03.199  5165  5192 E gs.intelligence: No package ID ff found for resource ID 0xffffffff.
01-31 17:32:03.199  5165  5192 E gs.intelligence: No package ID ff found for resource ID 0xffffffff.
01-31 17:32:03.199  5165  5192 E gs.intelligence: No package ID ff found for resource ID 0xffffffff.
01-31 17:32:03.199  5165  5192 E gs.intelligence: No package ID ff found for resource ID 0xffffffff.
01-31 17:32:03.199  5165  5192 E gs.intelligence: No package ID ff found for resource ID 0xffffffff.
01-31 17:32:03.199  5165  5192 E gs.intelligence: No package ID ff found for resource ID 0xffffffff.
01-31 17:32:03.199  5165  5192 E gs.intelligence: No package ID ff found for resource ID 0xffffffff.
01-31 17:32:03.199  5165  5192 E gs.intelligence: No package ID ff found for resource ID 0xffffffff.
01-31 17:32:03.199  5165  5192 E gs.intelligence: No package ID ff found for resource ID 0xffffffff.
01-31 17:32:03.199  5165  5192 E gs.intelligence: No package ID ff found for resource ID 0xffffffff.
01-31 17:32:03.199  5165  5192 E gs.intelligence: No package ID ff found for resource ID 0xffffffff.
01-31 17:32:03.199  5165  5192 E gs.intelligence: No package ID ff found for resource ID 0xffffffff.
01-31 17:32:03.199  5165  5192 E gs.intelligence: No package ID ff found for resource ID 0xffffffff.
01-31 17:32:03.199  5165  5192 E gs.intelligence: No package ID ff found for resource ID 0xffffffff.
01-31 17:32:03.199  5165  5192 E gs.intelligence: No package ID ff found for resource ID 0xffffffff.
01-31 17:32:03.199  5165  5192 E gs.intelligence: No package ID ff found for resource ID 0xffffffff.
01-31 17:32:03.199  5165  5192 E gs.intelligence: No package ID ff found for resource ID 0xffffffff.
01-31 17:32:03.199  5165  5192 E gs.intelligence: No package ID ff found for resource ID 0xffffffff.
01-31 17:32:03.199  5165  5192 E gs.intelligence: No package ID ff found for resource ID 0xffffffff.
01-31 17:32:03.199  5165  5192 E gs.intelligence: No package ID ff found for resource ID 0xffffffff.
01-31 17:32:03.199  5165  5192 E gs.intelligence: No package ID ff found for resource ID 0xffffffff.
01-31 17:32:03.199  5165  5192 E gs.intelligence: No package ID ff found for resource ID 0xffffffff.
01-31 17:32:03.199  5165  5192 E gs.intelligence: No package ID ff found for resource ID 0xffffffff.
01-31 17:32:03.199  5165  5192 E gs.intelligence: No package ID ff found for resource ID 0xffffffff.
01-31 17:32:03.199  5165  5192 E gs.intelligence: No package ID ff found for resource ID 0xffffffff.
01-31 17:32:03.199  5165  5192 E gs.intelligence: No package ID ff found for resource ID 0xffffffff.
01-31 17:32:03.199  5165  5192 E gs.intelligence: No package ID ff found for resource ID 0xffffffff.
01-31 17:32:03.199  5165  5192 E gs.intelligence: No package ID ff found for resource ID 0xffffffff.
01-31 17:32:03.199  5165  5192 E gs.intelligence: No package ID ff found for resource ID 0xffffffff.
01-31 17:32:03.199  5165  5192 E gs.intelligence: No package ID ff found for resource ID 0xffffffff.
01-31 17:32:03.200  5165  5192 E gs.intelligence: No package ID ff found for resource ID 0xffffffff.
01-31 17:32:03.200  5165  5192 E gs.intelligence: No package ID ff found for resource ID 0xffffffff.
01-31 17:32:03.200  5165  5192 E gs.intelligence: No package ID ff found for resource ID 0xffffffff.
01-31 17:32:03.200  5165  5192 E gs.intelligence: No package ID ff found for resource ID 0xffffffff.
01-31 17:32:03.200  5165  5192 E gs.intelligence: No package ID ff found for resource ID 0xffffffff.
01-31 17:32:03.200  5165  5192 E gs.intelligence: No package ID ff found for resource ID 0xffffffff.
01-31 17:32:03.200  5165  5192 E gs.intelligence: No package ID ff found for resource ID 0xffffffff.
01-31 17:32:03.200  5165  5192 E gs.intelligence: No package ID ff found for resource ID 0xffffffff.
01-31 17:32:03.200  5165  5192 E gs.intelligence: No package ID ff found for resource ID 0xffffffff.
01-31 17:32:03.200  5165  5192 E gs.intelligence: No package ID ff found for resource ID 0xffffffff.
01-31 17:32:03.200  5165  5192 E gs.intelligence: No package ID ff found for resource ID 0xffffffff.
01-31 17:32:03.200  5165  5192 E gs.intelligence: No package ID ff found for resource ID 0xffffffff.
01-31 17:32:03.208  5165  5192 E gs.intelligence: No package ID ff found for resource ID 0xffffffff.
01-31 17:32:03.208  5165  5192 E gs.intelligence: No package ID ff found for resource ID 0xffffffff.
01-31 17:32:03.208  5165  5192 E gs.intelligence: No package ID ff found for resource ID 0xffffffff.
01-31 17:32:03.208  5165  5192 E gs.intelligence: No package ID ff found for resource ID 0xffffffff.
01-31 17:32:03.208  5165  5192 E gs.intelligence: No package ID ff found for resource ID 0xffffffff.
01-31 17:32:03.208  5165  5192 E gs.intelligence: No package ID ff found for resource ID 0xffffffff.
01-31 17:32:03.208  5165  5192 E gs.intelligence: No package ID ff found for resource ID 0xffffffff.
01-31 17:32:03.208  5165  5192 E gs.intelligence: No package ID ff found for resource ID 0xffffffff.
01-31 17:32:03.208  5165  5192 E gs.intelligence: No package ID ff found for resource ID 0xffffffff.
01-31 17:32:03.216  5165  5192 E gs.intelligence: No package ID ff found for resource ID 0xffffffff.
01-31 17:32:03.218  5165  5192 E gs.intelligence: No package ID ff found for resource ID 0xffffffff.
01-31 17:32:03.218  5165  5192 E gs.intelligence: No package ID ff found for resource ID 0xffffffff.
01-31 17:32:03.218  5165  5192 E gs.intelligence: No package ID ff found for resource ID 0xffffffff.
01-31 17:32:03.218  5165  5192 E gs.intelligence: No package ID ff found for resource ID 0xffffffff.
01-31 17:32:03.218  5165  5192 E gs.intelligence: No package ID ff found for resource ID 0xffffffff.
01-31 17:32:03.218  5165  5192 E gs.intelligence: No package ID ff found for resource ID 0xffffffff.
01-31 17:32:03.218  5165  5192 W IndexDataConverter: Skipping index for null-key item IndexData.Builder {title: null,package: com.google.android.apps.messaging}
01-31 17:32:03.222  5165  5192 E gs.intelligence: No package ID ff found for resource ID 0xffffffff.
01-31 17:32:03.222  5165  5192 E gs.intelligence: No package ID ff found for resource ID 0xffffffff.
01-31 17:32:03.222  5165  5192 E gs.intelligence: No package ID ff found for resource ID 0xffffffff.
01-31 17:32:03.222  5165  5192 E gs.intelligence: No package ID ff found for resource ID 0xffffffff.
01-31 17:32:03.222  5165  5192 E gs.intelligence: No package ID ff found for resource ID 0xffffffff.
01-31 17:32:03.222  5165  5192 E gs.intelligence: No package ID ff found for resource ID 0xffffffff.
01-31 17:32:03.222  5165  5192 E gs.intelligence: No package ID ff found for resource ID 0xffffffff.
01-31 17:32:03.222  5165  5192 E gs.intelligence: No package ID ff found for resource ID 0xffffffff.
01-31 17:32:03.222  5165  5192 E gs.intelligence: No package ID ff found for resource ID 0xffffffff.
01-31 17:32:03.222  5165  5192 E gs.intelligence: No package ID ff found for resource ID 0xffffffff.
01-31 17:32:03.222  5165  5192 E gs.intelligence: No package ID ff found for resource ID 0xffffffff.
01-31 17:32:03.222  5165  5192 E gs.intelligence: No package ID ff found for resource ID 0xffffffff.
01-31 17:32:03.222  5165  5192 E gs.intelligence: No package ID ff found for resource ID 0xffffffff.
01-31 17:32:03.222  5165  5192 E gs.intelligence: No package ID ff found for resource ID 0xffffffff.
01-31 17:32:03.222  5165  5192 E gs.intelligence: No package ID ff found for resource ID 0xffffffff.
01-31 17:32:03.222  5165  5192 E gs.intelligence: No package ID ff found for resource ID 0xffffffff.
01-31 17:32:03.222  5165  5192 E gs.intelligence: No package ID ff found for resource ID 0xffffffff.
01-31 17:32:03.222  5165  5192 E gs.intelligence: No package ID ff found for resource ID 0xffffffff.
01-31 17:32:03.222  5165  5192 E gs.intelligence: No package ID ff found for resource ID 0xffffffff.
01-31 17:32:03.229  5165  5192 E gs.intelligence: No package ID ff found for resource ID 0xffffffff.
01-31 17:32:03.232  5165  5192 E gs.intelligence: No package ID ff found for resource ID 0xffffffff.
01-31 17:32:03.233  5165  5192 E gs.intelligence: No package ID ff found for resource ID 0xffffffff.
01-31 17:32:03.236  5165  5192 E gs.intelligence: No package ID ff found for resource ID 0xffffffff.
01-31 17:32:03.237  5165  5192 E gs.intelligence: No package ID ff found for resource ID 0xffffffff.
01-31 17:32:03.237  5165  5192 E gs.intelligence: No package ID ff found for resource ID 0xffffffff.
01-31 17:32:03.237  5165  5192 E gs.intelligence: No package ID ff found for resource ID 0xffffffff.
01-31 17:32:03.237  5165  5192 E gs.intelligence: No package ID ff found for resource ID 0xffffffff.
01-31 17:32:03.237  5165  5192 E gs.intelligence: No package ID ff found for resource ID 0xffffffff.
01-31 17:32:03.237  5165  5192 E gs.intelligence: No package ID ff found for resource ID 0xffffffff.
01-31 17:32:03.237  5165  5192 E gs.intelligence: No package ID ff found for resource ID 0xffffffff.
01-31 17:32:03.237  5165  5192 E gs.intelligence: No package ID ff found for resource ID 0xffffffff.
01-31 17:32:03.237  5165  5192 E gs.intelligence: No package ID ff found for resource ID 0xffffffff.
01-31 17:32:03.237  5165  5192 E gs.intelligence: No package ID ff found for resource ID 0xffffffff.
01-31 17:32:03.237  5165  5192 E gs.intelligence: No package ID ff found for resource ID 0xffffffff.
01-31 17:32:03.237  5165  5192 E gs.intelligence: No package ID ff found for resource ID 0xffffffff.
01-31 17:32:03.237  5165  5192 E gs.intelligence: No package ID ff found for resource ID 0xffffffff.
01-31 17:32:03.237  5165  5192 E gs.intelligence: No package ID ff found for resource ID 0xffffffff.
01-31 17:32:03.237  5165  5192 E gs.intelligence: No package ID ff found for resource ID 0xffffffff.
01-31 17:32:03.237  5165  5192 E gs.intelligence: No package ID ff found for resource ID 0xffffffff.
01-31 17:32:03.237  5165  5192 E gs.intelligence: No package ID ff found for resource ID 0xffffffff.
01-31 17:32:03.237  5165  5192 E gs.intelligence: No package ID ff found for resource ID 0xffffffff.
01-31 17:32:03.237  5165  5192 E gs.intelligence: No package ID ff found for resource ID 0xffffffff.
01-31 17:32:03.237  5165  5192 E gs.intelligence: No package ID ff found for resource ID 0xffffffff.
01-31 17:32:03.250  5165  5192 E gs.intelligence: No package ID ff found for resource ID 0xffffffff.
01-31 17:32:03.250  5165  5192 E gs.intelligence: No package ID ff found for resource ID 0xffffffff.
01-31 17:32:03.250  5165  5192 E gs.intelligence: No package ID ff found for resource ID 0xffffffff.
01-31 17:32:03.250  5165  5192 E gs.intelligence: No package ID ff found for resource ID 0xffffffff.
01-31 17:32:03.250  5165  5192 E gs.intelligence: No package ID ff found for resource ID 0xffffffff.
01-31 17:32:03.250  5165  5192 E gs.intelligence: No package ID ff found for resource ID 0xffffffff.
01-31 17:32:03.250  5165  5192 E gs.intelligence: No package ID ff found for resource ID 0xffffffff.
01-31 17:32:03.250  5165  5192 E gs.intelligence: No package ID ff found for resource ID 0xffffffff.
01-31 17:32:03.250  5165  5192 E gs.intelligence: No package ID ff found for resource ID 0xffffffff.
01-31 17:32:03.250  5165  5192 E gs.intelligence: No package ID ff found for resource ID 0xffffffff.
01-31 17:32:03.250  5165  5192 E gs.intelligence: No package ID ff found for resource ID 0xffffffff.
01-31 17:32:03.250  5165  5192 E gs.intelligence: No package ID ff found for resource ID 0xffffffff.
01-31 17:32:03.250  5165  5192 E gs.intelligence: No package ID ff found for resource ID 0xffffffff.
01-31 17:32:03.254  5165  5197 W RemoteCallableBase: Null cursor. Cannot add index data for Uri: content://com.google.android.inputmethod.latin/settings/dynamic_indexables_raw
01-31 17:32:03.256  5285  5353 D WM-SystemJobScheduler: Scheduling work ID 670a639c-5be5-4670-b279-b53c79eab887Job ID 1
01-31 17:32:03.258  5285  5353 W JobInfo : Requested important-while-foreground flag for job2 is ignored and takes no effect
01-31 17:32:03.260  5165  5192 E gs.intelligence: No package ID ff found for resource ID 0xffffffff.
01-31 17:32:03.260  5165  5192 E gs.intelligence: No package ID ff found for resource ID 0xffffffff.
01-31 17:32:03.260  5165  5192 E gs.intelligence: No package ID ff found for resource ID 0xffffffff.
01-31 17:32:03.260  5165  5192 E gs.intelligence: No package ID ff found for resource ID 0xffffffff.
01-31 17:32:03.260  5165  5192 E gs.intelligence: No package ID ff found for resource ID 0xffffffff.
01-31 17:32:03.260  5165  5192 E gs.intelligence: No package ID ff found for resource ID 0xffffffff.
01-31 17:32:03.262  5165  5192 E gs.intelligence: No package ID ff found for resource ID 0xffffffff.
01-31 17:32:03.262  5165  5192 E gs.intelligence: No package ID ff found for resource ID 0xffffffff.
01-31 17:32:03.262  5165  5192 E gs.intelligence: No package ID ff found for resource ID 0xffffffff.
01-31 17:32:03.262  5165  5192 E gs.intelligence: No package ID ff found for resource ID 0xffffffff.
01-31 17:32:03.262  5165  5192 E gs.intelligence: No package ID ff found for resource ID 0xffffffff.
01-31 17:32:03.262  5165  5192 E gs.intelligence: No package ID ff found for resource ID 0xffffffff.
01-31 17:32:03.262  5165  5192 E gs.intelligence: No package ID ff found for resource ID 0xffffffff.
01-31 17:32:03.262  5165  5192 E gs.intelligence: No package ID ff found for resource ID 0xffffffff.
01-31 17:32:03.266  5165  5192 E gs.intelligence: No package ID ff found for resource ID 0xffffffff.
01-31 17:32:03.269  5165  5192 E gs.intelligence: No package ID ff found for resource ID 0xffffffff.
01-31 17:32:03.269  5165  5192 E gs.intelligence: No package ID ff found for resource ID 0xffffffff.
01-31 17:32:03.270  5165  5192 E gs.intelligence: No package ID ff found for resource ID 0xffffffff.
01-31 17:32:03.270  5165  5192 E gs.intelligence: No package ID ff found for resource ID 0xffffffff.
01-31 17:32:03.270  5165  5192 E gs.intelligence: No package ID ff found for resource ID 0xffffffff.
01-31 17:32:03.270  5165  5192 E gs.intelligence: No package ID ff found for resource ID 0xffffffff.
01-31 17:32:03.270  5165  5192 E gs.intelligence: No package ID ff found for resource ID 0xffffffff.
01-31 17:32:03.270  5165  5192 E gs.intelligence: No package ID ff found for resource ID 0xffffffff.
01-31 17:32:03.270  5165  5192 E gs.intelligence: No package ID ff found for resource ID 0xffffffff.
01-31 17:32:03.270  5165  5192 E gs.intelligence: No package ID ff found for resource ID 0xffffffff.
01-31 17:32:03.270  5165  5192 E gs.intelligence: No package ID ff found for resource ID 0xffffffff.
01-31 17:32:03.270  5165  5192 E gs.intelligence: No package ID ff found for resource ID 0xffffffff.
01-31 17:32:03.270  5165  5192 E gs.intelligence: No package ID ff found for resource ID 0xffffffff.
01-31 17:32:03.270  5165  5192 E gs.intelligence: No package ID ff found for resource ID 0xffffffff.
01-31 17:32:03.270  5165  5192 E gs.intelligence: No package ID ff found for resource ID 0xffffffff.
01-31 17:32:03.271  5507  5507 W libbinder.BackendUnifiedServiceManager: Thread Pool max thread count is 0. Cannot cache binder as linkToDeath cannot be implemented. serviceName: package
01-31 17:32:03.279  5165  5192 E gs.intelligence: No package ID ff found for resource ID 0xffffffff.
01-31 17:32:03.279  5165  5192 E gs.intelligence: No package ID ff found for resource ID 0xffffffff.
01-31 17:32:03.279  5165  5192 E gs.intelligence: No package ID ff found for resource ID 0xffffffff.
01-31 17:32:03.288  5165  5192 E gs.intelligence: No package ID ff found for resource ID 0xffffffff.
01-31 17:32:03.288  5165  5192 E gs.intelligence: No package ID ff found for resource ID 0xffffffff.
01-31 17:32:03.288  5165  5192 E gs.intelligence: No package ID ff found for resource ID 0xffffffff.
01-31 17:32:03.288  5165  5192 E gs.intelligence: No package ID ff found for resource ID 0xffffffff.
01-31 17:32:03.288  5165  5192 E gs.intelligence: No package ID ff found for resource ID 0xffffffff.
01-31 17:32:03.288  5165  5192 E gs.intelligence: No package ID ff found for resource ID 0xffffffff.
01-31 17:32:03.288  5165  5192 E gs.intelligence: No package ID ff found for resource ID 0xffffffff.
01-31 17:32:03.289  5165  5192 E gs.intelligence: No package ID ff found for resource ID 0xffffffff.
01-31 17:32:03.289  5165  5192 E gs.intelligence: No package ID ff found for resource ID 0xffffffff.
01-31 17:32:03.289  5165  5192 E gs.intelligence: No package ID ff found for resource ID 0xffffffff.
01-31 17:32:03.289  5165  5192 E gs.intelligence: No package ID ff found for resource ID 0xffffffff.
01-31 17:32:03.289  5165  5192 E gs.intelligence: No package ID ff found for resource ID 0xffffffff.
01-31 17:32:03.289  5165  5192 E gs.intelligence: No package ID ff found for resource ID 0xffffffff.
01-31 17:32:03.289  5165  5192 W IndexDataConverter: Skipping index for null-key item IndexData.Builder {title: null,package: com.google.android.apps.messaging}
01-31 17:32:03.292  5165  5192 E gs.intelligence: No package ID ff found for resource ID 0xffffffff.
01-31 17:32:03.292  5165  5192 E gs.intelligence: No package ID ff found for resource ID 0xffffffff.
01-31 17:32:03.292  5165  5192 E gs.intelligence: No package ID ff found for resource ID 0xffffffff.
01-31 17:32:03.292  5165  5192 E gs.intelligence: No package ID ff found for resource ID 0xffffffff.
01-31 17:32:03.293  5165  5192 E gs.intelligence: No package ID ff found for resource ID 0xffffffff.
01-31 17:32:03.293  5165  5192 E gs.intelligence: No package ID ff found for resource ID 0xffffffff.
01-31 17:32:03.293  5165  5192 E gs.intelligence: No package ID ff found for resource ID 0xffffffff.
01-31 17:32:03.293  5165  5192 W IndexDataConverter: Skipping index for null-key item IndexData.Builder {title: null,package: com.google.android.apps.messaging}
01-31 17:32:03.301  5165  5192 E gs.intelligence: No package ID ff found for resource ID 0xffffffff.
01-31 17:32:03.301  5165  5192 E gs.intelligence: No package ID ff found for resource ID 0xffffffff.
01-31 17:32:03.301  5165  5192 E gs.intelligence: No package ID ff found for resource ID 0xffffffff.
01-31 17:32:03.301  5165  5192 E gs.intelligence: No package ID ff found for resource ID 0xffffffff.
01-31 17:32:03.301  5165  5192 E gs.intelligence: No package ID ff found for resource ID 0xffffffff.
01-31 17:32:03.301  5165  5192 E gs.intelligence: No package ID ff found for resource ID 0xffffffff.
01-31 17:32:03.301  5165  5192 E gs.intelligence: No package ID ff found for resource ID 0xffffffff.
01-31 17:32:03.301  5165  5192 E gs.intelligence: No package ID ff found for resource ID 0xffffffff.
01-31 17:32:03.301  5165  5192 E gs.intelligence: No package ID ff found for resource ID 0xffffffff.
01-31 17:32:03.301  5165  5192 E gs.intelligence: No package ID ff found for resource ID 0xffffffff.
01-31 17:32:03.301  5165  5192 E gs.intelligence: No package ID ff found for resource ID 0xffffffff.
01-31 17:32:03.301  5165  5192 E gs.intelligence: No package ID ff found for resource ID 0xffffffff.
01-31 17:32:03.301  5165  5192 E gs.intelligence: No package ID ff found for resource ID 0xffffffff.
01-31 17:32:03.301  5165  5192 E gs.intelligence: No package ID ff found for resource ID 0xffffffff.
01-31 17:32:03.301  5165  5192 E gs.intelligence: No package ID ff found for resource ID 0xffffffff.
01-31 17:32:03.301  5165  5192 E gs.intelligence: No package ID ff found for resource ID 0xffffffff.
01-31 17:32:03.310  1550  3414 W SettingsSearchIndexablesProvider: SettingsSearchIndexablesProvider.queryNonIndexableKeys():183 Settings search is disabled, unlocked=true, flag=false
01-31 17:32:03.334  5285  5353 D WM-SystemJobScheduler: Scheduling work ID 38050a55-7485-4d9e-ba56-e2a4dc3a753aJob ID 2
01-31 17:32:03.340  5165  5171 W gs.intelligence: Suspending all threads took: 6.362ms
01-31 17:32:03.343  5165  5192 W IndexDataConverter: Cannot build sitemap pair for incomplete names gwj@4eb4c312  Google Account
01-31 17:32:03.343  5165  5192 W IndexDataConverter: Cannot build sitemap pair for incomplete names gwj@2575f428  Digital Wellbeing
01-31 17:32:03.343  5165  5192 W IndexDataConverter: Cannot build sitemap pair for incomplete names gwj@a5d82892  null
01-31 17:32:03.343  5165  5192 W IndexDataConverter: Cannot build sitemap pair for incomplete names gwj@3d4c8308  Gesture Navigation
01-31 17:32:03.343  5165  5192 W IndexDataConverter: Cannot build sitemap pair for incomplete names gwj@feae5dfd null TalkBack
01-31 17:32:03.351  5285  5353 W JobInfo : Requested important-while-foreground flag for job3 is ignored and takes no effect
01-31 17:32:03.373  5165  5171 W gs.intelligence: userfaultfd: MOVE ioctl seems unsupported: Connection timed out
