01-31 17:32:13.525   682   817 D ActivityManager: freezing 3910 com.google.android.apps.messaging
01-31 17:32:13.527   857   863 I artd    : GetBestInfo: vdex next to the dex file (/data/user/0/com.google.android.gms/app_dg_cache/2DB167EF440159FF365B49D8B91441B1CFD017F9/oat/arm64/the.vdex) is kOatUpToDate with filter 'verify' executable 'false'
01-31 17:32:13.528   682   817 D ActivityManager: freezing 1313 com.google.android.cellbroadcastreceiver
01-31 17:32:13.533   857   864 I artd    : GetBestInfo: /data/user_de/0/com.google.android.gms/app_chimera/m/00000007/MeasurementDynamite.apk has no usable artifacts
01-31 17:32:13.540  3791  3791 D BoundBrokerSvc: onUnbind: Intent { act=com.google.android.gms.instantapps.START xflg=0x4 pkg=com.google.android.gms }
01-31 17:32:13.572  3791  3791 D BoundBrokerSvc: onUnbind: Intent { act=com.google.android.gms.trustagent.BridgeApi.START dat=chimera-action:/... xflg=0x4 cmp=com.google.android.gms/.chimera.PersistentInternalApiService }
01-31 17:32:13.592   682   965 D InetDiagMessage: Destroyed 0 sockets, proto=IPPROTO_TCP, family=AF_INET, states=14
01-31 17:32:13.592   682   965 D InetDiagMessage: Destroyed 0 sockets, proto=IPPROTO_TCP, family=AF_INET6, states=14
01-31 17:32:13.592   682   965 D InetDiagMessage: Destroyed live tcp sockets for uids={10214} in 1ms
01-31 17:32:13.623  3791  5119 I PhenotypeResourceReader: unable to find any Phenotype resource metadata for com.google.android.onetimeinitializer
01-31 17:32:13.640   682   682 D SdkSandboxManager: Property sdksandbox_next_activity_allowlist is empty.
01-31 17:32:13.640   682   682 D SdkSandboxManager: Property sdksandbox_next_contentprovider_allowlist is empty.
01-31 17:32:13.640   682   682 D SdkSandboxManager: Property sdksandbox_activity_allowlist_per_targetSdkVersion is empty.
01-31 17:32:13.640   682   682 D SdkSandboxManager: Property contentprovider_allowlist_per_targetSdkVersion is empty.
01-31 17:32:13.640   682   682 D SdkSandboxManager: Property services_allowlist_per_targetSdkVersion is empty.
01-31 17:32:13.645   682   682 D SelinuxAuditLogs: SelinuxAuditLogsService scheduled successfully.
01-31 17:32:13.650   682   811 D ActivityManager: sync unfroze 2470 com.google.android.dialer for 6
01-31 17:32:13.658   682   811 W JobServiceContext: Sending onNetworkChanged for a job that isn't started. JobStatus{7258521 androidx.work.systemjobscheduler:u0a138/31 #TikTokWorker#com.android.dialer.voicemail.service.impl.VvmTaskWorker#@androidx.work.systemjobscheduler@com.google.android.dialer/androidx.work.impl.background.systemjob.SystemJobService u=0 s=10138 TIME=-3s268ms:none NET READY}
01-31 17:32:13.672  2470  2568 D WM-DelayedWorkTracker: Scheduling work 3f6e9aef-575b-410d-b336-05171af691d7
01-31 17:32:13.689  2470  2568 D WM-GreedyScheduler: Starting tracking for 3f6e9aef-575b-410d-b336-05171af691d7
01-31 17:32:13.693   682   729 W ProcessStats: Tracking association SourceState{2affa4b system/1000 ImpBg #7370} whose proc state 6 is better than process ProcessState{eeae8ef com.google.android.dialer/10138 pkg=com.google.android.dialer} proc state 14 (23 skipped)
01-31 17:32:13.693  2470  2470 D WM-SystemJobService: onStartJob for WorkGenerationalId(workSpecId=4567db78-3130-4a75-b1ef-76d6542237a0, generation=0)
01-31 17:32:13.707  2470  2568 D WM-DelayedWorkTracker: Scheduling work 4567db78-3130-4a75-b1ef-76d6542237a0
01-31 17:32:13.707  2470  2568 D WM-GreedyScheduler: Starting tracking for 4567db78-3130-4a75-b1ef-76d6542237a0
01-31 17:32:13.707  2470  2568 D WM-DelayedWorkTracker: Scheduling work 789c2d22-3071-4d0f-9db5-fa3b9f2259c5
01-31 17:32:13.707  2470  2568 D WM-GreedyScheduler: Starting tracking for 789c2d22-3071-4d0f-9db5-fa3b9f2259c5
01-31 17:32:13.727  3791  3867 W GetConfigSnapshotOp: Succeeded but not registered: com.google.android.platform.pixel_faceauth [CONTEXT service_id=51 ]
01-31 17:32:13.733  3791  3858 W PhBaseOp: Phenotype API error. Event: # hlmf@73a02e6d, EventCode: COMMIT_CONFIG [CONTEXT service_id=51 ]
01-31 17:32:13.733  3791  3858 W PhBaseOp: eikq: 29500: Empty (package not registered?) or malformed snapshot token for null: 
01-31 17:32:13.733  3791  3858 W PhBaseOp: 	at eimo.d(:com.google.android.gms@253434035@25.34.34 (260400-800653487):1555)
01-31 17:32:13.733  3791  3858 W PhBaseOp: 	at eimo.b(:com.google.android.gms@253434035@25.34.34 (260400-800653487):43)
01-31 17:32:13.733  3791  3858 W PhBaseOp: 	at eimn.i(:com.google.android.gms@253434035@25.34.34 (260400-800653487):3)
01-31 17:32:13.733  3791  3858 W PhBaseOp: 	at eimj.h(:com.google.android.gms@253434035@25.34.34 (260400-800653487):35)
01-31 17:32:13.733  3791  3858 W PhBaseOp: 	at eimj.f(:com.google.android.gms@253434035@25.34.34 (260400-800653487):17)
01-31 17:32:13.733  3791  3858 W PhBaseOp: 	at cjpe.fA(:com.google.android.gms@253434035@25.34.34 (260400-800653487):1)
01-31 17:32:13.733  3791  3858 W PhBaseOp: 	at cjpi.run(:com.google.android.gms@253434035@25.34.34 (260400-800653487):128)
01-31 17:32:13.733  3791  3858 W PhBaseOp: 	at gdma.run(:com.google.android.gms@253434035@25.34.34 (260400-800653487):21)
01-31 17:32:13.733  3791  3858 W PhBaseOp: 	at bbim.c(:com.google.android.gms@253434035@25.34.34 (260400-800653487):50)
01-31 17:32:13.733  3791  3858 W PhBaseOp: 	at bbim.run(:com.google.android.gms@253434035@25.34.34 (260400-800653487):70)
01-31 17:32:13.733  3791  3858 W PhBaseOp: 	at java.util.concurrent.ThreadPoolExecutor.runWorker(ThreadPoolExecutor.java:1154)
01-31 17:32:13.733  3791  3858 W PhBaseOp: 	at java.util.concurrent.ThreadPoolExecutor$Worker.run(ThreadPoolExecutor.java:652)
01-31 17:32:13.733  3791  3858 W PhBaseOp: 	at bboe.run(:com.google.android.gms@253434035@25.34.34 (260400-800653487):8)
01-31 17:32:13.733  3791  3858 W PhBaseOp: 	at java.lang.Thread.run(Thread.java:1563)
01-31 17:32:13.735  3791  3858 W AsyncOperation: operation=CommitToConfigurationOperationCall, opStatusCode=29500 [CONTEXT service_id=51 ]
01-31 17:32:13.735  3791  3858 W AsyncOperation: OperationException[Status{statusCode=Empty (package not registered?) or malformed snapshot token for null: , resolution=null}]
01-31 17:32:13.735  3791  3858 W AsyncOperation: 	at eimj.h(:com.google.android.gms@253434035@25.34.34 (260400-800653487):65)
01-31 17:32:13.735  3791  3858 W AsyncOperation: 	at eimj.f(:com.google.android.gms@253434035@25.34.34 (260400-800653487):17)
01-31 17:32:13.735  3791  3858 W AsyncOperation: 	at cjpe.fA(:com.google.android.gms@253434035@25.34.34 (260400-800653487):1)
01-31 17:32:13.735  3791  3858 W AsyncOperation: 	at cjpi.run(:com.google.android.gms@253434035@25.34.34 (260400-800653487):128)
01-31 17:32:13.735  3791  3858 W AsyncOperation: 	at gdma.run(:com.google.android.gms@253434035@25.34.34 (260400-800653487):21)
01-31 17:32:13.735  3791  3858 W AsyncOperation: 	at bbim.c(:com.google.android.gms@253434035@25.34.34 (260400-800653487):50)
01-31 17:32:13.735  3791  3858 W AsyncOperation: 	at bbim.run(:com.google.android.gms@253434035@25.34.34 (260400-800653487):70)
01-31 17:32:13.735  3791  3858 W AsyncOperation: 	at java.util.concurrent.ThreadPoolExecutor.runWorker(ThreadPoolExecutor.java:1154)
01-31 17:32:13.735  3791  3858 W AsyncOperation: 	at java.util.concurrent.ThreadPoolExecutor$Worker.run(ThreadPoolExecutor.java:652)
01-31 17:32:13.735  3791  3858 W AsyncOperation: 	at bboe.run(:com.google.android.gms@253434035@25.34.34 (260400-800653487):8)
01-31 17:32:13.735  3791  3858 W AsyncOperation: 	at java.lang.Thread.run(Thread.java:1563)
01-31 17:32:13.739  3791  5540 W PlatformConfigurator: Committing snapshot for pixel_faceauth failed [CONTEXT service_id=204 ]
01-31 17:32:13.739  3791  5540 W PlatformConfigurator: java.util.concurrent.ExecutionException: azqb: 29500: Empty (package not registered?) or malformed snapshot token for null: 
01-31 17:32:13.739  3791  5540 W PlatformConfigurator: 	at evmr.p(:com.google.android.gms@253434035@25.34.34 (260400-800653487):32)
01-31 17:32:13.739  3791  5540 W PlatformConfigurator: 	at evmr.o(:com.google.android.gms@253434035@25.34.34 (260400-800653487):44)
01-31 17:32:13.739  3791  5540 W PlatformConfigurator: 	at eirg.c(:com.google.android.gms@253434035@25.34.34 (260400-800653487):13)
01-31 17:32:13.739  3791  5540 W PlatformConfigurator: 	at eirg.e(:com.google.android.gms@253434035@25.34.34 (260400-800653487):28)
01-31 17:32:13.739  3791  5540 W PlatformConfigurator: 	at com.google.android.gms.platformconfigurator.PhenotypeConfigurationUpdateListener.g(:com.google.android.gms@253434035@25.34.34 (260400-800653487):66)
01-31 17:32:13.739  3791  5540 W PlatformConfigurator: 	at com.google.android.gms.platformconfigurator.PhenotypeConfigurationUpdateListener.onHandleIntent(:com.google.android.gms@253434035@25.34.34 (260400-800653487):582)
01-31 17:32:13.739  3791  5540 W PlatformConfigurator: 	at com.google.android.chimera.IntentOperation.onHandleIntent(:com.google.android.gms@253434035@25.34.34 (260400-800653487):2)
01-31 17:32:13.739  3791  5540 W PlatformConfigurator: 	at awce.onHandleIntent(:com.google.android.gms@253434035@25.34.34 (260400-800653487):8)
01-31 17:32:13.739  3791  5540 W PlatformConfigurator: 	at wzr.run(:com.google.android.gms@253434035@25.34.34 (260400-800653487):64)
01-31 17:32:13.739  3791  5540 W PlatformConfigurator: 	at wzq.run(:com.google.android.gms@253434035@25.34.34 (260400-800653487):132)
01-31 17:32:13.739  3791  5540 W PlatformConfigurator: 	at gdma.run(:com.google.android.gms@253434035@25.34.34 (260400-800653487):21)
01-31 17:32:13.739  3791  5540 W PlatformConfigurator: 	at java.util.concurrent.ThreadPoolExecutor.runWorker(ThreadPoolExecutor.java:1154)
01-31 17:32:13.739  3791  5540 W PlatformConfigurator: 	at java.util.concurrent.ThreadPoolExecutor$Worker.run(ThreadPoolExecutor.java:652)
01-31 17:32:13.739  3791  5540 W PlatformConfigurator: 	at java.lang.Thread.run(Thread.java:1563)
01-31 17:32:13.739  3791  5540 W PlatformConfigurator: Caused by: azqb: 29500: Empty (package not registered?) or malformed snapshot token for null: 
01-31 17:32:13.739  3791  5540 W PlatformConfigurator: 	at bamz.a(:com.google.android.gms@253434035@25.34.34 (260400-800653487):15)
01-31 17:32:13.739  3791  5540 W PlatformConfigurator: 	at azwf.b(:com.google.android.gms@253434035@25.34.34 (260400-800653487):11)
01-31 17:32:13.739  3791  5540 W PlatformConfigurator: 	at azwf.a(:com.google.android.gms@253434035@25.34.34 (260400-800653487):2)
01-31 17:32:13.739  3791  5540 W PlatformConfigurator: 	at eilv.a(:com.google.android.gms@253434035@25.34.34 (260400-800653487):3)
01-31 17:32:13.739  3791  5540 W PlatformConfigurator: 	at eimn.j(:com.google.android.gms@253434035@25.34.34 (260400-800653487):20)
01-31 17:32:13.739  3791  5540 W PlatformConfigurator: 	at cjpe.o(:com.google.android.gms@253434035@25.34.34 (260400-800653487):70)
01-31 17:32:13.739  3791  5540 W PlatformConfigurator: 	at cjpe.fA(:com.google.android.gms@253434035@25.34.34 (260400-800653487):15)
01-31 17:32:13.739  3791  5540 W PlatformConfigurator: 	at cjpi.run(:com.google.android.gms@253434035@25.34.34 (260400-800653487):128)
01-31 17:32:13.739  3791  5540 W PlatformConfigurator: 	at gdma.run(:com.google.android.gms@253434035@25.34.34 (260400-800653487):21)
01-31 17:32:13.739  3791  5540 W PlatformConfigurator: 	at bbim.c(:com.google.android.gms@253434035@25.34.34 (260400-800653487):50)
01-31 17:32:13.739  3791  5540 W PlatformConfigurator: 	at bbim.run(:com.google.android.gms@253434035@25.34.34 (260400-800653487):70)
01-31 17:32:13.739  3791  5540 W PlatformConfigurator: 	at java.util.concurrent.ThreadPoolExecutor.runWorker(ThreadPoolExecutor.java:1154)
01-31 17:32:13.739  3791  5540 W PlatformConfigurator: 	at java.util.concurrent.ThreadPoolExecutor$Worker.run(ThreadPoolExecutor.java:652)
01-31 17:32:13.739  3791  5540 W PlatformConfigurator: 	at bboe.run(:com.google.android.gms@253434035@25.34.34 (260400-800653487):8)
01-31 17:32:13.739  3791  5540 W PlatformConfigurator: 	... 1 more
01-31 17:32:13.741  2470  2567 D WM-Processor: fzi: processing WorkGenerationalId(workSpecId=4567db78-3130-4a75-b1ef-76d6542237a0, generation=0)
01-31 17:32:13.762  2470  2470 D WM-WorkerWrapper: Starting work for com.google.apps.tiktok.contrib.work.TikTokListenableWorker
01-31 17:32:13.789  2470  2580 I DialerSingletonScopedExternalsLogging: com.google.android.dialershared.externals.logging.SingletonScopedExternalsLogging.recordCallMethodInvocation:75 event: TIKTOK_WORK_EXECUTION_MONITOR_ON_WORK_STARTED, function parameters: [4567db78-3130-4a75-b1ef-76d6542237a0,com.android.dialer.voicemail.service.impl.VvmTaskWorker], return value: <empty>
01-31 17:32:13.810  2470  2580 I DialerVvmTaskWorkerDelegate: com.android.dialer.voicemail.service.impl.scheduler.VvmTaskWorker$VvmTaskWorkerDelegate.executeVvmJob:191 Beginning execution of job ID: 0
01-31 17:32:13.811  2470  2580 I DialerSingletonScopedExternalsLogging: com.google.android.dialershared.externals.logging.SingletonScopedExternalsLogging.recordCallMethodInvocation:66 event: VVM_TASK_WORKER_EXECUTE_VVM_JOB, function parameters: [0], return value: <empty> [CONTEXT enable_persistent_logger=true ]
01-31 17:32:13.825  2470  2545 D WM-ConstraintTracker: gcp: initial state = NetworkState(isConnected=true, isValidated=true, isMetered=false, isNotRoaming=true)
01-31 17:32:13.825  2470  2545 D WM-NetworkStateTracker: Registering network callback
01-31 17:32:13.834   190   190 I lowmemorykiller: lmkd data connection established
01-31 17:32:13.838   682   729 D ConnectivityService: requestNetwork for uid/pid:10138/2470 activeRequest: null callbackRequest: 231 [NetworkRequest [ REQUEST id=232, [ Capabilities: INTERNET&NOT_RESTRICTED&TRUSTED&NOT_VCN_MANAGED&NOT_BANDWIDTH_CONSTRAINED Uid: 10138 RequestorUid: 10138 RequestorPkg: com.google.android.dialer UnderlyingNetworks: Null] ]] callback flags: 0 order: 2147483647 isUidTracked: false declaredMethods: AVAIL|LOST|NC
01-31 17:32:13.840  2470  5553 I DialerVvmCarrierIdentifierImpl: com.android.dialer.voicemail.service.impl.carriermapping.VvmCarrierIdentifierImpl.getVvmCarrierNameBlocking:101 Looking up carrier name for phone account handle: 1 [CONTEXT ratelimit_period="1 MINUTES" skipped=11 ]
01-31 17:32:13.841   682   959 D OemPaidWifiNetworkFactory: got request NetworkRequest [ REQUEST id=232, [ Capabilities: INTERNET&NOT_RESTRICTED&TRUSTED&NOT_VCN_MANAGED&NOT_BANDWIDTH_CONSTRAINED Uid: 10138 RequestorUid: 10138 RequestorPkg: com.google.android.dialer UnderlyingNetworks: Null] ]
01-31 17:32:13.842   682   959 D MultiInternetWifiNetworkFactory: got request NetworkRequest [ REQUEST id=232, [ Capabilities: INTERNET&NOT_RESTRICTED&TRUSTED&NOT_VCN_MANAGED&NOT_BANDWIDTH_CONSTRAINED Uid: 10138 RequestorUid: 10138 RequestorPkg: com.google.android.dialer UnderlyingNetworks: Null] ]
01-31 17:32:13.842   682   959 D WifiNetworkFactory: got request NetworkRequest [ REQUEST id=232, [ Capabilities: INTERNET&NOT_RESTRICTED&TRUSTED&NOT_VCN_MANAGED&NOT_BANDWIDTH_CONSTRAINED Uid: 10138 RequestorUid: 10138 RequestorPkg: com.google.android.dialer UnderlyingNetworks: Null] ]
01-31 17:32:13.842   682   959 D UntrustedWifiNetworkFactory: got request NetworkRequest [ REQUEST id=232, [ Capabilities: INTERNET&NOT_RESTRICTED&TRUSTED&NOT_VCN_MANAGED&NOT_BANDWIDTH_CONSTRAINED Uid: 10138 RequestorUid: 10138 RequestorPkg: com.google.android.dialer UnderlyingNetworks: Null] ]
01-31 17:32:13.842   682   965 D ConnectivityService: NetReassign [232 : null  100] [c 0] [a 1] [i 1]
01-31 17:32:13.862  2470  2546 I DialerRestVoicemailEnabledFn: com.android.dialer.voicemail.service.impl.vvmclients.rest.RestVoicemailEnabledFn.isEnabled:67 device is supported, enabling. [CONTEXT ratelimit_period="1 MINUTES" skipped=71 ]
01-31 17:32:13.865   190   190 I lowmemorykiller: Wakeup counter is reset from 413 to 0
01-31 17:32:13.865   190   190 I lowmemorykiller: Using psi monitors for memory pressure detection
01-31 17:32:13.865   190   190 I lowmemorykiller: Properties reinitilized
01-31 17:32:13.866  2470  3767 D WM-NetworkStateTracker: Network capabilities changed: [ Transports: WIFI Capabilities: NOT_METERED&INTERNET&NOT_RESTRICTED&TRUSTED&NOT_VPN&VALIDATED&NOT_ROAMING&FOREGROUND&NOT_CONGESTED&NOT_SUSPENDED&NOT_VCN_MANAGED&NOT_BANDWIDTH_CONSTRAINED LinkUpBandwidth>=12000Kbps LinkDnBandwidth>=30000Kbps TransportInfo: <SSID: <unknown ssid>, BSSID: 02:00:00:00:00:00, MAC: 02:00:00:00:00:00, IP: /10.0.2.16, Security type: 0, Supplicant state: COMPLETED, Wi-Fi standard: legacy, RSSI: -50, Link speed: 1Mbps, Tx Link speed: 1Mbps, Max Supported Tx Link speed: 11Mbps, Rx Link speed: 2Mbps, Max Supported Rx Link speed: 11Mbps, Frequency: 2447MHz, Net ID: -1, Metered hint: false, score: 83, isUsable: true, CarrierMerged: false, SubscriptionId: -1, IsPrimary: -1, Trusted: true, Restricted: false, Ephemeral: false, OEM paid: false, OEM private: false, OSU AP: false, FQDN: <none>, Provider friendly name: <none>, Requesting package name: <none><none>MLO Information: , Is TID-To-Link negotiation supported by the AP: false, AP MLD Address: <none>, AP MLO Link Id: <none>, AP MLO Affiliated links: <none>, Vendor Data: <none>> SignalStrength: -50 UnderlyingNetworks: Null]
01-31 17:32:13.869  5551  5551 I lowmemorykiller: lmkd updated properties successfully
01-31 17:32:13.869   190   190 I lowmemorykiller: lmkd data connection dropped
01-31 17:32:13.869   190   190 I lowmemorykiller: closing lmkd data connection
01-31 17:32:13.916  2470  2567 D WM-GreedyScheduler: Constraints met: Scheduling work ID WorkGenerationalId(workSpecId=3f6e9aef-575b-410d-b336-05171af691d7, generation=0)
01-31 17:32:13.916  2470  2567 D WM-GreedyScheduler: Constraints met: Scheduling work ID WorkGenerationalId(workSpecId=4567db78-3130-4a75-b1ef-76d6542237a0, generation=0)
01-31 17:32:13.916  2470  2567 D WM-GreedyScheduler: Constraints met: Scheduling work ID WorkGenerationalId(workSpecId=789c2d22-3071-4d0f-9db5-fa3b9f2259c5, generation=0)
01-31 17:32:14.001   682   682 I AutofillManagerService: Ignoring change on package_deny_list_for_unimportant_view
01-31 17:32:14.027  2470  2567 D WM-Processor: fzi: processing WorkGenerationalId(workSpecId=3f6e9aef-575b-410d-b336-05171af691d7, generation=0)
01-31 17:32:14.035   682   682 I AutofillManagerService: Ignoring change on trigger_fill_request_on_filtered_important_views
01-31 17:32:14.035   682   682 I AutofillManagerService: Ignoring change on package_and_activity_allowlist_for_triggering_fill_request
01-31 17:32:14.035   682   682 I AutofillManagerService: Ignoring change on multiline_filter_enabled
01-31 17:32:14.035   682   682 I AutofillManagerService: Ignoring change on augmented_autofill_mode
01-31 17:32:14.035   682   682 I AutofillManagerService: Ignoring change on include_all_views_in_assist_structure
01-31 17:32:14.035   682   682 I AutofillManagerService: Ignoring change on should_enable_autofill_on_all_view_types
01-31 17:32:14.035   682   682 I AutofillManagerService: Ignoring change on autofill_save_dialog_landscape_body_height_max_percent
01-31 17:32:14.035   682   682 I AutofillManagerService: Ignoring change on non_autofillable_ime_action_ids
01-31 17:32:14.035   682   682 I AutofillManagerService: Ignoring change on autofill_save_dialog_portrait_body_height_max_percent
01-31 17:32:14.035   682   682 I AutofillManagerService: Ignoring change on include_all_autofill_type_not_none_views_in_assist_structure
01-31 17:32:14.035   682   682 I AutofillManagerService: Ignoring change on trigger_fill_request_on_unimportant_view
01-31 17:32:14.044   682   682 W RemoteAugmentedAutofillService: mayInterruptIfRunning not supported - ignoring
01-31 17:32:14.066  2470  2567 D WM-Processor: Work WorkGenerationalId(workSpecId=4567db78-3130-4a75-b1ef-76d6542237a0, generation=0) is already enqueued for processing
01-31 17:32:14.066  2470  2567 D WM-Processor: fzi: processing WorkGenerationalId(workSpecId=789c2d22-3071-4d0f-9db5-fa3b9f2259c5, generation=0)
01-31 17:32:14.071  2470  2546 I DialerVvmExecutorImpl: com.android.dialer.voicemail.service.impl.scheduler.VvmExecutorImpl.execute:250 Beginning VVM action: UPDATE_STATUS with retryCount: 3 for ComponentInfo{com.android.phone/com.android.services.telephony.TelephonyConnectionService}, 1, UserHandle{0} [CONTEXT enable_persistent_logger=true ]
01-31 17:32:14.091  2470  2493 I .android.dialer: Waiting for a blocking GC ProfileSaver
01-31 17:32:14.121  2470  2470 D WM-WorkerWrapper: Starting work for com.google.apps.tiktok.contrib.work.TikTokListenableWorker
01-31 17:32:14.177  2470  2546 I DialerSingletonScopedExternalsLogging: com.google.android.dialershared.externals.logging.SingletonScopedExternalsLogging.recordCallMethodInvocation:75 event: TIKTOK_WORK_EXECUTION_MONITOR_ON_WORK_STARTED, function parameters: [3f6e9aef-575b-410d-b336-05171af691d7,com.android.dialer.voicemail.service.impl.VvmTaskWorker], return value: <empty>
01-31 17:32:14.177  2470  2546 I DialerVvmTaskWorkerDelegate: com.android.dialer.voicemail.service.impl.scheduler.VvmTaskWorker$VvmTaskWorkerDelegate.executeVvmJob:191 Beginning execution of job ID: 2
01-31 17:32:14.177  2470  2546 I DialerSingletonScopedExternalsLogging: com.google.android.dialershared.externals.logging.SingletonScopedExternalsLogging.recordCallMethodInvocation:66 event: VVM_TASK_WORKER_EXECUTE_VVM_JOB, function parameters: [2], return value: <empty> [CONTEXT enable_persistent_logger=true ]
01-31 17:32:14.185  2470  2493 I .android.dialer: WaitForGcToComplete blocked ProfileSaver on Background for 94.235ms
01-31 17:32:14.196  2470  2580 E DialerRestVvmCarrierService: com.android.dialer.voicemail.service.impl.vvmclients.rest.RestVvmCarrierService.getMsisdn:420 Retrieved phone number in an unexpected format: +15551234567 [CONTEXT disable_client_error_logging=true ]
01-31 17:32:14.196  2470  2580 E DialerRestVvmCarrierService: adis: MEDIUM
01-31 17:32:14.196  2470  2580 E DialerRestVvmCarrierService: 	at a.dC(PG:15)
01-31 17:32:14.196  2470  2580 E DialerRestVvmCarrierService: 	at smu.apply(PG:1019)
01-31 17:32:14.196  2470  2580 E DialerRestVvmCarrierService: 	at acnt.apply(PG:13)
01-31 17:32:14.196  2470  2580 E DialerRestVvmCarrierService: 	at advm.d(PG:3)
01-31 17:32:14.196  2470  2580 E DialerRestVvmCarrierService: 	at advn.run(PG:38)
01-31 17:32:14.196  2470  2580 E DialerRestVvmCarrierService: 	at xlk.run(PG:7)
01-31 17:32:14.196  2470  2580 E DialerRestVvmCarrierService: 	at adoy.run(PG:44)
01-31 17:32:14.196  2470  2580 E DialerRestVvmCarrierService: 	at wvj.run(PG:254)
01-31 17:32:14.196  2470  2580 E DialerRestVvmCarrierService: 	at tif.run(PG:267)
01-31 17:32:14.196  2470  2580 E DialerRestVvmCarrierService: 	at java.lang.Thread.run(Thread.java:1563)
01-31 17:32:14.196  2470  2580 E DialerRestVvmCarrierService: 	at xmm.run(PG:61)
01-31 17:32:14.203  2470  2580 I DialerLogcatLoggingBindings: com.android.dialer.logging.logcat.LogcatLoggingBindings.logImpression:54 Impression: ANDROID_API_UNEXPECTED_PHONE_NUMBER_FORMAT
01-31 17:32:14.204  2470  2580 I DialerStatusCheck: com.android.dialer.voicemail.service.impl.vvmclients.rest.StatusCheck.updateStatus:55 updateStatus
01-31 17:32:14.221  1910  1910 D BoundBrokerSvc: onUnbind: Intent { act=com.google.android.gms.chimera.container.moduleinstall.ModuleInstallService.START dat=chimera-action:/... xflg=0x4 cmp=com.google.android.gms/.chimera.GmsApiService }
01-31 17:32:14.223  2470  2580 I DialerSingletonScopedExternalsLogging: com.google.android.dialershared.externals.logging.SingletonScopedExternalsLogging.recordCallMethodInvocation:75 event: TELEPHONY_BOOTSTRAP_AUTHENTICATION_REQUEST, function parameters: [], return value: Default
01-31 17:32:14.223  2470  2580 W DialerGbaCredentialProvider: com.android.dialer.voicemail.service.impl.vvmclients.rest.GbaCredentialProvider$1.onAuthenticationFailure:93 GBA failed with reason: 1 [CONTEXT disable_client_error_logging=true ]
01-31 17:32:14.224  2470  2580 W DialerVvmExecutorImpl: com.android.dialer.voicemail.service.impl.scheduler.VvmExecutorImpl.executeWorkOnCarrierService:459 Could not complete vvm work with action: UPDATE_STATUS. Error: [GeneralFailureReason: UNSPECIFIED, RestFailureReason: GBA_AUTHENTICATION_FAILURE_FEATURE_NOT_SUPPORTED, OmtpFailureReason: OMTP_UNSPECIFIED] for ComponentInfo{com.android.phone/com.android.services.telephony.TelephonyConnectionService}, 1, UserHandle{0} [CONTEXT disable_client_error_logging=true enable_persistent_logger=true ]
01-31 17:32:14.224  2470  2580 I DialerVvmExecutorImpl: com.android.dialer.voicemail.service.impl.scheduler.VvmExecutorImpl.executeWork:225 VvmResult is: # sev@1db0ddb for ComponentInfo{com.android.phone/com.android.services.telephony.TelephonyConnectionService}, 1, UserHandle{0}
01-31 17:32:14.242  2470  2580 I DialerLoggingConsentCheckerImpl: com.google.android.dialershared.logging.consent.impl.LoggingConsentCheckerImpl.getConsent:72 timer stop with success, timer present: false
01-31 17:32:14.261  2470  2580 I DialerLoggingConsentCheckerImpl: com.google.android.dialershared.logging.consent.impl.LoggingConsentCheckerImpl.getConsent:72 timer stop with success, timer present: false
01-31 17:32:14.286  2470  2580 I DialerVvmExecutorImpl: com.android.dialer.voicemail.service.impl.scheduler.VvmExecutorImpl.execute:250 Beginning VVM action: SYNC with retryCount: 2 for ComponentInfo{com.android.phone/com.android.services.telephony.TelephonyConnectionService}, 1, UserHandle{0} [CONTEXT enable_persistent_logger=true ]
01-31 17:32:14.288  2470  2470 D WM-WorkerWrapper: Starting work for com.google.apps.tiktok.contrib.work.TikTokListenableWorker
01-31 17:32:14.291  2470  2580 I DialerSingletonScopedExternalsLogging: com.google.android.dialershared.externals.logging.SingletonScopedExternalsLogging.recordCallMethodInvocation:75 event: TIKTOK_WORK_EXECUTION_MONITOR_ON_WORK_STARTED, function parameters: [789c2d22-3071-4d0f-9db5-fa3b9f2259c5,com.android.dialer.voicemail.service.impl.VvmTaskWorker], return value: <empty>
01-31 17:32:14.291  2470  2580 I DialerVvmTaskWorkerDelegate: com.android.dialer.voicemail.service.impl.scheduler.VvmTaskWorker$VvmTaskWorkerDelegate.executeVvmJob:191 Beginning execution of job ID: 1
01-31 17:32:14.291  2470  2580 I DialerSingletonScopedExternalsLogging: com.google.android.dialershared.externals.logging.SingletonScopedExternalsLogging.recordCallMethodInvocation:66 event: VVM_TASK_WORKER_EXECUTE_VVM_JOB, function parameters: [1], return value: <empty> [CONTEXT enable_persistent_logger=true ]
01-31 17:32:14.343  2470  2580 I DialerSingletonScopedExternalsLogging: com.google.android.dialershared.externals.logging.SingletonScopedExternalsLogging.recordCallMethodInvocation:75 event: TIKTOK_WORK_EXECUTION_MONITOR_ON_WORK_FINISHED, function parameters: [4567db78-3130-4a75-b1ef-76d6542237a0,com.android.dialer.voicemail.service.impl.VvmTaskWorker], return value: Failure
01-31 17:32:14.344  2470  2537 I WM-WorkerWrapper: Worker result FAILURE for Work [ id=4567db78-3130-4a75-b1ef-76d6542237a0, tags={ com.google.apps.tiktok.contrib.work.TikTokListenableWorker,1,UPDATE_STATUS,TikTokWorker#com.android.dialer.voicemail.service.impl.VvmTaskWorker } ]
01-31 17:32:14.356   682   817 D ActivityManager: freezing 4080 com.google.android.healthconnect.controller
01-31 17:32:14.357   682   965 D InetDiagMessage: Destroyed 0 sockets, proto=IPPROTO_TCP, family=AF_INET, states=14
01-31 17:32:14.357   682   965 D InetDiagMessage: Destroyed 0 sockets, proto=IPPROTO_TCP, family=AF_INET6, states=14
01-31 17:32:14.357   682   965 D InetDiagMessage: Destroyed live tcp sockets for uids={10208} in 0ms
01-31 17:32:14.361  2470  2470 D WM-Processor: fzi 4567db78-3130-4a75-b1ef-76d6542237a0 executed; reschedule = false
01-31 17:32:14.361  2470  2470 D WM-GreedyScheduler: Stopping tracking for WorkGenerationalId(workSpecId=4567db78-3130-4a75-b1ef-76d6542237a0, generation=0)
01-31 17:32:14.361  2470  2470 D WM-SystemJobService: 4567db78-3130-4a75-b1ef-76d6542237a0 executed on JobScheduler
01-31 17:32:14.374  2470  2521 D WM-GreedyScheduler: Cancelling work ID 4567db78-3130-4a75-b1ef-76d6542237a0
01-31 17:32:14.377  2470  2521 D WM-GreedyScheduler: Ignoring {WorkSpec: 8fc628e7-f67c-4e52-9d6a-c042a6fa6599}. Requires device idle.
01-31 17:32:14.377  2470  2521 D WM-GreedyScheduler: Ignoring {WorkSpec: 8aadc204-8d04-4c63-8e12-60e1bce331bf}. Requires device idle.
01-31 17:32:14.377  2470  2521 D WM-GreedyScheduler: Ignoring {WorkSpec: 1b018942-ef4e-48ee-94a0-1fa2806f2f4b}. Requires device idle.
01-31 17:32:14.377  2470  2521 D WM-GreedyScheduler: Ignoring {WorkSpec: 41bc21fb-e755-4c08-8c3d-e815484a6069}. Requires device idle.
01-31 17:32:14.377  2470  2521 D WM-GreedyScheduler: Ignoring {WorkSpec: 07e2a020-c480-4145-92ff-06cb0505a6aa}. Requires device idle.
01-31 17:32:14.377  2470  2521 D WM-GreedyScheduler: Ignoring {WorkSpec: 2a5a207d-a34e-42b8-b2d3-00dd423da285}. Requires device idle.
01-31 17:32:14.377  2470  2580 I DialerLoggingConsentCheckerImpl: com.google.android.dialershared.logging.consent.impl.LoggingConsentCheckerImpl.getConsent:72 timer stop with success, timer present: false
01-31 17:32:14.389  2470  2580 E DialerRestVvmCarrierService: com.android.dialer.voicemail.service.impl.vvmclients.rest.RestVvmCarrierService.getMsisdn:420 Retrieved phone number in an unexpected format: +15551234567 [CONTEXT disable_client_error_logging=true ]
01-31 17:32:14.389  2470  2580 E DialerRestVvmCarrierService: adis: MEDIUM
01-31 17:32:14.389  2470  2580 E DialerRestVvmCarrierService: 	at a.dC(PG:15)
01-31 17:32:14.389  2470  2580 E DialerRestVvmCarrierService: 	at smu.apply(PG:1019)
01-31 17:32:14.389  2470  2580 E DialerRestVvmCarrierService: 	at acnt.apply(PG:13)
01-31 17:32:14.389  2470  2580 E DialerRestVvmCarrierService: 	at advm.d(PG:3)
01-31 17:32:14.389  2470  2580 E DialerRestVvmCarrierService: 	at advn.run(PG:38)
01-31 17:32:14.389  2470  2580 E DialerRestVvmCarrierService: 	at xlk.run(PG:7)
01-31 17:32:14.389  2470  2580 E DialerRestVvmCarrierService: 	at adoy.run(PG:44)
01-31 17:32:14.389  2470  2580 E DialerRestVvmCarrierService: 	at wvj.run(PG:254)
01-31 17:32:14.389  2470  2580 E DialerRestVvmCarrierService: 	at tif.run(PG:267)
01-31 17:32:14.389  2470  2580 E DialerRestVvmCarrierService: 	at java.lang.Thread.run(Thread.java:1563)
01-31 17:32:14.389  2470  2580 E DialerRestVvmCarrierService: 	at xmm.run(PG:61)
01-31 17:32:14.390  2470  2580 I DialerLogcatLoggingBindings: com.android.dialer.logging.logcat.LogcatLoggingBindings.logImpression:54 Impression: ANDROID_API_UNEXPECTED_PHONE_NUMBER_FORMAT
01-31 17:32:14.392  2470  2546 I DialerLogcatLoggingBindings: com.android.dialer.logging.logcat.LogcatLoggingBindings.logImpression:47 Impression: VVM_SYNC_STARTED
01-31 17:32:14.392  2470  2580 W DialerGbaCredentialProvider: com.android.dialer.voicemail.service.impl.vvmclients.rest.GbaCredentialProvider$1.onAuthenticationFailure:93 GBA failed with reason: 1 [CONTEXT disable_client_error_logging=true ]
01-31 17:32:14.392  2470  2546 I DialerSingletonScopedExternalsLogging: com.google.android.dialershared.externals.logging.SingletonScopedExternalsLogging.recordCallMethodInvocation:75 event: TELEPHONY_BOOTSTRAP_AUTHENTICATION_REQUEST, function parameters: [], return value: Default
01-31 17:32:14.393  2470  2580 W DialerVvmExecutorImpl: com.android.dialer.voicemail.service.impl.scheduler.VvmExecutorImpl.executeWorkOnCarrierService:459 Could not complete vvm work with action: SYNC. Error: [GeneralFailureReason: UNSPECIFIED, RestFailureReason: GBA_AUTHENTICATION_FAILURE_FEATURE_NOT_SUPPORTED, OmtpFailureReason: OMTP_UNSPECIFIED] for ComponentInfo{com.android.phone/com.android.services.telephony.TelephonyConnectionService}, 1, UserHandle{0} [CONTEXT disable_client_error_logging=true enable_persistent_logger=true ]
01-31 17:32:14.393  2470  2580 I DialerVvmExecutorImpl: com.android.dialer.voicemail.service.impl.scheduler.VvmExecutorImpl.executeWork:225 VvmResult is: # sev@1db0ddb for ComponentInfo{com.android.phone/com.android.services.telephony.TelephonyConnectionService}, 1, UserHandle{0}
01-31 17:32:14.426  2470  2546 I DialerLoggingConsentCheckerImpl: com.google.android.dialershared.logging.consent.impl.LoggingConsentCheckerImpl.getConsent:72 timer stop with success, timer present: false
01-31 17:32:14.467  2470  2546 I DialerSingletonScopedExternalsLogging: com.google.android.dialershared.externals.logging.SingletonScopedExternalsLogging.recordCallMethodInvocation:75 event: TIKTOK_WORK_EXECUTION_MONITOR_ON_WORK_FINISHED, function parameters: [3f6e9aef-575b-410d-b336-05171af691d7,com.android.dialer.voicemail.service.impl.VvmTaskWorker], return value: Retry
01-31 17:32:14.468  2470  2546 I DialerLoggingConsentCheckerImpl: com.google.android.dialershared.logging.consent.impl.LoggingConsentCheckerImpl.getConsent:72 timer stop with success, timer present: false
01-31 17:32:14.471  3791  3867 W GetConfigSnapshotOp: Succeeded but not registered: com.google.android.platform.com_android_sdkext [CONTEXT service_id=51 ]
01-31 17:32:14.474  3791  3858 W PhBaseOp: Phenotype API error. Event: # hlmf@73a02e6d, EventCode: COMMIT_CONFIG [CONTEXT service_id=51 ]
01-31 17:32:14.474  3791  3858 W PhBaseOp: eikq: 29500: Empty (package not registered?) or malformed snapshot token for null: 
01-31 17:32:14.474  3791  3858 W PhBaseOp: 	at eimo.d(:com.google.android.gms@253434035@25.34.34 (260400-800653487):1555)
01-31 17:32:14.474  3791  3858 W PhBaseOp: 	at eimo.b(:com.google.android.gms@253434035@25.34.34 (260400-800653487):43)
01-31 17:32:14.474  3791  3858 W PhBaseOp: 	at eimn.i(:com.google.android.gms@253434035@25.34.34 (260400-800653487):3)
01-31 17:32:14.474  3791  3858 W PhBaseOp: 	at eimj.h(:com.google.android.gms@253434035@25.34.34 (260400-800653487):35)
01-31 17:32:14.474  3791  3858 W PhBaseOp: 	at eimj.f(:com.google.android.gms@253434035@25.34.34 (260400-800653487):17)
01-31 17:32:14.474  3791  3858 W PhBaseOp: 	at cjpe.fA(:com.google.android.gms@253434035@25.34.34 (260400-800653487):1)
01-31 17:32:14.474  3791  3858 W PhBaseOp: 	at cjpi.run(:com.google.android.gms@253434035@25.34.34 (260400-800653487):128)
01-31 17:32:14.474  3791  3858 W PhBaseOp: 	at gdma.run(:com.google.android.gms@253434035@25.34.34 (260400-800653487):21)
01-31 17:32:14.474  3791  3858 W PhBaseOp: 	at bbim.c(:com.google.android.gms@253434035@25.34.34 (260400-800653487):50)
01-31 17:32:14.474  3791  3858 W PhBaseOp: 	at bbim.run(:com.google.android.gms@253434035@25.34.34 (260400-800653487):70)
01-31 17:32:14.474  3791  3858 W PhBaseOp: 	at java.util.concurrent.ThreadPoolExecutor.runWorker(ThreadPoolExecutor.java:1154)
01-31 17:32:14.474  3791  3858 W PhBaseOp: 	at java.util.concurrent.ThreadPoolExecutor$Worker.run(ThreadPoolExecutor.java:652)
01-31 17:32:14.474  3791  3858 W PhBaseOp: 	at bboe.run(:com.google.android.gms@253434035@25.34.34 (260400-800653487):8)
01-31 17:32:14.474  3791  3858 W PhBaseOp: 	at java.lang.Thread.run(Thread.java:1563)
01-31 17:32:14.475  2470  2546 I DialerVvmExecutorImpl: com.android.dialer.voicemail.service.impl.scheduler.VvmExecutorImpl.execute:250 Beginning VVM action: ACTIVATE with retryCount: 3 for ComponentInfo{com.android.phone/com.android.services.telephony.TelephonyConnectionService}, 1, UserHandle{0} [CONTEXT enable_persistent_logger=true ]
01-31 17:32:14.482  3791  3858 W AsyncOperation: operation=CommitToConfigurationOperationCall, opStatusCode=29500 [CONTEXT service_id=51 ]
01-31 17:32:14.482  3791  3858 W AsyncOperation: OperationException[Status{statusCode=Empty (package not registered?) or malformed snapshot token for null: , resolution=null}]
01-31 17:32:14.482  3791  3858 W AsyncOperation: 	at eimj.h(:com.google.android.gms@253434035@25.34.34 (260400-800653487):65)
01-31 17:32:14.482  3791  3858 W AsyncOperation: 	at eimj.f(:com.google.android.gms@253434035@25.34.34 (260400-800653487):17)
01-31 17:32:14.482  3791  3858 W AsyncOperation: 	at cjpe.fA(:com.google.android.gms@253434035@25.34.34 (260400-800653487):1)
01-31 17:32:14.482  3791  3858 W AsyncOperation: 	at cjpi.run(:com.google.android.gms@253434035@25.34.34 (260400-800653487):128)
01-31 17:32:14.482  3791  3858 W AsyncOperation: 	at gdma.run(:com.google.android.gms@253434035@25.34.34 (260400-800653487):21)
01-31 17:32:14.482  3791  3858 W AsyncOperation: 	at bbim.c(:com.google.android.gms@253434035@25.34.34 (260400-800653487):50)
01-31 17:32:14.482  3791  3858 W AsyncOperation: 	at bbim.run(:com.google.android.gms@253434035@25.34.34 (260400-800653487):70)
01-31 17:32:14.482  3791  3858 W AsyncOperation: 	at java.util.concurrent.ThreadPoolExecutor.runWorker(ThreadPoolExecutor.java:1154)
01-31 17:32:14.482  3791  3858 W AsyncOperation: 	at java.util.concurrent.ThreadPoolExecutor$Worker.run(ThreadPoolExecutor.java:652)
01-31 17:32:14.482  3791  3858 W AsyncOperation: 	at bboe.run(:com.google.android.gms@253434035@25.34.34 (260400-800653487):8)
01-31 17:32:14.482  3791  3858 W AsyncOperation: 	at java.lang.Thread.run(Thread.java:1563)
01-31 17:32:14.482  2470  2580 I DialerLoggingConsentCheckerImpl: com.google.android.dialershared.logging.consent.impl.LoggingConsentCheckerImpl.getConsent:72 timer stop with success, timer present: false
01-31 17:32:14.482  2470  2580 I DialerLoggingConsentCheckerImpl: com.google.android.dialershared.logging.consent.impl.LoggingConsentCheckerImpl.getConsent:72 timer stop with success, timer present: false
01-31 17:32:14.483  3791  5540 W PlatformConfigurator: Committing snapshot for com_android_sdkext failed [CONTEXT service_id=204 ]
01-31 17:32:14.483  3791  5540 W PlatformConfigurator: java.util.concurrent.ExecutionException: azqb: 29500: Empty (package not registered?) or malformed snapshot token for null: 
01-31 17:32:14.483  3791  5540 W PlatformConfigurator: 	at evmr.p(:com.google.android.gms@253434035@25.34.34 (260400-800653487):32)
01-31 17:32:14.483  3791  5540 W PlatformConfigurator: 	at evmr.o(:com.google.android.gms@253434035@25.34.34 (260400-800653487):44)
01-31 17:32:14.483  3791  5540 W PlatformConfigurator: 	at eirg.c(:com.google.android.gms@253434035@25.34.34 (260400-800653487):13)
01-31 17:32:14.483  3791  5540 W PlatformConfigurator: 	at eirg.e(:com.google.android.gms@253434035@25.34.34 (260400-800653487):28)
01-31 17:32:14.483  3791  5540 W PlatformConfigurator: 	at com.google.android.gms.platformconfigurator.PhenotypeConfigurationUpdateListener.g(:com.google.android.gms@253434035@25.34.34 (260400-800653487):66)
01-31 17:32:14.483  3791  5540 W PlatformConfigurator: 	at com.google.android.gms.platformconfigurator.PhenotypeConfigurationUpdateListener.onHandleIntent(:com.google.android.gms@253434035@25.34.34 (260400-800653487):582)
01-31 17:32:14.483  3791  5540 W PlatformConfigurator: 	at com.google.android.chimera.IntentOperation.onHandleIntent(:com.google.android.gms@253434035@25.34.34 (260400-800653487):2)
01-31 17:32:14.483  3791  5540 W PlatformConfigurator: 	at awce.onHandleIntent(:com.google.android.gms@253434035@25.34.34 (260400-800653487):8)
01-31 17:32:14.483  3791  5540 W PlatformConfigurator: 	at wzr.run(:com.google.android.gms@253434035@25.34.34 (260400-800653487):64)
01-31 17:32:14.483  3791  5540 W PlatformConfigurator: 	at wzq.run(:com.google.android.gms@253434035@25.34.34 (260400-800653487):132)
01-31 17:32:14.483  3791  5540 W PlatformConfigurator: 	at gdma.run(:com.google.android.gms@253434035@25.34.34 (260400-800653487):21)
01-31 17:32:14.483  3791  5540 W PlatformConfigurator: 	at java.util.concurrent.ThreadPoolExecutor.runWorker(ThreadPoolExecutor.java:1154)
01-31 17:32:14.483  3791  5540 W PlatformConfigurator: 	at java.util.concurrent.ThreadPoolExecutor$Worker.run(ThreadPoolExecutor.java:652)
01-31 17:32:14.483  3791  5540 W PlatformConfigurator: 	at java.lang.Thread.run(Thread.java:1563)
01-31 17:32:14.483  3791  5540 W PlatformConfigurator: Caused by: azqb: 29500: Empty (package not registered?) or malformed snapshot token for null: 
01-31 17:32:14.483  3791  5540 W PlatformConfigurator: 	at bamz.a(:com.google.android.gms@253434035@25.34.34 (260400-800653487):15)
01-31 17:32:14.483  3791  5540 W PlatformConfigurator: 	at azwf.b(:com.google.android.gms@253434035@25.34.34 (260400-800653487):11)
01-31 17:32:14.483  3791  5540 W PlatformConfigurator: 	at azwf.a(:com.google.android.gms@253434035@25.34.34 (260400-800653487):2)
01-31 17:32:14.483  3791  5540 W PlatformConfigurator: 	at eilv.a(:com.google.android.gms@253434035@25.34.34 (260400-800653487):3)
01-31 17:32:14.483  3791  5540 W PlatformConfigurator: 	at eimn.j(:com.google.android.gms@253434035@25.34.34 (260400-800653487):20)
01-31 17:32:14.483  3791  5540 W PlatformConfigurator: 	at cjpe.o(:com.google.android.gms@253434035@25.34.34 (260400-800653487):70)
01-31 17:32:14.483  3791  5540 W PlatformConfigurator: 	at cjpe.fA(:com.google.android.gms@253434035@25.34.34 (260400-800653487):15)
01-31 17:32:14.483  3791  5540 W PlatformConfigurator: 	at cjpi.run(:com.google.android.gms@253434035@25.34.34 (260400-800653487):128)
01-31 17:32:14.483  3791  5540 W PlatformConfigurator: 	at gdma.run(:com.google.android.gms@253434035@25.34.34 (260400-800653487):21)
01-31 17:32:14.483  3791  5540 W PlatformConfigurator: 	at bbim.c(:com.google.android.gms@253434035@25.34.34 (260400-800653487):50)
01-31 17:32:14.483  3791  5540 W PlatformConfigurator: 	at bbim.run(:com.google.android.gms@253434035@25.34.34 (260400-800653487):70)
01-31 17:32:14.483  3791  5540 W PlatformConfigurator: 	at java.util.concurrent.ThreadPoolExecutor.runWorker(ThreadPoolExecutor.java:1154)
01-31 17:32:14.483  3791  5540 W PlatformConfigurator: 	at java.util.concurrent.ThreadPoolExecutor$Worker.run(ThreadPoolExecutor.java:652)
01-31 17:32:14.483  3791  5540 W PlatformConfigurator: 	at bboe.run(:com.google.android.gms@253434035@25.34.34 (260400-800653487):8)
01-31 17:32:14.483  3791  5540 W PlatformConfigurator: 	... 1 more
01-31 17:32:14.485  2470  2521 I WM-WorkerWrapper: Worker result RETRY for Work [ id=3f6e9aef-575b-410d-b336-05171af691d7, tags={ com.google.apps.tiktok.contrib.work.TikTokListenableWorker,1,SYNC,TikTokWorker#com.android.dialer.voicemail.service.impl.VvmTaskWorker } ]
01-31 17:32:14.491  2470  2580 E DialerRestVvmCarrierService: com.android.dialer.voicemail.service.impl.vvmclients.rest.RestVvmCarrierService.getMsisdn:420 Retrieved phone number in an unexpected format: +15551234567 [CONTEXT disable_client_error_logging=true ]
01-31 17:32:14.491  2470  2580 E DialerRestVvmCarrierService: adis: MEDIUM
01-31 17:32:14.491  2470  2580 E DialerRestVvmCarrierService: 	at a.dC(PG:15)
01-31 17:32:14.491  2470  2580 E DialerRestVvmCarrierService: 	at smu.apply(PG:1019)
01-31 17:32:14.491  2470  2580 E DialerRestVvmCarrierService: 	at acnt.apply(PG:13)
01-31 17:32:14.491  2470  2580 E DialerRestVvmCarrierService: 	at advm.d(PG:3)
01-31 17:32:14.491  2470  2580 E DialerRestVvmCarrierService: 	at advn.run(PG:38)
01-31 17:32:14.491  2470  2580 E DialerRestVvmCarrierService: 	at xlk.run(PG:7)
01-31 17:32:14.491  2470  2580 E DialerRestVvmCarrierService: 	at adoy.run(PG:44)
01-31 17:32:14.491  2470  2580 E DialerRestVvmCarrierService: 	at wvj.run(PG:254)
01-31 17:32:14.491  2470  2580 E DialerRestVvmCarrierService: 	at tif.run(PG:267)
01-31 17:32:14.491  2470  2580 E DialerRestVvmCarrierService: 	at java.lang.Thread.run(Thread.java:1563)
01-31 17:32:14.491  2470  2580 E DialerRestVvmCarrierService: 	at xmm.run(PG:61)
01-31 17:32:14.491  2470  2580 I DialerLogcatLoggingBindings: com.android.dialer.logging.logcat.LogcatLoggingBindings.logImpression:54 Impression: ANDROID_API_UNEXPECTED_PHONE_NUMBER_FORMAT
01-31 17:32:14.491  2470  2580 I DialerVvmActivation: com.android.dialer.voicemail.service.impl.vvmclients.rest.VvmActivation.activate:73 activate
01-31 17:32:14.492  2470  2580 I DialerSingletonScopedExternalsLogging: com.google.android.dialershared.externals.logging.SingletonScopedExternalsLogging.recordCallMethodInvocation:75 event: TELEPHONY_BOOTSTRAP_AUTHENTICATION_REQUEST, function parameters: [], return value: Default
01-31 17:32:14.493  2470  2580 W DialerGbaCredentialProvider: com.android.dialer.voicemail.service.impl.vvmclients.rest.GbaCredentialProvider$1.onAuthenticationFailure:93 GBA failed with reason: 1 [CONTEXT disable_client_error_logging=true ]
01-31 17:32:14.493  2470  2580 I DialerVoicemailStatusDataServiceImpl: com.android.dialer.voicemailstatus.dataservice.impl.VoicemailStatusDataServiceImpl.insertOrUpdateVoicemailStatus:247 enter
01-31 17:32:14.504  2470  2470 D WM-Processor: fzi 3f6e9aef-575b-410d-b336-05171af691d7 executed; reschedule = true
01-31 17:32:14.504  2470  2470 D WM-GreedyScheduler: Stopping tracking for WorkGenerationalId(workSpecId=3f6e9aef-575b-410d-b336-05171af691d7, generation=0)
01-31 17:32:14.509  2470  2567 D WM-GreedyScheduler: Cancelling work ID 3f6e9aef-575b-410d-b336-05171af691d7
01-31 17:32:14.511  2470  2580 I DialerLoggingConsentCheckerImpl: com.google.android.dialershared.logging.consent.impl.LoggingConsentCheckerImpl.getConsent:72 timer stop with success, timer present: false
01-31 17:32:14.522  2470  2567 D WM-SystemJobScheduler: Scheduling work ID 3f6e9aef-575b-410d-b336-05171af691d7Job ID 32
01-31 17:32:14.557  2470  2567 D WM-GreedyScheduler: Ignoring {WorkSpec: 8fc628e7-f67c-4e52-9d6a-c042a6fa6599}. Requires device idle.
01-31 17:32:14.557  2470  2567 D WM-GreedyScheduler: Ignoring {WorkSpec: 8aadc204-8d04-4c63-8e12-60e1bce331bf}. Requires device idle.
01-31 17:32:14.557  2470  2567 D WM-GreedyScheduler: Ignoring {WorkSpec: 1b018942-ef4e-48ee-94a0-1fa2806f2f4b}. Requires device idle.
01-31 17:32:14.557  2470  2567 D WM-GreedyScheduler: Ignoring {WorkSpec: 41bc21fb-e755-4c08-8c3d-e815484a6069}. Requires device idle.
01-31 17:32:14.557  2470  2567 D WM-GreedyScheduler: Ignoring {WorkSpec: 07e2a020-c480-4145-92ff-06cb0505a6aa}. Requires device idle.
01-31 17:32:14.557  2470  2567 D WM-GreedyScheduler: Ignoring {WorkSpec: 2a5a207d-a34e-42b8-b2d3-00dd423da285}. Requires device idle.
01-31 17:32:14.567  1622  1702 D PickerSyncLockManager: Trying to acquire lock com.android.providers.media.photopicker.sync.CloseableReentrantLock@c52305a[Unlocked]. Lock Name = CLOUD_PROVIDER_LOCK. Threads that may be waiting to acquire this lock = []
01-31 17:32:14.567  1622  1702 D CloseableReentrantLock: Successfully acquired lock com.android.providers.media.photopicker.sync.CloseableReentrantLock@c52305a[Locked by thread fg]. Lock Name = CLOUD_PROVIDER_LOCK. Threads that may be waiting to acquire this lock = []
01-31 17:32:14.567  1622  1702 D CloseableReentrantLock: Successfully released lock com.android.providers.media.photopicker.sync.CloseableReentrantLock@c52305a[Unlocked]. Lock Name = CLOUD_PROVIDER_LOCK. Threads that may be waiting to acquire this lock = []
01-31 17:32:14.576  1622  1690 I SyncWorkManager: Scheduling periodic proactive syncs
01-31 17:32:14.577  1622  1690 I SyncWorkManager: Scheduling periodic picker album data resets
01-31 17:32:14.590  1622  1683 I MediaProvider: Changed PhotoPickerGetContentActivity component state to STATE_ENABLED ( 1 )
01-31 17:32:14.592  1622  1683 I MediaProvider: Changed PhotoPickerActivity component state to STATE_ENABLED ( 1 )
01-31 17:32:14.592  1622  1683 I MediaProvider: Changed PhotoPickerUserSelectActivity component state to STATE_ENABLED ( 1 )
01-31 17:32:14.594  1622  1683 I TranscodeHelper: Empty transcode compat stale
01-31 17:32:14.594  1622  1683 I TranscodeHelper: Parsed 0 packages from resource
01-31 17:32:14.594  1622  1683 I TranscodeHelper: Parsed 8 packages from device config
01-31 17:32:14.595  2781  2781 D PhotopickerDeviceConfigReceiver: onReceive: will evaluate Photopicker components with new DeviceConfig.
01-31 17:32:14.602  2781  2781 D PhotopickerDeviceConfigReceiver: Setting true state for com.android.photopicker.MainActivity
01-31 17:32:14.605  2781  2781 D PhotopickerDeviceConfigReceiver: Setting true state for com.android.photopicker.PhotopickerGetContentActivity
01-31 17:32:14.609  2781  2781 D PhotopickerDeviceConfigReceiver: Setting true state for com.android.photopicker.PhotopickerUserSelectActivity
01-31 17:32:14.624  1622  1690 D PickerSyncLockManager: Trying to acquire lock com.android.providers.media.photopicker.sync.CloseableReentrantLock@c52305a[Unlocked]. Lock Name = CLOUD_PROVIDER_LOCK. Threads that may be waiting to acquire this lock = []
01-31 17:32:14.624  1622  1690 D CloseableReentrantLock: Successfully acquired lock com.android.providers.media.photopicker.sync.CloseableReentrantLock@c52305a[Locked by thread com.android.providers.media.internal.modules.utils.BackgroundThread]. Lock Name = CLOUD_PROVIDER_LOCK. Threads that may be waiting to acquire this lock = []
01-31 17:32:14.628  1622  1690 D CloudProviderUtils: Available CloudMediaProvider-s: [CloudProviderInfo{authority='com.google.android.apps.photos.cloudpicker', pkg='com.google.android.apps.photos', uid=10162}]
01-31 17:32:14.628  1622  1690 I PickerSyncController: Only 1 cloud provider found, hence com.google.android.apps.photos.cloudpicker is the default
01-31 17:32:14.628  1622  1690 D PickerSyncLockManager: Trying to acquire lock com.android.providers.media.photopicker.sync.CloseableReentrantLock@c52305a[Locked by thread com.android.providers.media.internal.modules.utils.BackgroundThread]. Lock Name = CLOUD_PROVIDER_LOCK. Threads that may be waiting to acquire this lock = []
01-31 17:32:14.628  1622  1690 D CloseableReentrantLock: Successfully acquired lock com.android.providers.media.photopicker.sync.CloseableReentrantLock@c52305a[Locked by thread com.android.providers.media.internal.modules.utils.BackgroundThread]. Lock Name = CLOUD_PROVIDER_LOCK. Threads that may be waiting to acquire this lock = []
01-31 17:32:14.628  1622  1690 D CloseableReentrantLock: Successfully released lock com.android.providers.media.photopicker.sync.CloseableReentrantLock@c52305a[Locked by thread com.android.providers.media.internal.modules.utils.BackgroundThread]. Lock Name = CLOUD_PROVIDER_LOCK. Threads that may be waiting to acquire this lock = []
