01-31 17:32:03.394   682   959 I HalDevMgr: bestIfaceCreationProposal is null, requestIface=STA, existingIface=[name=wlan0 type=STA]
01-31 17:32:03.477   857   863 I artd    : GetBestInfo: odex next to the dex file (/product/priv-app/PrebuiltGmsCore/oat/arm64/PrebuiltGmsCore.odex) is kOatUpToDate with filter 'verify' executable 'false'
01-31 17:32:03.477   857   863 I artd    : GetBestInfo: /data/user_de/0/com.google.android.gms/app_chimera/m/00000001/CronetDynamite.apk has no usable artifacts
01-31 17:32:03.478   857   863 I artd    : GetBestInfo: /data/user_de/0/com.google.android.gms/app_chimera/m/00000002/DynamiteLoader.apk has no usable artifacts
01-31 17:32:03.482   857   863 I artd    : GetBestInfo: /data/user_de/0/com.google.android.gms/app_chimera/m/00000005/GoogleCertificates.apk has no usable artifacts
01-31 17:32:03.492  5285  5353 D WM-SystemJobScheduler: Scheduling work ID d6b02807-55bf-4f1c-acf0-24a5e0521959Job ID 3
01-31 17:32:03.493   857   863 I artd    : GetBestInfo: vdex next to the dex file (/data/user/0/com.google.android.gms/app_dg_cache/2DB167EF440159FF365B49D8B91441B1CFD017F9/oat/arm64/the.vdex) is kOatUpToDate with filter 'verify' executable 'false'
01-31 17:32:03.501   857   863 I artd    : GetBestInfo: /data/user_de/0/com.google.android.gms/app_chimera/m/00000007/MeasurementDynamite.apk has no usable artifacts
01-31 17:32:03.533  5285  5353 W JobInfo : Requested important-while-foreground flag for job4 is ignored and takes no effect
01-31 17:32:03.607  5152  5512 D ProfileInstaller: Installing profile for dev.casagrown.community
01-31 17:32:03.610  3910  4030 I ForwardSyncCache: reclaimMemory: Clearing caches
01-31 17:32:03.638  5285  5353 D WM-SystemJobScheduler: Scheduling work ID 52ab89e8-07c4-4688-87be-3903c14820fbJob ID 4
01-31 17:32:03.639  5285  5353 W JobInfo : Requested important-while-foreground flag for job5 is ignored and takes no effect
01-31 17:32:03.641  5285  5353 D WM-SystemJobScheduler: Scheduling work ID f761309f-91f0-4964-907b-67cb1e8c1df2Job ID 5
01-31 17:32:03.653  5285  5353 W JobInfo : Requested important-while-foreground flag for job6 is ignored and takes no effect
01-31 17:32:03.668  3910  4030 W Bugle   : TextClassifierLibManagerImpl: Reclaiming memory at level: 40
01-31 17:32:03.761  5285  5353 D WM-SystemJobScheduler: Scheduling work ID 2efb62ce-74f5-4b23-a2b0-9098c78ad188Job ID 6
01-31 17:32:03.766  5285  5353 W JobInfo : Requested important-while-foreground flag for job8 is ignored and takes no effect
01-31 17:32:03.769  5285  5353 D WM-SystemJobScheduler: Scheduling work ID 735bf2d0-6289-40f8-8214-bed8a52f20b8Job ID 8
01-31 17:32:03.829  5152  5158 W grown.community: Cleared Reference was only reachable from finalizer (only reported once)
01-31 17:32:03.839  5152  5158 W grown.community: userfaultfd: MOVE ioctl seems unsupported: Connection timed out
01-31 17:32:03.852  5285  5353 D WM-SystemJobScheduler: Scheduling work ID 9034e4b7-ab15-45a4-b519-af7473ac849fJob ID 9
01-31 17:32:03.879  5152  5158 I grown.community: Background concurrent mark compact GC freed 8029KB AllocSpace bytes, 23(1488KB) LOS objects, 49% free, 8392KB/16MB, paused 411us,767us total 137.915ms
01-31 17:32:03.903  5285  5353 D WM-SystemJobScheduler: Scheduling work ID 75e8862a-1c67-4742-994e-9fb8897e6657Job ID 10
01-31 17:32:03.911  5285  5353 W JobInfo : Requested important-while-foreground flag for job11 is ignored and takes no effect
01-31 17:32:03.916  3791  3867 I HeterodyneSyncScheduler: (REDACTED) Scheduling Phenotype for a %s(%d, %s) one off with window [%d, %d] in seconds
01-31 17:32:03.950  5165  5192 I SQLiteConnection: Long db operation: /data/user/0/com.google.android.settings.intelligence/databases/search_index.db
01-31 17:32:03.956  5285  5353 D WM-SystemJobScheduler: Scheduling work ID 849257da-1614-4549-87c0-d175cb5c400bJob ID 11
01-31 17:32:03.970  5285  5353 D WM-SystemJobScheduler: Scheduling work ID 7b356953-5dcf-4b67-8583-0007f53cdfe9Job ID 17
01-31 17:32:03.985  5285  5340 I ContentCaptureHelper: Setting logging level to OFF
01-31 17:32:04.032  5285  5353 D WM-SystemJobScheduler: Scheduling work ID 0d29ee70-b805-4028-8c02-116e5938b2d4Job ID 13
01-31 17:32:04.035  5285  5353 D WM-SystemJobScheduler: Scheduling work ID c9ca51f3-699f-4386-afa7-41377c733bc8Job ID 14
01-31 17:32:04.058  5285  5353 D WM-SystemJobScheduler: Scheduling work ID 8148237b-810a-4d6f-bdbe-7f3aa6ce5d3fJob ID 29
01-31 17:32:04.133  5285  5353 D WM-SystemJobScheduler: Scheduling work ID 9c9774b8-1a3b-4906-93f3-7c3e4425842cJob ID 30
01-31 17:32:04.134  5285  5353 D WM-SystemJobScheduler: Scheduling work ID 40f4e612-49d1-4ed2-a02a-e29b79b61724Job ID 33
01-31 17:32:04.151  5285  5353 D WM-SystemJobScheduler: Scheduling work ID a5d76bf8-b367-4328-9689-74b945d2f515Job ID 32
01-31 17:32:04.158  5285  5356 I emvo    : Scheduling next wakeup
01-31 17:32:04.159  5285  5356 I emwo    : Scheduling next periodic WorkManager workers
01-31 17:32:04.167  5285  5353 D WM-SystemJobScheduler: Scheduling work ID df330ca9-ba2a-493d-9663-cefdce8de7ffJob ID 34
01-31 17:32:04.175  5285  5353 D WM-GreedyScheduler: Starting tracking for 52ab89e8-07c4-4688-87be-3903c14820fb,2efb62ce-74f5-4b23-a2b0-9098c78ad188,849257da-1614-4549-87c0-d175cb5c400b,38050a55-7485-4d9e-ba56-e2a4dc3a753a,d6b02807-55bf-4f1c-acf0-24a5e0521959,670a639c-5be5-4670-b279-b53c79eab887,f761309f-91f0-4964-907b-67cb1e8c1df2,735bf2d0-6289-40f8-8214-bed8a52f20b8
01-31 17:32:04.179  5285  5353 D WM-GreedyScheduler: Cancelling work ID f761309f-91f0-4964-907b-67cb1e8c1df2
01-31 17:32:04.187  5285  5353 W JobInfo : Requested important-while-foreground flag for job35 is ignored and takes no effect
01-31 17:32:04.188  5285  5353 D WM-SystemJobScheduler: Scheduling work ID f761309f-91f0-4964-907b-67cb1e8c1df2Job ID 35
01-31 17:32:04.190  5285  5353 D WM-GreedyScheduler: Starting tracking for 52ab89e8-07c4-4688-87be-3903c14820fb,2efb62ce-74f5-4b23-a2b0-9098c78ad188,849257da-1614-4549-87c0-d175cb5c400b,38050a55-7485-4d9e-ba56-e2a4dc3a753a,d6b02807-55bf-4f1c-acf0-24a5e0521959,670a639c-5be5-4670-b279-b53c79eab887,f761309f-91f0-4964-907b-67cb1e8c1df2,735bf2d0-6289-40f8-8214-bed8a52f20b8
01-31 17:32:04.190  5285  5353 D MDDTikTokTaskScheduler: Successfully scheduled periodic tasks for MDD lib MDD.CHARGING.PERIODIC.TASK period 21600 UUID 768f7d1c-1710-4770-b5cc-c8a3d8c5390e
01-31 17:32:04.193  5285  5340 D WM-GreedyScheduler: Cancelling work ID 2efb62ce-74f5-4b23-a2b0-9098c78ad188
01-31 17:32:04.200  5285  5340 W JobInfo : Requested important-while-foreground flag for job36 is ignored and takes no effect
01-31 17:32:04.201  5285  5340 D WM-SystemJobScheduler: Scheduling work ID 2efb62ce-74f5-4b23-a2b0-9098c78ad188Job ID 36
01-31 17:32:04.204  5285  5340 D WM-GreedyScheduler: Starting tracking for 52ab89e8-07c4-4688-87be-3903c14820fb,2efb62ce-74f5-4b23-a2b0-9098c78ad188,849257da-1614-4549-87c0-d175cb5c400b,38050a55-7485-4d9e-ba56-e2a4dc3a753a,d6b02807-55bf-4f1c-acf0-24a5e0521959,670a639c-5be5-4670-b279-b53c79eab887,f761309f-91f0-4964-907b-67cb1e8c1df2,735bf2d0-6289-40f8-8214-bed8a52f20b8
01-31 17:32:04.204  5285  5340 D MDDTikTokTaskScheduler: Successfully scheduled periodic tasks for MDD lib MDD.MAINTENANCE.PERIODIC.GCM.TASK period 86400 UUID cf5827a3-cd27-4a60-83bf-a052aa06bc55
01-31 17:32:04.209  5285  5353 D WM-GreedyScheduler: Cancelling work ID 735bf2d0-6289-40f8-8214-bed8a52f20b8
01-31 17:32:04.212  5285  5353 W JobInfo : Requested important-while-foreground flag for job37 is ignored and takes no effect
01-31 17:32:04.215  5285  5353 D WM-SystemJobScheduler: Scheduling work ID 735bf2d0-6289-40f8-8214-bed8a52f20b8Job ID 37
01-31 17:32:04.217  5285  5353 D WM-GreedyScheduler: Starting tracking for 52ab89e8-07c4-4688-87be-3903c14820fb,2efb62ce-74f5-4b23-a2b0-9098c78ad188,849257da-1614-4549-87c0-d175cb5c400b,38050a55-7485-4d9e-ba56-e2a4dc3a753a,d6b02807-55bf-4f1c-acf0-24a5e0521959,670a639c-5be5-4670-b279-b53c79eab887,f761309f-91f0-4964-907b-67cb1e8c1df2,735bf2d0-6289-40f8-8214-bed8a52f20b8
01-31 17:32:04.217  5285  5353 D MDDTikTokTaskScheduler: Successfully scheduled periodic tasks for MDD lib MDD.CELLULAR.CHARGING.PERIODIC.TASK period 21600 UUID d7b5a194-16d6-4a2d-ab51-3848902f9d4b
01-31 17:32:04.220  5285  5340 D WM-GreedyScheduler: Cancelling work ID 849257da-1614-4549-87c0-d175cb5c400b
01-31 17:32:04.225  5285  5340 W JobInfo : Requested important-while-foreground flag for job38 is ignored and takes no effect
01-31 17:32:04.227  5285  5340 D WM-SystemJobScheduler: Scheduling work ID 849257da-1614-4549-87c0-d175cb5c400bJob ID 38
01-31 17:32:04.228  5285  5340 D WM-GreedyScheduler: Starting tracking for 52ab89e8-07c4-4688-87be-3903c14820fb,2efb62ce-74f5-4b23-a2b0-9098c78ad188,849257da-1614-4549-87c0-d175cb5c400b,38050a55-7485-4d9e-ba56-e2a4dc3a753a,d6b02807-55bf-4f1c-acf0-24a5e0521959,670a639c-5be5-4670-b279-b53c79eab887,f761309f-91f0-4964-907b-67cb1e8c1df2,735bf2d0-6289-40f8-8214-bed8a52f20b8
01-31 17:32:04.228  5285  5340 D MDDTikTokTaskScheduler: Successfully scheduled periodic tasks for MDD lib MDD.WIFI.CHARGING.PERIODIC.TASK period 21600 UUID f260592e-8e55-40a3-bd20-a354fedd5b15
01-31 17:32:04.229  5285  5353 D WM-GreedyScheduler: Starting tracking for 52ab89e8-07c4-4688-87be-3903c14820fb,2efb62ce-74f5-4b23-a2b0-9098c78ad188,849257da-1614-4549-87c0-d175cb5c400b,38050a55-7485-4d9e-ba56-e2a4dc3a753a,d6b02807-55bf-4f1c-acf0-24a5e0521959,670a639c-5be5-4670-b279-b53c79eab887,f761309f-91f0-4964-907b-67cb1e8c1df2,735bf2d0-6289-40f8-8214-bed8a52f20b8
01-31 17:32:04.234  5285  5353 D WM-GreedyScheduler: Cancelling work ID 8148237b-810a-4d6f-bdbe-7f3aa6ce5d3f
01-31 17:32:04.241  5285  5353 D WM-SystemJobScheduler: Scheduling work ID 8148237b-810a-4d6f-bdbe-7f3aa6ce5d3fJob ID 39
01-31 17:32:04.242  5285  5353 D WM-GreedyScheduler: Starting tracking for 52ab89e8-07c4-4688-87be-3903c14820fb,2efb62ce-74f5-4b23-a2b0-9098c78ad188,849257da-1614-4549-87c0-d175cb5c400b,38050a55-7485-4d9e-ba56-e2a4dc3a753a,d6b02807-55bf-4f1c-acf0-24a5e0521959,670a639c-5be5-4670-b279-b53c79eab887,f761309f-91f0-4964-907b-67cb1e8c1df2,735bf2d0-6289-40f8-8214-bed8a52f20b8
01-31 17:32:04.243  5285  5340 D WM-GreedyScheduler: Cancelling work ID 9c9774b8-1a3b-4906-93f3-7c3e4425842c
01-31 17:32:04.249  5285  5340 D WM-SystemJobScheduler: Scheduling work ID 9c9774b8-1a3b-4906-93f3-7c3e4425842cJob ID 40
01-31 17:32:04.252  5285  5340 D WM-GreedyScheduler: Starting tracking for 52ab89e8-07c4-4688-87be-3903c14820fb,2efb62ce-74f5-4b23-a2b0-9098c78ad188,849257da-1614-4549-87c0-d175cb5c400b,38050a55-7485-4d9e-ba56-e2a4dc3a753a,d6b02807-55bf-4f1c-acf0-24a5e0521959,670a639c-5be5-4670-b279-b53c79eab887,f761309f-91f0-4964-907b-67cb1e8c1df2,735bf2d0-6289-40f8-8214-bed8a52f20b8
01-31 17:32:04.258  5285  5353 D WM-GreedyScheduler: Cancelling work ID a5d76bf8-b367-4328-9689-74b945d2f515
01-31 17:32:04.259  5285  5353 D WM-SystemJobScheduler: Scheduling work ID a5d76bf8-b367-4328-9689-74b945d2f515Job ID 41
01-31 17:32:04.262  5285  5353 D WM-GreedyScheduler: Starting tracking for 52ab89e8-07c4-4688-87be-3903c14820fb,2efb62ce-74f5-4b23-a2b0-9098c78ad188,849257da-1614-4549-87c0-d175cb5c400b,38050a55-7485-4d9e-ba56-e2a4dc3a753a,d6b02807-55bf-4f1c-acf0-24a5e0521959,670a639c-5be5-4670-b279-b53c79eab887,f761309f-91f0-4964-907b-67cb1e8c1df2,735bf2d0-6289-40f8-8214-bed8a52f20b8
01-31 17:32:04.267  5285  5340 D WM-GreedyScheduler: Cancelling work ID 40f4e612-49d1-4ed2-a02a-e29b79b61724
01-31 17:32:04.270  5285  5340 D WM-SystemJobScheduler: Scheduling work ID 40f4e612-49d1-4ed2-a02a-e29b79b61724Job ID 42
01-31 17:32:04.273  5285  5340 D WM-GreedyScheduler: Starting tracking for 52ab89e8-07c4-4688-87be-3903c14820fb,2efb62ce-74f5-4b23-a2b0-9098c78ad188,849257da-1614-4549-87c0-d175cb5c400b,38050a55-7485-4d9e-ba56-e2a4dc3a753a,d6b02807-55bf-4f1c-acf0-24a5e0521959,670a639c-5be5-4670-b279-b53c79eab887,f761309f-91f0-4964-907b-67cb1e8c1df2,735bf2d0-6289-40f8-8214-bed8a52f20b8
01-31 17:32:04.279  5285  5353 D WM-GreedyScheduler: Cancelling work ID 40f4e612-49d1-4ed2-a02a-e29b79b61724
01-31 17:32:04.285  5285  5353 D WM-SystemJobScheduler: Scheduling work ID 40f4e612-49d1-4ed2-a02a-e29b79b61724Job ID 43
01-31 17:32:04.288  5285  5353 D WM-GreedyScheduler: Starting tracking for 52ab89e8-07c4-4688-87be-3903c14820fb,2efb62ce-74f5-4b23-a2b0-9098c78ad188,849257da-1614-4549-87c0-d175cb5c400b,38050a55-7485-4d9e-ba56-e2a4dc3a753a,d6b02807-55bf-4f1c-acf0-24a5e0521959,670a639c-5be5-4670-b279-b53c79eab887,f761309f-91f0-4964-907b-67cb1e8c1df2,735bf2d0-6289-40f8-8214-bed8a52f20b8
01-31 17:32:04.290  5285  5357 I emwo    : Successfully scheduled next periodic workers
01-31 17:32:04.295  5285  5352 D WM-ConstraintTracker: mkn: initial state = false
01-31 17:32:04.298  5285  5352 D WM-BrdcstRcvrCnstrntTrc: mkn: registering receiver
01-31 17:32:04.306  5285  5353 D WM-ConstraintTracker: mky: initial state = NetworkState(isConnected=true, isValidated=true, isMetered=false, isNotRoaming=true)
01-31 17:32:04.306  5285  5353 D WM-NetworkStateTracker: Registering network callback
01-31 17:32:04.308   682  2367 D ConnectivityService: requestNetwork for uid/pid:10150/5285 activeRequest: null callbackRequest: 225 [NetworkRequest [ REQUEST id=226, [ Capabilities: INTERNET&NOT_RESTRICTED&TRUSTED&NOT_VCN_MANAGED&NOT_BANDWIDTH_CONSTRAINED Uid: 10150 RequestorUid: 10150 RequestorPkg: com.google.android.googlequicksearchbox UnderlyingNetworks: Null] ]] callback flags: 0 order: 2147483647 isUidTracked: false declaredMethods: AVAIL|LOST|NC
01-31 17:32:04.312  5285  5354 D WM-PackageManagerHelper: Skipping component enablement for androidx.work.impl.background.systemalarm.RescheduleReceiver
01-31 17:32:04.312  5285  5354 D WM-GreedyScheduler: Constraints not met: Cancelling work ID WorkGenerationalId(workSpecId=849257da-1614-4549-87c0-d175cb5c400b, generation=0)
01-31 17:32:04.312  5285  5352 D WM-GreedyScheduler: Constraints not met: Cancelling work ID WorkGenerationalId(workSpecId=735bf2d0-6289-40f8-8214-bed8a52f20b8, generation=0)
01-31 17:32:04.312  5285  5352 D WM-GreedyScheduler: Constraints not met: Cancelling work ID WorkGenerationalId(workSpecId=670a639c-5be5-4670-b279-b53c79eab887, generation=0)
01-31 17:32:04.312  5285  5352 D WM-GreedyScheduler: Constraints not met: Cancelling work ID WorkGenerationalId(workSpecId=52ab89e8-07c4-4688-87be-3903c14820fb, generation=0)
01-31 17:32:04.317  5285  5519 D WM-NetworkStateTracker: Network capabilities changed: [ Transports: WIFI Capabilities: NOT_METERED&INTERNET&NOT_RESTRICTED&TRUSTED&NOT_VPN&VALIDATED&NOT_ROAMING&FOREGROUND&NOT_CONGESTED&NOT_SUSPENDED&NOT_VCN_MANAGED&NOT_BANDWIDTH_CONSTRAINED LinkUpBandwidth>=12000Kbps LinkDnBandwidth>=30000Kbps TransportInfo: <SSID: <unknown ssid>, BSSID: 02:00:00:00:00:00, MAC: 02:00:00:00:00:00, IP: /10.0.2.16, Security type: 0, Supplicant state: COMPLETED, Wi-Fi standard: legacy, RSSI: -50, Link speed: 1Mbps, Tx Link speed: 1Mbps, Max Supported Tx Link speed: 11Mbps, Rx Link speed: 2Mbps, Max Supported Rx Link speed: 11Mbps, Frequency: 2447MHz, Net ID: -1, Metered hint: false, score: 83, isUsable: true, CarrierMerged: false, SubscriptionId: -1, IsPrimary: -1, Trusted: true, Restricted: false, Ephemeral: false, OEM paid: false, OEM private: false, OSU AP: false, FQDN: <none>, Provider friendly name: <none>, Requesting package name: <none><none>MLO Information: , Is TID-To-Link negotiation supported by the AP: false, AP MLD Address: <none>, AP MLO Link Id: <none>, AP MLO Affiliated links: <none>, Vendor Data: <none>> SignalStrength: -50 UnderlyingNetworks: Null]
01-31 17:32:04.317  5285  5353 D WM-GreedyScheduler: Constraints not met: Cancelling work ID WorkGenerationalId(workSpecId=38050a55-7485-4d9e-ba56-e2a4dc3a753a, generation=0)
01-31 17:32:04.317  5285  5353 D WM-GreedyScheduler: Constraints not met: Cancelling work ID WorkGenerationalId(workSpecId=d6b02807-55bf-4f1c-acf0-24a5e0521959, generation=0)
01-31 17:32:04.317  5285  5353 D WM-GreedyScheduler: Constraints not met: Cancelling work ID WorkGenerationalId(workSpecId=f761309f-91f0-4964-907b-67cb1e8c1df2, generation=0)
01-31 17:32:04.317  5285  5353 D WM-GreedyScheduler: Constraints not met: Cancelling work ID WorkGenerationalId(workSpecId=2efb62ce-74f5-4b23-a2b0-9098c78ad188, generation=0)
01-31 17:32:04.317  5285  5353 D WM-GreedyScheduler: Constraints not met: Cancelling work ID WorkGenerationalId(workSpecId=f761309f-91f0-4964-907b-67cb1e8c1df2, generation=1)
01-31 17:32:04.317  5285  5353 D WM-GreedyScheduler: Constraints not met: Cancelling work ID WorkGenerationalId(workSpecId=2efb62ce-74f5-4b23-a2b0-9098c78ad188, generation=1)
01-31 17:32:04.317  5285  5353 D WM-GreedyScheduler: Constraints not met: Cancelling work ID WorkGenerationalId(workSpecId=735bf2d0-6289-40f8-8214-bed8a52f20b8, generation=1)
01-31 17:32:04.317  5285  5353 D WM-GreedyScheduler: Constraints not met: Cancelling work ID WorkGenerationalId(workSpecId=849257da-1614-4549-87c0-d175cb5c400b, generation=1)
01-31 17:32:04.318   682   959 D OemPaidWifiNetworkFactory: got request NetworkRequest [ REQUEST id=226, [ Capabilities: INTERNET&NOT_RESTRICTED&TRUSTED&NOT_VCN_MANAGED&NOT_BANDWIDTH_CONSTRAINED Uid: 10150 RequestorUid: 10150 RequestorPkg: com.google.android.googlequicksearchbox UnderlyingNetworks: Null] ]
01-31 17:32:04.319   682   965 D ConnectivityService: NetReassign [226 : null  100] [c 1] [a 5] [i 3]
01-31 17:32:04.319   682   959 D MultiInternetWifiNetworkFactory: got request NetworkRequest [ REQUEST id=226, [ Capabilities: INTERNET&NOT_RESTRICTED&TRUSTED&NOT_VCN_MANAGED&NOT_BANDWIDTH_CONSTRAINED Uid: 10150 RequestorUid: 10150 RequestorPkg: com.google.android.googlequicksearchbox UnderlyingNetworks: Null] ]
01-31 17:32:04.319   682   959 D WifiNetworkFactory: got request NetworkRequest [ REQUEST id=226, [ Capabilities: INTERNET&NOT_RESTRICTED&TRUSTED&NOT_VCN_MANAGED&NOT_BANDWIDTH_CONSTRAINED Uid: 10150 RequestorUid: 10150 RequestorPkg: com.google.android.googlequicksearchbox UnderlyingNetworks: Null] ]
01-31 17:32:04.320   682   959 D UntrustedWifiNetworkFactory: got request NetworkRequest [ REQUEST id=226, [ Capabilities: INTERNET&NOT_RESTRICTED&TRUSTED&NOT_VCN_MANAGED&NOT_BANDWIDTH_CONSTRAINED Uid: 10150 RequestorUid: 10150 RequestorPkg: com.google.android.googlequicksearchbox UnderlyingNetworks: Null] ]
01-31 17:32:04.428  5152  5157 I grown.community: Compiler allocated 5145KB to compile void android.view.ViewRootImpl.performTraversals()
01-31 17:32:04.603  5165  5192 W SQLiteLog: (28) double-quoted string literal: "com.google.android.apps.gsa.opa.AssistantSettingsProvider"
01-31 17:32:04.632  5165  5192 W SQLiteLog: (28) double-quoted string literal: "com.google.android.apps.search.assistant.surfaces.settings.search"
01-31 17:32:04.634  5165  5192 W SQLiteLog: (28) double-quoted string literal: "com.google.android.inputmethod.latin"
01-31 17:32:04.685  5165  5192 W SQLiteLog: (28) double-quoted string literal: "com.google.android.settings.intelligence.provider.search"
01-31 17:32:04.687   682   745 W libbinder.IPCThreadState: Sending oneway calls to frozen process.
01-31 17:32:04.712   682   745 W libbinder.IPCThreadState: Sending oneway calls to frozen process.
01-31 17:32:04.716  5165  5192 E gs.intelligence: No package ID ff found for resource ID 0xffffffff.
01-31 17:32:04.716  5165  5192 E gs.intelligence: No package ID ff found for resource ID 0xffffffff.
01-31 17:32:04.716  5165  5192 E gs.intelligence: No package ID ff found for resource ID 0xffffffff.
01-31 17:32:04.716  5165  5192 E gs.intelligence: No package ID ff found for resource ID 0xffffffff.
01-31 17:32:04.717  5165  5192 E gs.intelligence: No package ID ff found for resource ID 0xffffffff.
01-31 17:32:04.717  5165  5192 E gs.intelligence: No package ID ff found for resource ID 0xffffffff.
01-31 17:32:04.717  5165  5192 E gs.intelligence: No package ID ff found for resource ID 0xffffffff.
01-31 17:32:04.717  5165  5192 E gs.intelligence: No package ID ff found for resource ID 0xffffffff.
01-31 17:32:04.718  5165  5192 E gs.intelligence: No package ID ff found for resource ID 0xffffffff.
01-31 17:32:04.718  5165  5192 E gs.intelligence: No package ID ff found for resource ID 0xffffffff.
01-31 17:32:04.718  5165  5192 E gs.intelligence: No package ID ff found for resource ID 0xffffffff.
01-31 17:32:04.718  5165  5192 E gs.intelligence: No package ID ff found for resource ID 0xffffffff.
01-31 17:32:04.718  5165  5192 W IndexDataConverter: Skipping index for null-key item IndexData.Builder {title: null,package: com.google.android.settings.intelligence}
01-31 17:32:04.719  5165  5192 E gs.intelligence: No package ID ff found for resource ID 0xffffffff.
01-31 17:32:04.719  5165  5192 E gs.intelligence: No package ID ff found for resource ID 0xffffffff.
01-31 17:32:04.719  5165  5192 E gs.intelligence: No package ID ff found for resource ID 0xffffffff.
01-31 17:32:04.719  5165  5192 E gs.intelligence: No package ID ff found for resource ID 0xffffffff.
01-31 17:32:04.719  5165  5192 E gs.intelligence: No package ID ff found for resource ID 0xffffffff.
01-31 17:32:04.719  5165  5192 E gs.intelligence: No package ID ff found for resource ID 0xffffffff.
01-31 17:32:04.719  5165  5192 E gs.intelligence: No package ID ff found for resource ID 0xffffffff.
01-31 17:32:04.719  5165  5192 W IndexDataConverter: Skipping index for null-key item IndexData.Builder {title: null,package: com.google.android.settings.intelligence}
01-31 17:32:04.720  5165  5192 E gs.intelligence: No package ID ff found for resource ID 0xffffffff.
01-31 17:32:04.720  5165  5192 E gs.intelligence: No package ID ff found for resource ID 0xffffffff.
01-31 17:32:04.720  5165  5192 E gs.intelligence: No package ID ff found for resource ID 0xffffffff.
01-31 17:32:04.720  5165  5192 E gs.intelligence: No package ID ff found for resource ID 0xffffffff.
01-31 17:32:04.720  5165  5192 E gs.intelligence: No package ID ff found for resource ID 0xffffffff.
01-31 17:32:04.720  5165  5192 E gs.intelligence: No package ID ff found for resource ID 0xffffffff.
01-31 17:32:04.720  5165  5192 E gs.intelligence: No package ID ff found for resource ID 0xffffffff.
01-31 17:32:04.721  5165  5192 E gs.intelligence: No package ID ff found for resource ID 0xffffffff.
01-31 17:32:04.721  5165  5192 E gs.intelligence: No package ID ff found for resource ID 0xffffffff.
01-31 17:32:04.721  5165  5192 E gs.intelligence: No package ID ff found for resource ID 0xffffffff.
01-31 17:32:04.721  5165  5192 E gs.intelligence: No package ID ff found for resource ID 0xffffffff.
01-31 17:32:04.721  5165  5192 E gs.intelligence: No package ID ff found for resource ID 0xffffffff.
01-31 17:32:04.721  5165  5192 E gs.intelligence: No package ID ff found for resource ID 0xffffffff.
01-31 17:32:04.721  5165  5192 E gs.intelligence: No package ID ff found for resource ID 0xffffffff.
01-31 17:32:04.721  5165  5192 W IndexDataConverter: Skipping index for null-key item IndexData.Builder {title: null,package: com.google.android.settings.intelligence}
01-31 17:32:04.721  5165  5192 E gs.intelligence: No package ID ff found for resource ID 0xffffffff.
01-31 17:32:04.721  5165  5192 E gs.intelligence: No package ID ff found for resource ID 0xffffffff.
01-31 17:32:04.722  5165  5192 E gs.intelligence: No package ID ff found for resource ID 0xffffffff.
01-31 17:32:04.722  5165  5192 E gs.intelligence: No package ID ff found for resource ID 0xffffffff.
01-31 17:32:04.722  5165  5192 E gs.intelligence: No package ID ff found for resource ID 0xffffffff.
01-31 17:32:04.722  5165  5192 E gs.intelligence: No package ID ff found for resource ID 0xffffffff.
01-31 17:32:04.722  5165  5192 E gs.intelligence: No package ID ff found for resource ID 0xffffffff.
01-31 17:32:04.722  5165  5192 E gs.intelligence: No package ID ff found for resource ID 0xffffffff.
01-31 17:32:04.722  5165  5192 E gs.intelligence: No package ID ff found for resource ID 0xffffffff.
01-31 17:32:04.722  5165  5192 E gs.intelligence: No package ID ff found for resource ID 0xffffffff.
01-31 17:32:04.722  5165  5192 E gs.intelligence: No package ID ff found for resource ID 0xffffffff.
01-31 17:32:04.722  5165  5192 E gs.intelligence: No package ID ff found for resource ID 0xffffffff.
01-31 17:32:04.722  5165  5192 E gs.intelligence: No package ID ff found for resource ID 0xffffffff.
01-31 17:32:04.722  5165  5192 E gs.intelligence: No package ID ff found for resource ID 0xffffffff.
01-31 17:32:04.722  5165  5192 E gs.intelligence: No package ID ff found for resource ID 0xffffffff.
01-31 17:32:04.722  5165  5192 E gs.intelligence: No package ID ff found for resource ID 0xffffffff.
01-31 17:32:04.722  5165  5192 E gs.intelligence: No package ID ff found for resource ID 0xffffffff.
01-31 17:32:04.722  5165  5192 E gs.intelligence: No package ID ff found for resource ID 0xffffffff.
01-31 17:32:04.734  5165  5192 E gs.intelligence: No package ID ff found for resource ID 0xffffffff.
01-31 17:32:04.734  5165  5192 E gs.intelligence: No package ID ff found for resource ID 0xffffffff.
01-31 17:32:04.734  5165  5192 E gs.intelligence: No package ID ff found for resource ID 0xffffffff.
01-31 17:32:04.734  5165  5192 E gs.intelligence: No package ID ff found for resource ID 0xffffffff.
01-31 17:32:04.734  5165  5192 E gs.intelligence: No package ID ff found for resource ID 0xffffffff.
01-31 17:32:04.734  5165  5192 E gs.intelligence: No package ID ff found for resource ID 0xffffffff.
01-31 17:32:04.734  5165  5192 E gs.intelligence: No package ID ff found for resource ID 0xffffffff.
01-31 17:32:04.734  5165  5192 E gs.intelligence: No package ID ff found for resource ID 0xffffffff.
01-31 17:32:04.734  5165  5192 E gs.intelligence: No package ID ff found for resource ID 0xffffffff.
01-31 17:32:04.734  5165  5192 E gs.intelligence: No package ID ff found for resource ID 0xffffffff.
01-31 17:32:04.734  5165  5192 E gs.intelligence: No package ID ff found for resource ID 0xffffffff.
01-31 17:32:04.734  5165  5192 E gs.intelligence: No package ID ff found for resource ID 0xffffffff.
01-31 17:32:04.735  5165  5192 E gs.intelligence: No package ID ff found for resource ID 0xffffffff.
01-31 17:32:04.735  5165  5192 E gs.intelligence: No package ID ff found for resource ID 0xffffffff.
01-31 17:32:04.736  5165  5192 E gs.intelligence: No package ID ff found for resource ID 0xffffffff.
01-31 17:32:04.736  5165  5192 E gs.intelligence: No package ID ff found for resource ID 0xffffffff.
01-31 17:32:04.736  5165  5192 E gs.intelligence: No package ID ff found for resource ID 0xffffffff.
01-31 17:32:04.736  5165  5192 E gs.intelligence: No package ID ff found for resource ID 0xffffffff.
01-31 17:32:04.736  5165  5192 E gs.intelligence: No package ID ff found for resource ID 0xffffffff.
01-31 17:32:04.736  5165  5192 E gs.intelligence: No package ID ff found for resource ID 0xffffffff.
01-31 17:32:04.736  5165  5192 E gs.intelligence: No package ID ff found for resource ID 0xffffffff.
01-31 17:32:04.736  5165  5192 E gs.intelligence: No package ID ff found for resource ID 0xffffffff.
01-31 17:32:04.737  5165  5192 E gs.intelligence: No package ID ff found for resource ID 0xffffffff.
01-31 17:32:04.737  5165  5192 E gs.intelligence: No package ID ff found for resource ID 0xffffffff.
01-31 17:32:04.737  5165  5192 E gs.intelligence: No package ID ff found for resource ID 0xffffffff.
01-31 17:32:04.737  5165  5192 E gs.intelligence: No package ID ff found for resource ID 0xffffffff.
01-31 17:32:04.737  5165  5192 E gs.intelligence: No package ID ff found for resource ID 0xffffffff.
01-31 17:32:04.737  5165  5192 E gs.intelligence: No package ID ff found for resource ID 0xffffffff.
01-31 17:32:04.737  5165  5192 E gs.intelligence: No package ID ff found for resource ID 0xffffffff.
01-31 17:32:04.737  5165  5192 E gs.intelligence: No package ID ff found for resource ID 0xffffffff.
01-31 17:32:04.737  5165  5192 E gs.intelligence: No package ID ff found for resource ID 0xffffffff.
01-31 17:32:04.737  5165  5192 E gs.intelligence: No package ID ff found for resource ID 0xffffffff.
01-31 17:32:04.737  5165  5192 E gs.intelligence: No package ID ff found for resource ID 0xffffffff.
01-31 17:32:04.737  5165  5192 E gs.intelligence: No package ID ff found for resource ID 0xffffffff.
01-31 17:32:04.737  5165  5192 E gs.intelligence: No package ID ff found for resource ID 0xffffffff.
01-31 17:32:04.737  5165  5192 E gs.intelligence: No package ID ff found for resource ID 0xffffffff.
01-31 17:32:04.737  5165  5192 E gs.intelligence: No package ID ff found for resource ID 0xffffffff.
01-31 17:32:04.737  5165  5192 E gs.intelligence: No package ID ff found for resource ID 0xffffffff.
01-31 17:32:04.737  5165  5192 E gs.intelligence: No package ID ff found for resource ID 0xffffffff.
01-31 17:32:04.737  5165  5192 E gs.intelligence: No package ID ff found for resource ID 0xffffffff.
01-31 17:32:04.737  5165  5192 E gs.intelligence: No package ID ff found for resource ID 0xffffffff.
01-31 17:32:04.737  5165  5192 E gs.intelligence: No package ID ff found for resource ID 0xffffffff.
01-31 17:32:04.737  5165  5192 E gs.intelligence: No package ID ff found for resource ID 0xffffffff.
01-31 17:32:04.737  5165  5192 E gs.intelligence: No package ID ff found for resource ID 0xffffffff.
01-31 17:32:04.737  5165  5192 E gs.intelligence: No package ID ff found for resource ID 0xffffffff.
01-31 17:32:04.737  5165  5192 E gs.intelligence: No package ID ff found for resource ID 0xffffffff.
01-31 17:32:04.738  5165  5192 E gs.intelligence: No package ID ff found for resource ID 0xffffffff.
01-31 17:32:04.738  5165  5192 E gs.intelligence: No package ID ff found for resource ID 0xffffffff.
01-31 17:32:04.738  5165  5192 W IndexDataConverter: Skipping index for null-key item IndexData.Builder {title: null,package: com.google.android.settings.intelligence}
01-31 17:32:04.738  5165  5192 W IndexDataConverter: Skipping null key for raw indexable com.google.android.settings.intelligence.provider.search/null
01-31 17:32:04.772  5165  5192 W IndexDataConverter: Cannot build sitemap pair for incomplete names gwj@74b6ff06 null Live Caption
01-31 17:32:04.861  5165  5192 W AppSearchIndex: schedule indexing, force = true
01-31 17:32:04.904  5165  5186 W AllowlistedPackageIdentifiers: Is debuggable: false
--------- beginning of system
01-31 17:32:04.954   682  2979 E TaskPersister: File error accessing recents directory (directory doesn't exist?).
01-31 17:32:04.985   682  1661 I AppSearchIcing: icing-search-engine.cc:2327: Persisting data to disk with mode 3
01-31 17:32:04.999   682  1661 I AppSearchIcing: icing-search-engine.cc:2340: PersistToDisk completed.
01-31 17:32:05.009  5165  5186 D DesktopExperienceFlags: Toggle override initialized to: false
01-31 17:32:05.460  5285  5347 I dglg    : Flight records directory does not exist
01-31 17:32:05.466  5285  5347 I dglg    : Flight records directory does not exist
01-31 17:32:05.551  5285  5321 V ClearcutMetricXmitter: Transmission is done.
01-31 17:32:05.551  5285  5396 V ClearcutMetricXmitter: Transmission is done.
01-31 17:32:05.565   682   745 D OomAdjuster: Not killing cached processes
01-31 17:32:05.610  1376  1406 D SlicesIndexer: Slices already indexed - returning.
01-31 17:32:05.612  1376  1406 D SettingsSliceProvider: Allowlisting 11 uris to 2 pkgs.
01-31 17:32:05.620  1376  3662 D SlicesIndexer: Slices already indexed - returning.
01-31 17:32:05.621  1376  3662 D SettingsSliceProvider: Allowlisting 5 uris to 2 pkgs.
01-31 17:32:05.629   682  1009 D BackgroundInstallControlService: Package event received: 0
01-31 17:32:05.644  1376  1531 D SlicesIndexer: Slices already indexed - returning.
01-31 17:32:05.649  1376  1531 W SliceData: Highlight menu key res is empty: com.android.settings.deviceinfo.hardwareinfo.DeviceModelPreferenceController
01-31 17:32:05.655  1376  1531 D SettingsSliceProvider: Built slice (content://com.android.settings.slices/action/hardware_info_device_model) in: 11
01-31 17:32:05.661  1376  1531 D SlicesIndexer: Slices already indexed - returning.
01-31 17:32:05.670  1376  1531 D SettingsSliceProvider: Built slice (content://com.android.settings.slices/action/auto_rotate) in: 9
01-31 17:32:05.670  1376  1531 D SettingsSliceProvider: content://com.android.settings.slices/action/hardware_info_device_model loaded from cache
01-31 17:32:05.670  1376  1531 D SlicesIndexer: Slices already indexed - returning.
01-31 17:32:05.674   682  1009 D BackgroundInstallControlService: Package event received: 0
01-31 17:32:05.677   682  1009 D BackgroundInstallControlService: Package event received: 0
01-31 17:32:05.679  1376  1531 D VolumeSliceHelper: Registering uri for broadcast relay: content://com.android.settings.slices/action/media_volume
01-31 17:32:05.687  1376  1531 D SliceBroadcastRelay: Registering Uri for broadcast relay: content://com.android.settings.slices/action/volume_slices
01-31 17:32:05.695  1376  1531 D SettingsSliceProvider: Built slice (content://com.android.settings.slices/action/media_volume) in: 25
01-31 17:32:05.695  1376  1531 D SettingsSliceProvider: content://com.android.settings.slices/action/auto_rotate loaded from cache
01-31 17:32:05.703  1376  1531 D SlicesIndexer: Slices already indexed - returning.
01-31 17:32:05.712  1376  1531 D VolumeSliceHelper: Registering uri for broadcast relay: content://com.android.settings.slices/action/call_volume
01-31 17:32:05.718  1376  1531 D SettingsSliceProvider: Built slice (content://com.android.settings.slices/action/call_volume) in: 15
01-31 17:32:05.718  1376  1531 D SettingsSliceProvider: content://com.android.settings.slices/action/media_volume loaded from cache
01-31 17:32:05.720  1376  1531 D SlicesIndexer: Slices already indexed - returning.
01-31 17:32:05.724  1376  1531 D VolumeSliceHelper: Registering uri for broadcast relay: content://com.android.settings.slices/action/separate_ring_volume
01-31 17:32:05.724   682  1009 D BackgroundInstallControlService: Package event received: 0
01-31 17:32:05.725  1376  1531 D SettingsSliceProvider: Built slice (content://com.android.settings.slices/action/separate_ring_volume) in: 5
01-31 17:32:05.725  1376  1531 D SettingsSliceProvider: content://com.android.settings.slices/action/call_volume loaded from cache
01-31 17:32:05.725  1376  1531 D SlicesIndexer: Slices already indexed - returning.
01-31 17:32:05.725  1376  1531 D VolumeSliceHelper: Registering uri for broadcast relay: content://com.android.settings.slices/action/notification_volume
01-31 17:32:05.726  1376  1531 D SettingsSliceProvider: Built slice (content://com.android.settings.slices/action/notification_volume) in: 1
01-31 17:32:05.726   682  1009 D BackgroundInstallControlService: Package event received: 0
01-31 17:32:05.726  1376  1531 D SettingsSliceProvider: content://com.android.settings.slices/action/separate_ring_volume loaded from cache
01-31 17:32:05.726   682  1009 D BackgroundInstallControlService: Package event received: 0
01-31 17:32:05.726  1376  1531 D SettingsSliceProvider: content://com.android.settings.slices/action/notification_volume loaded from cache
01-31 17:32:05.727   682  1009 D BackgroundInstallControlService: Package event received: 0
01-31 17:32:05.727  1376  1531 D SlicesIndexer: Slices already indexed - returning.
01-31 17:32:05.727  1376  1531 D VolumeSliceHelper: Registering uri for broadcast relay: content://com.android.settings.slices/action/alarm_volume
01-31 17:32:05.727  1376  1531 D SettingsSliceProvider: Built slice (content://com.android.settings.slices/action/alarm_volume) in: 0
01-31 17:32:05.728   682  1009 D BackgroundInstallControlService: Package event received: 0
01-31 17:32:05.732  1376  3662 D SliceBroadcastRelay: Registering Uri for broadcast relay: content://com.android.settings.slices/action/flashlight
01-31 17:32:05.734  1376  1406 D SliceBuilder: Creating slice for: com.android.settings.notification.AlarmVolumePreferenceController
01-31 17:32:05.741  5165  5171 W gs.intelligence: Cleared Reference was only reachable from finalizer (only reported once)
01-31 17:32:05.742   682  1009 D BackgroundInstallControlService: Package event received: 0
01-31 17:32:05.746  1376  1406 D SliceBroadcastRelay: Registering Uri for broadcast relay: content://com.android.settings.slices/action/mobile_data
01-31 17:32:05.751   682  1009 D BackgroundInstallControlService: Package event received: 0
01-31 17:32:05.751  1376  1376 D SettingsSliceProvider: Starting background worker for: content://com.android.settings.slices/action/mobile_data
01-31 17:32:05.758  1376  1531 D SlicesIndexer: Slices already indexed - returning.
01-31 17:32:05.759   682  1009 D BackgroundInstallControlService: Package event received: 0
01-31 17:32:05.759  1376  1531 D SettingsSliceProvider: Could not create slicedata for uri: content://com.android.settings.slices/intent/wifi_calling
01-31 17:32:05.759  1376  1531 D SettingsSliceProvider: java.lang.IllegalStateException: Invalid Slices key from path: wifi_calling
01-31 17:32:05.759  1376  1531 D SettingsSliceProvider: 	at com.android.settings.slices.SlicesDatabaseAccessor.getIndexedSliceData(SlicesDatabaseAccessor.java:134)
01-31 17:32:05.759  1376  1531 D SettingsSliceProvider: 	at com.android.settings.slices.SlicesDatabaseAccessor.getSliceDataFromUri(SlicesDatabaseAccessor.java:77)
01-31 17:32:05.759  1376  1531 D SettingsSliceProvider: 	at com.android.settings.slices.SettingsSliceProvider.loadSlice(SettingsSliceProvider.java:439)
01-31 17:32:05.759  1376  1531 D SettingsSliceProvider: 	at com.android.settings.slices.SettingsSliceProvider.lambda$loadSliceInBackground$5(SettingsSliceProvider.java:470)
01-31 17:32:05.759  1376  1531 D SettingsSliceProvider: 	at com.android.settings.slices.SettingsSliceProvider.$r8$lambda$F6THPPOOlgUQrkUG5e2ThbF-zrY(SettingsSliceProvider.java:0)
01-31 17:32:05.759  1376  1531 D SettingsSliceProvider: 	at com.android.settings.slices.SettingsSliceProvider$$ExternalSyntheticLambda4.run(R8$$SyntheticClass:0)
01-31 17:32:05.759  1376  1531 D SettingsSliceProvider: 	at java.util.concurrent.Executors$RunnableAdapter.call(Executors.java:520)
01-31 17:32:05.759  1376  1531 D SettingsSliceProvider: 	at com.google.common.util.concurrent.TrustedListenableFutureTask$TrustedFutureInterruptibleTask.runInterruptibly(TrustedListenableFutureTask.java:131)
01-31 17:32:05.759  1376  1531 D SettingsSliceProvider: 	at com.google.common.util.concurrent.InterruptibleTask.run(InterruptibleTask.java:76)
01-31 17:32:05.759  1376  1531 D SettingsSliceProvider: 	at com.google.common.util.concurrent.TrustedListenableFutureTask.run(TrustedListenableFutureTask.java:82)
01-31 17:32:05.759  1376  1531 D SettingsSliceProvider: 	at java.util.concurrent.ThreadPoolExecutor.runWorker(ThreadPoolExecutor.java:1154)
01-31 17:32:05.759  1376  1531 D SettingsSliceProvider: 	at java.util.concurrent.ThreadPoolExecutor$Worker.run(ThreadPoolExecutor.java:652)
01-31 17:32:05.759  1376  1531 D SettingsSliceProvider: 	at java.lang.Thread.run(Thread.java:1563)
01-31 17:32:05.760  1376  3662 D SliceBroadcastRelay: Registering Uri for broadcast relay: content://com.android.settings.slices/action/zen_mode_toggle
01-31 17:32:05.762   682  1009 D BackgroundInstallControlService: Package event received: 0
01-31 17:32:05.767  1376  1531 D SlicesIndexer: Slices already indexed - returning.
01-31 17:32:05.767  1376  1531 D SettingsSliceProvider: Could not create slicedata for uri: content://android.settings.slices/action/airplane_mode
01-31 17:32:05.767  1376  1531 D SettingsSliceProvider: java.lang.IllegalStateException: Invalid Slices key from path: airplane_mode
01-31 17:32:05.767  1376  1531 D SettingsSliceProvider: 	at com.android.settings.slices.SlicesDatabaseAccessor.getIndexedSliceData(SlicesDatabaseAccessor.java:134)
01-31 17:32:05.767  1376  1531 D SettingsSliceProvider: 	at com.android.settings.slices.SlicesDatabaseAccessor.getSliceDataFromUri(SlicesDatabaseAccessor.java:77)
01-31 17:32:05.767  1376  1531 D SettingsSliceProvider: 	at com.android.settings.slices.SettingsSliceProvider.loadSlice(SettingsSliceProvider.java:439)
01-31 17:32:05.767  1376  1531 D SettingsSliceProvider: 	at com.android.settings.slices.SettingsSliceProvider.lambda$loadSliceInBackground$5(SettingsSliceProvider.java:470)
01-31 17:32:05.767  1376  1531 D SettingsSliceProvider: 	at com.android.settings.slices.SettingsSliceProvider.$r8$lambda$F6THPPOOlgUQrkUG5e2ThbF-zrY(SettingsSliceProvider.java:0)
01-31 17:32:05.767  1376  1531 D SettingsSliceProvider: 	at com.android.settings.slices.SettingsSliceProvider$$ExternalSyntheticLambda4.run(R8$$SyntheticClass:0)
01-31 17:32:05.767  1376  1531 D SettingsSliceProvider: 	at java.util.concurrent.Executors$RunnableAdapter.call(Executors.java:520)
01-31 17:32:05.767  1376  1531 D SettingsSliceProvider: 	at com.google.common.util.concurrent.TrustedListenableFutureTask$TrustedFutureInterruptibleTask.runInterruptibly(TrustedListenableFutureTask.java:131)
01-31 17:32:05.767  1376  1531 D SettingsSliceProvider: 	at com.google.common.util.concurrent.InterruptibleTask.run(InterruptibleTask.java:76)
01-31 17:32:05.767  1376  1531 D SettingsSliceProvider: 	at com.google.common.util.concurrent.TrustedListenableFutureTask.run(TrustedListenableFutureTask.java:82)
01-31 17:32:05.767  1376  1531 D SettingsSliceProvider: 	at java.util.concurrent.ThreadPoolExecutor.runWorker(ThreadPoolExecutor.java:1154)
01-31 17:32:05.767  1376  1531 D SettingsSliceProvider: 	at java.util.concurrent.ThreadPoolExecutor$Worker.run(ThreadPoolExecutor.java:652)
01-31 17:32:05.767  1376  1531 D SettingsSliceProvider: 	at java.lang.Thread.run(Thread.java:1563)
01-31 17:32:05.769  1376  1531 D SlicesIndexer: Slices already indexed - returning.
01-31 17:32:05.770   682  1009 D BackgroundInstallControlService: Package event received: 0
01-31 17:32:05.770  1376  1531 D SettingsSliceProvider: Built slice (content://android.settings.slices/action/battery_saver) in: 1
01-31 17:32:05.771   682  1009 D BackgroundInstallControlService: Package event received: 0
01-31 17:32:05.771  1376  3662 D SliceBroadcastRelay: Registering Uri for broadcast relay: content://android.settings.slices/action/bluetooth
01-31 17:32:05.772   682  1009 D BackgroundInstallControlService: Package event received: 0
01-31 17:32:05.774   682  1009 D BackgroundInstallControlService: Package event received: 0
01-31 17:32:05.774  1376  1376 D SettingsSliceProvider: Starting background worker for: content://android.settings.slices/action/wifi
01-31 17:32:05.775  1376  4668 D VolumeSliceHelper: Unregistering uri broadcast relay: content://com.android.settings.slices/action/alarm_volume
01-31 17:32:05.775   682  1009 D BackgroundInstallControlService: Package event received: 0
01-31 17:32:05.779  1376  4591 I WifiPickerTracker: Scanning started
01-31 17:32:05.786  1376  4591 E WifiScanner: listener does not exist
01-31 17:32:05.786  1376  3662 I WifiManager: WifiStateChangedListenerProxy: onWifiStateChanged
01-31 17:32:05.796   682  1937 D ConnectivityService: requestNetwork for uid/pid:1000/1376 activeRequest: null callbackRequest: 228 [NetworkRequest [ REQUEST id=229, [ Capabilities: INTERNET&NOT_RESTRICTED&TRUSTED&NOT_VCN_MANAGED&NOT_BANDWIDTH_CONSTRAINED Uid: 1000 RequestorUid: 1000 RequestorPkg: com.android.settings UnderlyingNetworks: Null] ]] callback flags: 1 order: 2147483647 isUidTracked: false declaredMethods: AVAIL|LOST|NC
01-31 17:32:05.805  3791  3831 I NullBinder: NullBinder for com.google.android.gms.magictether.BIND triggering remote TransactionTooLargeException due to Service without Chimera impl, calling uid: 1000, calling pid: 1376
01-31 17:32:05.806   682   965 D ConnectivityService: NetReassign [no changes] [c 3] [a 10] [i 1]
01-31 17:32:05.807  3791  3831 W libbinder.Binder: Large reply transaction of 1056768 bytes, interface descriptor , code 1, flags 16
01-31 17:32:05.807  1376  1376 E libbinder.IPCThreadState: Binder transaction failure. id: 385198, cmd: BR_FAILED_REPLY (29201), error: -28 (No space left on device)
01-31 17:32:05.807  1376  1376 E JavaBinder: !!! FAILED BINDER TRANSACTION !!!  (parcel size = 188)
01-31 17:32:05.807   682  1937 W ActivityManager: pid 1376 com.android.settings sent binder code 1 with flags 0 and got error -2147483646
01-31 17:32:05.810   682   965 D ConnectivityService: NetReassign [229 : null  100] [c 0] [a 3] [i 1]
01-31 17:32:05.811  1376  1376 E SharedConnectivityManager: Exception in registerCallback
01-31 17:32:05.811  1376  1376 E SharedConnectivityManager: android.os.DeadObjectException: Transaction failed on small parcel; remote process probably died, but this could also be caused by running out of binder buffer space
01-31 17:32:05.811  1376  1376 E SharedConnectivityManager: 	at android.os.BinderProxy.transactNative(Native Method)
01-31 17:32:05.811  1376  1376 E SharedConnectivityManager: 	at android.os.BinderProxy.transact(BinderProxy.java:599)
01-31 17:32:05.811  1376  1376 E SharedConnectivityManager: 	at android.net.wifi.sharedconnectivity.service.ISharedConnectivityService$Stub$Proxy.registerCallback(ISharedConnectivityService.java:277)
01-31 17:32:05.811  1376  1376 E SharedConnectivityManager: 	at android.net.wifi.sharedconnectivity.app.SharedConnectivityManager.registerCallbackInternal(SharedConnectivityManager.java:320)
01-31 17:32:05.811  1376  1376 E SharedConnectivityManager: 	at android.net.wifi.sharedconnectivity.app.SharedConnectivityManager.registerCallback(SharedConnectivityManager.java:397)
01-31 17:32:05.811  1376  1376 E SharedConnectivityManager: 	at com.android.wifitrackerlib.BaseWifiTracker.onStart(BaseWifiTracker.java:421)
01-31 17:32:05.811  1376  1376 E SharedConnectivityManager: 	at com.google.android.wifitrackerlib.GoogleWifiPickerTracker.onStart(GoogleWifiPickerTracker.java:115)
01-31 17:32:05.811  1376  1376 E SharedConnectivityManager: 	at com.android.wifitrackerlib.BaseWifiTracker$WifiTrackerLifecycleObserver.onStart(BaseWifiTracker.java:107)
01-31 17:32:05.811  1376  1376 E SharedConnectivityManager: 	at java.lang.reflect.Method.invoke(Native Method)
01-31 17:32:05.811  1376  1376 E SharedConnectivityManager: 	at androidx.lifecycle.ClassesInfoCache$MethodReference.invokeCallback(ClassesInfoCache.java:222)
01-31 17:32:05.811  1376  1376 E SharedConnectivityManager: 	at androidx.lifecycle.ClassesInfoCache$CallbackInfo.invokeMethodsForEvent(ClassesInfoCache.java:199)
01-31 17:32:05.811  1376  1376 E SharedConnectivityManager: 	at androidx.lifecycle.ClassesInfoCache$CallbackInfo.invokeCallbacks(ClassesInfoCache.java:190)
01-31 17:32:05.811  1376  1376 E SharedConnectivityManager: 	at androidx.lifecycle.ReflectiveGenericLifecycleObserver.onStateChanged(ReflectiveGenericLifecycleObserver.java:41)
01-31 17:32:05.811  1376  1376 E SharedConnectivityManager: 	at androidx.lifecycle.LifecycleRegistry$ObserverWithState.dispatchEvent(LifecycleRegistry.jvm.kt:316)
01-31 17:32:05.811  1376  1376 E SharedConnectivityManager: 	at androidx.lifecycle.LifecycleRegistry.forwardPass(LifecycleRegistry.jvm.kt:253)
01-31 17:32:05.811  1376  1376 E SharedConnectivityManager: 	at androidx.lifecycle.LifecycleRegistry.sync(LifecycleRegistry.jvm.kt:291)
01-31 17:32:05.811  1376  1376 E SharedConnectivityManager: 	at androidx.lifecycle.LifecycleRegistry.moveToState(LifecycleRegistry.jvm.kt:136)
01-31 17:32:05.811  1376  1376 E SharedConnectivityManager: 	at androidx.lifecycle.LifecycleRegistry.setCurrentState(LifecycleRegistry.jvm.kt:102)
01-31 17:32:05.811  1376  1376 E SharedConnectivityManager: 	at androidx.lifecycle.LifecycleRegistry.markState(LifecycleRegistry.jvm.kt:90)
01-31 17:32:05.811  1376  1376 E SharedConnectivityManager: 	at com.android.settings.wifi.slice.WifiScanWorker.onSlicePinned(WifiScanWorker.java:71)
01-31 17:32:05.811  1376  1376 E SharedConnectivityManager: 	at com.android.settings.slices.SliceBackgroundWorker.pin(SliceBackgroundWorker.java:184)
01-31 17:32:05.811  1376  1376 E SharedConnectivityManager: 	at com.android.settings.slices.SettingsSliceProvider.startBackgroundWorker(SettingsSliceProvider.java:540)
01-31 17:32:05.811  1376  1376 E SharedConnectivityManager: 	at com.android.settings.slices.SettingsSliceProvider.lambda$onSlicePinned$0(SettingsSliceProvider.java:194)
01-31 17:32:05.811  1376  1376 E SharedConnectivityManager: 	at com.android.settings.slices.SettingsSliceProvider.$r8$lambda$7vBXjCoXvPqxhqTArpGjd4GUAz8(SettingsSliceProvider.java:0)
01-31 17:32:05.811  1376  1376 E SharedConnectivityManager: 	at com.android.settings.slices.SettingsSliceProvider$$ExternalSyntheticLambda1.run(R8$$SyntheticClass:0)
01-31 17:32:05.811  1376  1376 E SharedConnectivityManager: 	at android.os.Handler.handleCallback(Handler.java:1070)
01-31 17:32:05.811  1376  1376 E SharedConnectivityManager: 	at android.os.Handler.dispatchMessage(Handler.java:125)
01-31 17:32:05.811  1376  1376 E SharedConnectivityManager: 	at android.os.Looper.dispatchMessage(Looper.java:333)
01-31 17:32:05.811  1376  1376 E SharedConnectivityManager: 	at android.os.Looper.loopOnce(Looper.java:263)
01-31 17:32:05.811  1376  1376 E SharedConnectivityManager: 	at android.os.Looper.loop(Looper.java:367)
01-31 17:32:05.811  1376  1376 E SharedConnectivityManager: 	at android.app.ActivityThread.main(ActivityThread.java:9282)
01-31 17:32:05.811  1376  1376 E SharedConnectivityManager: 	at java.lang.reflect.Method.invoke(Native Method)
01-31 17:32:05.811  1376  1376 E SharedConnectivityManager: 	at com.android.internal.os.RuntimeInit$MethodAndArgsCaller.run(RuntimeInit.java:566)
01-31 17:32:05.811  1376  1376 E SharedConnectivityManager: 	at com.android.internal.os.ZygoteInit.main(ZygoteInit.java:929)
01-31 17:32:05.811  1376  1376 D WsuServiceClient: Binding to com.google.android.apps.carrier.carrierwifi
01-31 17:32:05.812  1376  1376 D WsuServiceClient: the specified wsu service is not installed.
