01-31 17:32:14.628  1622  1690 D PickerSyncController: Initialized cloud provider to: com.google.android.apps.photos.cloudpicker
01-31 17:32:14.628  1622  1690 D CloseableReentrantLock: Successfully released lock com.android.providers.media.photopicker.sync.CloseableReentrantLock@c52305a[Unlocked]. Lock Name = CLOUD_PROVIDER_LOCK. Threads that may be waiting to acquire this lock = []
01-31 17:32:14.629  1622  1690 I MediaApplication: PhotoPickerSettingsActivity is now enabled
01-31 17:32:14.684   682   817 D ActivityManager: freezing 2221 com.google.android.gms.ui
01-31 17:32:14.820  1641  2424 I AiAiAutofill: Disconnected AiAiAugmentedAutofillService.
01-31 17:32:14.859  1278  1278 I ActivityThread: Schedule relaunch activity: com.google.android.apps.nexuslauncher.NexusLauncherActivity
01-31 17:32:14.862  1278  1278 D CannedAnimCoordinator: Wrong controller access from k6.t@50a1f1d, actual provider null
01-31 17:32:14.877  1278  1278 D RecentsView: destroy
01-31 17:32:14.877  1278  1278 D RecentsDependencies: destroyed 27023189
01-31 17:32:14.877  1278  1278 D RecentsDependencies: also destroyed default scope
01-31 17:32:14.878  1278  1278 D TaskbarManager: onActivityDestroyed: displayId=0 isDefaultDisplay=true
01-31 17:32:14.878  1278  1278 D TaskbarManager: onActivityDestroyed: unregistering callbacks displayId=0 isDefaultDisplay=true
01-31 17:32:14.878  1278  1278 D TaskbarManager: onActivityDestroyed: setting taskbarUIController displayId=0 isDefaultDisplay=true
01-31 17:32:14.886  1278  1278 D TaskFragmentComponent: destroy task fragment
01-31 17:32:14.886  1278  1278 D TaskFragmentComponent: java.lang.Exception
01-31 17:32:14.886  1278  1278 D TaskFragmentComponent: 	at com.google.android.apps.nexuslauncher.overlay.TaskFragmentOverlayManager.onActivityDestroyed(go/retraceme 7101499b44b219b757f6885b35ae099b24fc769225595efcaaacae5b0f94500b:59)
01-31 17:32:14.886  1278  1278 D TaskFragmentComponent: 	at com.android.launcher3.Launcher.onDestroy(go/retraceme 7101499b44b219b757f6885b35ae099b24fc769225595efcaaacae5b0f94500b:186)
01-31 17:32:14.886  1278  1278 D TaskFragmentComponent: 	at com.android.launcher3.uioverrides.QuickstepLauncher.onDestroy(go/retraceme 7101499b44b219b757f6885b35ae099b24fc769225595efcaaacae5b0f94500b:143)
01-31 17:32:14.886  1278  1278 D TaskFragmentComponent: 	at com.google.android.apps.nexuslauncher.NexusLauncherActivity.onDestroy(go/retraceme 7101499b44b219b757f6885b35ae099b24fc769225595efcaaacae5b0f94500b:68)
01-31 17:32:14.886  1278  1278 D TaskFragmentComponent: 	at android.app.Activity.performDestroy(Activity.java:9628)
01-31 17:32:14.886  1278  1278 D TaskFragmentComponent: 	at android.app.Instrumentation.callActivityOnDestroy(Instrumentation.java:1576)
01-31 17:32:14.886  1278  1278 D TaskFragmentComponent: 	at android.app.ActivityThread.performDestroyActivity(ActivityThread.java:6523)
01-31 17:32:14.886  1278  1278 D TaskFragmentComponent: 	at android.app.ActivityThread.handleDestroyActivity(ActivityThread.java:6568)
01-31 17:32:14.886  1278  1278 D TaskFragmentComponent: 	at android.app.ActivityThread.handleRelaunchActivityInner(ActivityThread.java:6853)
01-31 17:32:14.886  1278  1278 D TaskFragmentComponent: 	at android.app.ActivityThread.handleRelaunchActivity(ActivityThread.java:6768)
01-31 17:32:14.886  1278  1278 D TaskFragmentComponent: 	at android.app.servertransaction.ActivityRelaunchItem.execute(ActivityRelaunchItem.java:108)
01-31 17:32:14.886  1278  1278 D TaskFragmentComponent: 	at android.app.servertransaction.ActivityTransactionItem.execute(ActivityTransactionItem.java:63)
01-31 17:32:14.886  1278  1278 D TaskFragmentComponent: 	at android.app.servertransaction.TransactionExecutor.executeNonLifecycleItem(TransactionExecutor.java:133)
01-31 17:32:14.886  1278  1278 D TaskFragmentComponent: 	at android.app.servertransaction.TransactionExecutor.executeTransactionItems(TransactionExecutor.java:103)
01-31 17:32:14.886  1278  1278 D TaskFragmentComponent: 	at android.app.servertransaction.TransactionExecutor.execute(TransactionExecutor.java:80)
01-31 17:32:14.886  1278  1278 D TaskFragmentComponent: 	at android.app.ClientTransactionHandler.executeTransaction(ClientTransactionHandler.java:71)
01-31 17:32:14.886  1278  1278 D TaskFragmentComponent: 	at android.app.ActivityThread.handleRelaunchActivityLocally(ActivityThread.java:6834)
01-31 17:32:14.886  1278  1278 D TaskFragmentComponent: 	at android.app.ActivityThread$H.handleMessage(ActivityThread.java:2967)
01-31 17:32:14.886  1278  1278 D TaskFragmentComponent: 	at android.os.Handler.dispatchMessage(Handler.java:132)
01-31 17:32:14.886  1278  1278 D TaskFragmentComponent: 	at android.os.Looper.dispatchMessage(Looper.java:333)
01-31 17:32:14.886  1278  1278 D TaskFragmentComponent: 	at android.os.Looper.loopOnce(Looper.java:263)
01-31 17:32:14.886  1278  1278 D TaskFragmentComponent: 	at android.os.Looper.loop(Looper.java:367)
01-31 17:32:14.886  1278  1278 D TaskFragmentComponent: 	at android.app.ActivityThread.main(ActivityThread.java:9282)
01-31 17:32:14.886  1278  1278 D TaskFragmentComponent: 	at java.lang.reflect.Method.invoke(Native Method)
01-31 17:32:14.886  1278  1278 D TaskFragmentComponent: 	at com.android.internal.os.RuntimeInit$MethodAndArgsCaller.run(RuntimeInit.java:566)
01-31 17:32:14.886  1278  1278 D TaskFragmentComponent: 	at com.android.internal.os.ZygoteInit.main(ZygoteInit.java:929)
01-31 17:32:14.893   682   729 V WindowManager: deferTransitionReady deferReadyDepth=1 stack=com.android.server.wm.WindowOrganizerController.applyTransaction:658 com.android.server.wm.WindowOrganizerController.applyTransaction:636 com.android.server.wm.WindowOrganizerController.lambda$applyTaskFragmentTransactionLocked$5:602 com.android.server.wm.WindowOrganizerController.$r8$lambda$b9SZ7IAloD3MuUhvAJTdz5zHJ5k:0 com.android.server.wm.WindowOrganizerController$$ExternalSyntheticLambda4.onCollectStarted:0 
01-31 17:32:14.893   682   729 D ActivityTaskManager: Remove task fragment: deleteTaskFragment
01-31 17:32:14.900   682   729 V WindowManager: continueTransitionReady deferReadyDepth=0 stack=com.android.server.wm.WindowOrganizerController.applyTransaction:799 com.android.server.wm.WindowOrganizerController.applyTransaction:636 com.android.server.wm.WindowOrganizerController.lambda$applyTaskFragmentTransactionLocked$5:602 com.android.server.wm.WindowOrganizerController.$r8$lambda$b9SZ7IAloD3MuUhvAJTdz5zHJ5k:0 com.android.server.wm.WindowOrganizerController$$ExternalSyntheticLambda4.onCollectStarted:0 
01-31 17:32:14.918   682   729 V WindowManager: Defer transition id=23 for TaskFragmentTransaction=android.os.Binder@2f24fe9
01-31 17:32:14.918   682   729 V WindowManager: deferTransitionReady deferReadyDepth=1 stack=com.android.server.wm.TransitionController.deferTransitionReady:1061 com.android.server.wm.TaskFragmentOrganizerController$TaskFragmentOrganizerState.dispatchTransaction:517 com.android.server.wm.TaskFragmentOrganizerController.dispatchPendingEvents:1259 com.android.server.wm.TaskFragmentOrganizerController.dispatchPendingEvents:1228 com.android.server.wm.RootWindowContainer.performSurfacePlacement:777 
01-31 17:32:14.923   682  1937 W TransitionChain: Combining tfTransact into #23(CLOSE|R|0x0) from tfTransact
01-31 17:32:14.924   682  1937 V WindowManager: deferTransitionReady deferReadyDepth=2 stack=com.android.server.wm.WindowOrganizerController.applyTransaction:658 com.android.server.wm.WindowOrganizerController.applyTaskFragmentTransactionLocked:585 com.android.server.wm.TaskFragmentOrganizerController.applyTransaction:764 android.window.ITaskFragmentOrganizerController$Stub.onTransact:240 android.os.Binder.execTransactInternal:1473 
01-31 17:32:14.924   682  1937 V WindowManager: continueTransitionReady deferReadyDepth=1 stack=com.android.server.wm.WindowOrganizerController.applyTransaction:799 com.android.server.wm.WindowOrganizerController.applyTaskFragmentTransactionLocked:585 com.android.server.wm.TaskFragmentOrganizerController.applyTransaction:764 android.window.ITaskFragmentOrganizerController$Stub.onTransact:240 android.os.Binder.execTransactInternal:1473 
01-31 17:32:14.925   682  1937 V WindowManager: Defer transition id=23 for TaskFragmentTransaction=android.os.Binder@3f33d32
01-31 17:32:14.925   682  1937 V WindowManager: deferTransitionReady deferReadyDepth=2 stack=com.android.server.wm.TransitionController.deferTransitionReady:1061 com.android.server.wm.TaskFragmentOrganizerController$TaskFragmentOrganizerState.dispatchTransaction:517 com.android.server.wm.TaskFragmentOrganizerController.dispatchPendingEvents:1259 com.android.server.wm.TaskFragmentOrganizerController.dispatchPendingEvents:1228 com.android.server.wm.RootWindowContainer.performSurfacePlacement:777 
01-31 17:32:14.935  1050  1120 V WindowManagerShell: Transition requested (#23): android.os.BinderProxy@14b34fe TransitionRequestInfo { type = CLOSE, triggerTask = null, pipChange = null, remoteTransition = RemoteTransition { remoteTransition = android.window.IRemoteTransition$Stub$Proxy@19f245f, appThread = null, debugName = TaskFragmentComponent }, displayChange = null, requestedLocation = null, userChange = null, windowingLayerChange = null, flags = 0, debugId = 23 }
01-31 17:32:14.936  1050  1120 V WindowManagerShell: RemoteTransition directly requested for (#23) android.os.BinderProxy@14b34fe: RemoteTransition { remoteTransition = android.window.IRemoteTransition$Stub$Proxy@19f245f, appThread = null, debugName = TaskFragmentComponent }
01-31 17:32:14.936  1050  1120 V WindowManagerShell: Transition (#23): request handled by RemoteTransitionHandler
01-31 17:32:14.942  1278  1278 D WindowOnBackDispatcher: setTopOnBackInvokedCallback (unwrapped): null
01-31 17:32:14.943   682  1937 D CoreBackPreview: Window{5e9f84a u0 com.google.android.apps.nexuslauncher/com.google.android.apps.nexuslauncher.NexusLauncherActivity}: Setting back callback null
01-31 17:32:14.961  1278  1278 D RecentsView: reset - mEnableDrawingLiveTile: false, mRecentsAnimationController: null
01-31 17:32:14.965  1278  1278 D RecentsView: cleanupRemoteTargets - mRemoteTargetHandles: null
01-31 17:32:14.978  1278  1278 D ViewRootImpl: Skipping stats log for color mode
01-31 17:32:14.991  1278  1278 D UnlockComponentFactory: instantiateActivity() com.google.android.apps.nexuslauncher.NexusLauncherActivity isUserLocked: false
01-31 17:32:15.076   682  5542 E SettingsToPropertiesMapper: key=persist.device_config.configuration.AdbWritableFlags__adb_writable_flags_list value=adservices/disable_sdk_sandbox,adservices/enforce_broadcast_receiver_restrictions,adservices/fledge_ad_selection_enforce_foreground_status_custom_audience,adservices/fledge_custom_audience_max_count,adservices/fledge_custom_audience_max_num_ads,adservices/fledge_custom_audience_max_owner_count,adservices/fledge_custom_audience_per_app_max_count,adservices/fledge_js_isolate_enforce_max_heap_size,adservices/fledge_js_isolate_max_heap_size_bytes,adservices/sdk_request_permits_per_second,adservices/sdksandbox_customized_sdk_context_enabled,configuration/namespace_to_package_mapping,constrain_display_apis/always_constrain_display_apis,constrain_display_apis/never_constrain_display_apis,constrain_display_apis/never_constrain_display_apis_all_packages,device_policy_manager/disable_resources_updatability,flipendo/default_savings_mode_launch,flipendo/essential_apps,flipendo/flipendo_enabled_launch,flipendo/grayscale_enabled_launch,flipendo/lever_ble_scanning_enabled_launch,flipendo/lever_hotspot_enabled_launch,flipendo/lever_work_profile_enabled_launch,flipendo/resuspend_delay_minutes,namespace/key,namespace1/key1,namespace1/key2,namespace2/key1,namespace2/key2,package_manager_service/incfs_default_timeouts,package_manager_service/known_digesters_list,privacy/location_access_check_periodic_interval_millis,rollback/enable_rollback_timeout,rollback/watchdog_explicit_health_check_enabled,rollback/watchdog_request_timeout_millis,rollback/watchdog_trigger_failure_count,rollback/watchdog_trigger_failure_duration_millis,rollback_boot/rollback_lifetime_in_millis,systemui/nas_generate_actions,systemui/nas_generate_replies,systemui/nas_max_messages_to_extract,systemui/nas_max_suggestions,testspace/another,testspace/flagname,textclassifier/config_updater_model_enabled,textclassifier/key,textclassifier/key2,textclassifier/manifest_url_annotator_en,textclassifier/manifest_url_annotator_ru,textclassifier/model_download_backoff_delay_in_millis,textclassifier/model_download_manager_enabled,textclassifier/multi_language_support_enabled,textclassifier/testing_locale_list_override,textclassifier/textclassifier_service_package_override,window_manager/enable_default_rescind_bal_privileges_from_pending_intent_sender,wrong/nas_generate_replies, exceeds system property max length.
01-31 17:32:15.087  1278  1278 D RecentsDependencies: initializing
01-31 17:32:15.088  1278  1278 D RecentsDependencies: startDefaultScope
01-31 17:32:15.088  1278  1278 D RecentsDependencies: createRecentsViewScope 204674132
01-31 17:32:15.111  2470  5554 W Settings: Setting airplane_mode_on has moved from android.provider.Settings.System to android.provider.Settings.Global, returning read-only value.
01-31 17:32:15.137  2470  5554 I DialerVoicemailStatusDataServiceImpl: com.android.dialer.voicemailstatus.dataservice.impl.VoicemailStatusDataServiceImpl.insertOrUpdateVoicemailStatus:261 merged status: # tbc@9774042b
01-31 17:32:15.161  2470  2580 I DialerSemanticEventLoggerEnabledFn: com.android.dialer.cui.impl.SemanticEventLoggerEnabledFn.isEnabled:21 Disabled by flag [CONTEXT ratelimit_period="1 MINUTES" skipped=8 ]
01-31 17:32:15.161  2470  2580 I DialerCuiSemanticLoggerFactory: com.android.dialer.cui.CuiSemanticLoggerFactory$FakeSemanticEventLogger.handleError:105 logError: Matching cui event logger was not specified. No event logged. [CONTEXT ratelimit_period="5 MINUTES" ]
01-31 17:32:15.162  2470  2580 E DialerVvmExecutorImpl: com.android.dialer.voicemail.service.impl.scheduler.VvmExecutorImpl.executeWorkOnCarrierService:427 Exception during vvm work for ComponentInfo{com.android.phone/com.android.services.telephony.TelephonyConnectionService}, 1, UserHandle{0} [CONTEXT enable_persistent_logger=true disable_client_error_logging=true ]
01-31 17:32:15.162  2470  2580 E DialerVvmExecutorImpl: sfb: VVM failure reason: 2
01-31 17:32:15.162  2470  2580 E DialerVvmExecutorImpl: 	at smq.onAuthenticationFailure(PG:93)
01-31 17:32:15.162  2470  2580 E DialerVvmExecutorImpl: 	at android.telephony.TelephonyManager$19.lambda$onAuthenticationFailure$1(TelephonyManager.java:18078)
01-31 17:32:15.162  2470  2580 E DialerVvmExecutorImpl: 	at android.telephony.TelephonyManager$19$$ExternalSyntheticLambda1.run(D8$$SyntheticClass:0)
01-31 17:32:15.162  2470  2580 E DialerVvmExecutorImpl: 	at xlk.run(PG:7)
01-31 17:32:15.162  2470  2580 E DialerVvmExecutorImpl: 	at adoy.run(PG:44)
01-31 17:32:15.162  2470  2580 E DialerVvmExecutorImpl: 	at wvj.run(PG:254)
01-31 17:32:15.162  2470  2580 E DialerVvmExecutorImpl: 	at tif.run(PG:267)
01-31 17:32:15.162  2470  2580 E DialerVvmExecutorImpl: 	at java.lang.Thread.run(Thread.java:1563)
01-31 17:32:15.162  2470  2580 E DialerVvmExecutorImpl: 	at xmm.run(PG:61)
01-31 17:32:15.173  2470  2546 W DialerVvmExecutorImpl: com.android.dialer.voicemail.service.impl.scheduler.VvmExecutorImpl.execute:315 Recoverable VVM error: [GeneralFailureReason: UNSPECIFIED, RestFailureReason: GBA_AUTHENTICATION_FAILURE_FEATURE_NOT_SUPPORTED, OmtpFailureReason: OMTP_UNSPECIFIED] for ComponentInfo{com.android.phone/com.android.services.telephony.TelephonyConnectionService}, 1, UserHandle{0}
01-31 17:32:15.173  2470  2546 W DialerVvmExecutorImpl: sfb: VVM failure reason: 2
01-31 17:32:15.173  2470  2546 W DialerVvmExecutorImpl: 	at smq.onAuthenticationFailure(PG:93)
01-31 17:32:15.173  2470  2546 W DialerVvmExecutorImpl: 	at android.telephony.TelephonyManager$19.lambda$onAuthenticationFailure$1(TelephonyManager.java:18078)
01-31 17:32:15.173  2470  2546 W DialerVvmExecutorImpl: 	at android.telephony.TelephonyManager$19$$ExternalSyntheticLambda1.run(D8$$SyntheticClass:0)
01-31 17:32:15.173  2470  2546 W DialerVvmExecutorImpl: 	at xlk.run(PG:7)
01-31 17:32:15.173  2470  2546 W DialerVvmExecutorImpl: 	at adoy.run(PG:44)
01-31 17:32:15.173  2470  2546 W DialerVvmExecutorImpl: 	at wvj.run(PG:254)
01-31 17:32:15.173  2470  2546 W DialerVvmExecutorImpl: 	at tif.run(PG:267)
01-31 17:32:15.173  2470  2546 W DialerVvmExecutorImpl: 	at java.lang.Thread.run(Thread.java:1563)
01-31 17:32:15.173  2470  2546 W DialerVvmExecutorImpl: 	at xmm.run(PG:61)
01-31 17:32:15.176  2470  2546 I DialerVoicemailStatusDataServiceImpl: com.android.dialer.voicemailstatus.dataservice.impl.VoicemailStatusDataServiceImpl.insertOrUpdateVoicemailStatus:247 enter
01-31 17:32:15.255  1050  1050 D NavigationModeController: getCurrentUserContext: contextUser=0 currentUser=0
01-31 17:32:15.367  3791  5540 I PlatformConfigurator: updateFromConfigurations using legacy put method [CONTEXT service_id=204 ]
01-31 17:32:15.459  1278  1278 E RecyclerView: Cannot scroll to position a LayoutManager set. Call setLayoutManager with a non-null argument.
01-31 17:32:15.459  1278  1278 D ActivityAllAppsContainerView: rebindAdapters: force: true
01-31 17:32:15.459  1278  1278 D ActivityAllAppsContainerView: replaceAppsRVContainer: showTabs: false
01-31 17:32:15.459  1278  1278 D AlphabeticalAppsList: Clearing FastScrollerSections.
01-31 17:32:15.459  1278  1278 D AlphabeticalAppsList: Adding apps with sections. HasPrivateApps: true
01-31 17:32:15.459  1278  1278 E RecyclerView: Cannot scroll to position a LayoutManager set. Call setLayoutManager with a non-null argument.
01-31 17:32:15.460  1278  1278 D DeviceSearchAlg: search timeout = %d200
01-31 17:32:15.461  1278  1278 D SsCardRecyclerViewAdapter: Updating Smartspace targets to targets for Lockscreen
01-31 17:32:15.468  1278  1278 D SsCardRecyclerViewAdapter: Updating Smartspace targets to targets for Lockscreen
01-31 17:32:15.470  1278  1278 W SsPagerDots: Total number of pages invalid: 0. Assuming 1 page.
01-31 17:32:15.470  1278  1278 W BcSmartspaceView: Current card is not present in the Adapter; cannot log.
01-31 17:32:15.470  1278  1278 D CellLayout: Adding view to ShortcutsAndWidgetsContainer: com.google.android.apps.nexuslauncher.qsb.SmartspaceViewContainer{a42cd74 V.E...... ......I. 0,0-0,0 #7f0a0346 app:id/search_container_workspace}
01-31 17:32:15.477  1278  1278 D OverviewActionsView: updateActionButtonsVisibility() called: showSingleTaskActions = [true], showGroupActions = [false]
01-31 17:32:15.522  1641  2424 I AiAiAutofill: Connected AiAiAugmentedAutofillService.
01-31 17:32:15.561   682   959 I HalDevMgr: bestIfaceCreationProposal is null, requestIface=STA, existingIface=[name=wlan0 type=STA]
01-31 17:32:15.595   682   682 D SelinuxAuditLogs: SelinuxAuditLogsService scheduled successfully.
01-31 17:32:15.624  1278  1278 D AllAppsTransitionController: shouldProtectHeader: false skipScrim: false state: Normal stateManager.getState(): Normal
01-31 17:32:15.625  1278  1278 D KeyboardInsetsHandler: setState, toState:Normal StateManager(mLastStableState:Normal, mCurrentStableState:Normal, mState:Normal, mRestState:null, isInTransition:false)
01-31 17:32:15.625  1278  1278 D KeyboardInsetsHandler: removePendingImeController: pendingImeController=null
01-31 17:32:15.626  1278  1278 D ActivityContext: hideKeyboard
01-31 17:32:15.626  1278  1278 D ActivityContext: isImeShown: false
01-31 17:32:15.626  1278  1278 D ActivityContext: hideKeyboard: WIC IS NULL
01-31 17:32:15.626  1278  1278 D ActivityContext: InputMethodManager: android.view.inputmethod.InputMethodManager@f2718f8 token: null
01-31 17:32:15.626  1278  1278 D CellLayout: Adding view to ShortcutsAndWidgetsContainer: com.google.android.apps.nexuslauncher.qsb.SmartspaceViewContainer{a42cd74 V.E...... ......I. 0,0-0,0 #7f0a0346 app:id/search_container_workspace}
01-31 17:32:15.626  1278  1278 D ModelCallbacks: startBinding: hotseat layout was vertical: false and is setting to false
01-31 17:32:15.641  1278  1278 D Launcher.Workspace: addInScreenFromBind: hotseat inflation with x = 0 and y = 0
01-31 17:32:15.643  1278  1278 D CellLayout: Adding view to ShortcutsAndWidgetsContainer: com.android.launcher3.views.DoubleShadowBubbleTextView{8148eb VFED..C.. ......ID 0,0-0,0 #1}
01-31 17:32:15.643  1278  1278 D Launcher.Workspace: addInScreenFromBind: hotseat inflation with x = 1 and y = 0
01-31 17:32:15.643  1278  1278 D CellLayout: Adding view to ShortcutsAndWidgetsContainer: com.android.launcher3.views.DoubleShadowBubbleTextView{c05d648 VFED..C.. ......ID 0,0-0,0 #2}
01-31 17:32:15.643  1278  1278 D Launcher.Workspace: addInScreenFromBind: hotseat inflation with x = 2 and y = 0
01-31 17:32:15.643  1278  1278 D CellLayout: Adding view to ShortcutsAndWidgetsContainer: com.android.launcher3.views.DoubleShadowBubbleTextView{9765ce1 VFED..C.. ......ID 0,0-0,0 #3}
01-31 17:32:15.643  1278  1278 D CellLayout: Adding view to ShortcutsAndWidgetsContainer: com.android.launcher3.views.DoubleShadowBubbleTextView{eb84a06 VFED..C.. ......ID 0,0-0,0 #4}
01-31 17:32:15.643  1278  1278 D CellLayout: Adding view to ShortcutsAndWidgetsContainer: com.android.launcher3.views.DoubleShadowBubbleTextView{1a988c7 VFED..C.. ......ID 0,0-0,0 #5}
01-31 17:32:15.643  1278  1278 D CellLayout: Adding view to ShortcutsAndWidgetsContainer: com.android.launcher3.views.DoubleShadowBubbleTextView{dc60ef4 VFED..C.. ......ID 0,0-0,0 #6}
01-31 17:32:15.643  1278  1278 D CellLayout: Adding view to ShortcutsAndWidgetsContainer: com.android.launcher3.views.DoubleShadowBubbleTextView{a9ae61d VFED..C.. ......ID 0,0-0,0 #7}
01-31 17:32:15.643  1278  1278 D ModelCallbacks: Starting async inflation
01-31 17:32:15.644  1278  1278 D AllAppsStore: setApps: apps.length=20
01-31 17:32:15.644  1278  1278 D AllAppsStore: notifyUpdate: notifying listeners
01-31 17:32:15.644  1278  1278 D ActivityAllAppsContainerView: onAppsUpdated; number of apps: 20
01-31 17:32:15.644  1278  1278 D ActivityAllAppsContainerView: rebindAdapters: force: false
01-31 17:32:15.644  1278  1278 D ActivityAllAppsContainerView: rebindAdapters: Not needed.
01-31 17:32:15.644  1278  1278 D StatsLog: LAUNCHER_ALLAPPS_COUNT
01-31 17:32:15.644  1278  1278 D AlphabeticalAppsList: Clearing FastScrollerSections.
01-31 17:32:15.644  1278  1278 D AlphabeticalAppsList: Adding apps with sections. HasPrivateApps: false
01-31 17:32:15.644  1278  1278 D AlphabeticalAppsList: addAppsWithSections: adding sectionName: C with appInfoTitle: Calendar
01-31 17:32:15.644  1278  1278 D AlphabeticalAppsList: addAppsWithSections: adding sectionName: D with appInfoTitle: Drive
01-31 17:32:15.644  1278  1278 D AlphabeticalAppsList: addAppsWithSections: adding sectionName: F with appInfoTitle: Files
01-31 17:32:15.644  1278  1278 D AlphabeticalAppsList: addAppsWithSections: adding sectionName: G with appInfoTitle: Gmail
01-31 17:32:15.644  1278  1278 D AlphabeticalAppsList: addAppsWithSections: adding sectionName: M with appInfoTitle: Maps
01-31 17:32:15.644  1278  1278 D AlphabeticalAppsList: addAppsWithSections: adding sectionName: P with appInfoTitle: Phone
01-31 17:32:15.644  1278  1278 D AlphabeticalAppsList: addAppsWithSections: adding sectionName: S with appInfoTitle: Safety
01-31 17:32:15.644  1278  1278 D AlphabeticalAppsList: addAppsWithSections: adding sectionName: T with appInfoTitle: TMoble
01-31 17:32:15.644  1278  1278 D AlphabeticalAppsList: addAppsWithSections: adding sectionName: Y with appInfoTitle: YouTube
01-31 17:32:15.644  1278  1278 D AlphabeticalAppsList: Adding FastScrollSection duplicate to scroll to the bottom.
01-31 17:32:15.644  1278  1278 D AlphabeticalAppsList: Clearing FastScrollerSections.
01-31 17:32:15.644  1278  1278 D AlphabeticalAppsList: Adding apps with sections. HasPrivateApps: false
01-31 17:32:15.644  1278  1278 D AlphabeticalAppsList: addAppsWithSections: adding sectionName: C with appInfoTitle: Calendar
01-31 17:32:15.644  1278  1278 D AlphabeticalAppsList: addAppsWithSections: adding sectionName: D with appInfoTitle: Drive
01-31 17:32:15.644  1278  1278 D AlphabeticalAppsList: addAppsWithSections: adding sectionName: F with appInfoTitle: Files
01-31 17:32:15.644  1278  1278 D AlphabeticalAppsList: addAppsWithSections: adding sectionName: G with appInfoTitle: Gmail
01-31 17:32:15.644  1278  1278 D AlphabeticalAppsList: addAppsWithSections: adding sectionName: M with appInfoTitle: Maps
01-31 17:32:15.644  1278  1278 D AlphabeticalAppsList: addAppsWithSections: adding sectionName: P with appInfoTitle: Phone
01-31 17:32:15.644  1278  1278 D AlphabeticalAppsList: addAppsWithSections: adding sectionName: S with appInfoTitle: Safety
01-31 17:32:15.644  1278  1278 D AlphabeticalAppsList: addAppsWithSections: adding sectionName: T with appInfoTitle: TMoble
01-31 17:32:15.644  1278  1278 D AlphabeticalAppsList: addAppsWithSections: adding sectionName: Y with appInfoTitle: YouTube
01-31 17:32:15.644  1278  1278 D AlphabeticalAppsList: Adding FastScrollSection duplicate to scroll to the bottom.
01-31 17:32:15.669  1641  1641 I AiAiEcho: SearchContextManagerImpl::setSearchContext resultTypes=[139867] extras=[Bundle[{launcher.maxInlineIcons=3, dynamic_ranking_m3_enabled=true, qs_tiles_asi_enabled=true, allowlist_enabled=false, one_search_enabled=true, system_clock=true, version_code=12, gms_play_query_lower_bound=2, gms_play_query_upper_bound=20, recent_search_block_enabled=true, gms_play_feature_supported=true, launcher.gridSize=4, showhiddentargets_enabled=false, ose_info=1}]] sessionId=[com.google.android.apps.nexuslauncher:fb0f38cc-7ef4-43ad-b7f6-13be6a5da769,0]
01-31 17:32:15.676  1278  1278 D AlphabeticIndexCompat: computeSectionName: cs: Settings sectionName: S
01-31 17:32:15.679  1278  1305 D SearchTargetUtil: queryLength=0 size=1
01-31 17:32:15.679  1278  1305 D SearchTargetUtil: layoutType=icon_row resultType=4096 packageName=
01-31 17:32:15.686  1278  1278 D AlphabeticIndexCompat: computeSectionName: cs: Photos sectionName: P
01-31 17:32:15.696   682   682 D AppHibernationService: App hibernation changed to enabled=true
01-31 17:32:15.700  1278  1278 D AlphabeticIndexCompat: computeSectionName: cs: Battery sectionName: B
01-31 17:32:15.700  1278  1278 D AlphabeticIndexCompat: computeSectionName: cs: Chrome sectionName: C
01-31 17:32:15.700  1278  1278 D AlphabeticIndexCompat: computeSectionName: cs: Gmail sectionName: G
01-31 17:32:15.709  1278  1278 D AlphabeticIndexCompat: computeSectionName: cs: Drive sectionName: D
01-31 17:32:15.709  1278  1278 D AlphabeticIndexCompat: computeSectionName: cs: Clock sectionName: C
01-31 17:32:15.710  1278  1278 D AlphabeticIndexCompat: computeSectionName: cs: Contacts sectionName: C
01-31 17:32:15.710  1278  1278 D AlphabeticIndexCompat: computeSectionName: cs: Calendar sectionName: C
01-31 17:32:15.711  1278  1278 D AlphabeticIndexCompat: computeSectionName: cs: Maps sectionName: M
01-31 17:32:15.711  1278  1278 D AlphabeticIndexCompat: computeSectionName: cs: YouTube Music sectionName: Y
01-31 17:32:15.739  1376  1406 D SliceBuilder: Creating slice for: com.android.settings.display.SmartAutoRotatePreferenceController
01-31 17:32:15.748  1278  1278 D AlphabeticIndexCompat: computeSectionName: cs: YouTube sectionName: Y
01-31 17:32:15.759  1278  1278 D AlphabeticIndexCompat: computeSectionName: cs: Google sectionName: G
01-31 17:32:15.767  1278  1278 D AlphabeticIndexCompat: computeSectionName: cs: Android System Intelligence sectionName: A
01-31 17:32:15.791  1278  1278 D AlphabeticIndexCompat: computeSectionName: cs: Digital Wellbeing sectionName: D
01-31 17:32:15.791  1278  1278 D AlphabeticIndexCompat: computeSectionName: cs: Conversations sectionName: C
01-31 17:32:15.810  1278  1278 D OverviewActionsView: updateActionButtonsVisibility() called: showSingleTaskActions = [true], showGroupActions = [false]
01-31 17:32:15.839   682   729 V WindowManager: Queueing transition: TransitionRecord{36a31f9 id=-1 type=CHANGE flags=0x0 parallelCollectType=NONE recentsDisplayId=-1}
01-31 17:32:15.891  1278  1278 D b/380940677: [mStateHandlerRequest=0, mCurrentStateRequest=0, mLastActivityFlags=5, mIgnoreAutoRotateSettings=false, mHomeRotationEnabled=false, mForceAllowRotationForTesting=false, mDestroyed=false, mIsFixedLandscape=false]
01-31 17:32:15.894  1278  1307 I PluginActionManager[com.android.systemui.action.PLUGIN_LAUNCHER_OVERLAY]: Found 0 plugins
01-31 17:32:15.911  1278  1278 D BaseActivity: Launcher flags updated: [state_started] +[state_started]
01-31 17:32:15.923  1278  1278 D ActivityAllAppsContainerView: rebindAdapters: force: false
01-31 17:32:15.923  1278  1278 D ActivityAllAppsContainerView: rebindAdapters: Not needed.
01-31 17:32:15.923  1278  1278 D BaseActivity: Launcher flags updated: [state_started|state_resumed|state_user_active] +[state_resumed|state_user_active]
01-31 17:32:15.934  1278  1305 D InputMonitorCompat: Input monitor (minus-one-disp0) created
01-31 17:32:15.951  1278  1305 D InputMonitorCompat: Input event receiver for monitor (minus-one-disp0) created
01-31 17:32:15.960  1050  1120 D WindowManagerShell: setLauncherKeepClearAreaHeight: visible=true, height=495
01-31 17:32:15.961  1278  1278 D BaseActivity: Launcher flags updated: [state_started|state_user_active] -[state_resumed]
01-31 17:32:15.962  1278  1278 W SplitSelectStateCtor: Missing session instanceIds
01-31 17:32:15.962  1278  1278 D StatsLog: LAUNCHER_SPLIT_SELECTION_EXIT_INTERRUPTED
01-31 17:32:15.962  1278  1278 D BaseActivity: Launcher flags updated: [] -[state_started|state_user_active]
01-31 17:32:15.969  1050  1120 D WindowManagerShell: setLauncherKeepClearAreaHeight: visible=false, height=495
01-31 17:32:15.970  1278  1278 D LauncherStateManager: StateManager.goToState: fromState: Normal, toState: Normal, partial trace:
01-31 17:32:15.970  1278  1278 D LauncherStateManager: 	at com.android.launcher3.statemanager.StateManager.moveToRestState(go/retraceme 7101499b44b219b757f6885b35ae099b24fc769225595efcaaacae5b0f94500b:6)
01-31 17:32:15.970  1278  1278 D LauncherStateManager: 	at com.android.launcher3.statemanager.StateManager.moveToRestState(go/retraceme 7101499b44b219b757f6885b35ae099b24fc769225595efcaaacae5b0f94500b:2)
01-31 17:32:15.970  1278  1278 D LauncherStateManager: 	at com.android.launcher3.statemanager.StatefulActivity.onStop(go/retraceme 7101499b44b219b757f6885b35ae099b24fc769225595efcaaacae5b0f94500b:32)
01-31 17:32:15.970  1278  1278 D LauncherStateManager: StateManager.onRepeatStateSetAborted: state: Normal
01-31 17:32:15.970  1278  1278 D ActivityContext: hideKeyboard
01-31 17:32:15.970  1278  1278 D ActivityContext: isImeShown: false
01-31 17:32:15.991  1278  1278 D StatsLog: LAUNCHER_GOOGLE_SEARCH_RESTORE_LIST_SIZE_AFTER_ACTIVITY_RESTART
01-31 17:32:15.995  1278  1278 I Choreographer: Skipped 66 frames!  The application may be doing too much work on its main thread.
01-31 17:32:16.004  1376  1406 D SliceBuilder: Creating slice for: com.android.settings.deviceinfo.hardwareinfo.DeviceModelPreferenceController
01-31 17:32:16.007  1278  1278 D WindowOnBackDispatcher: setTopOnBackInvokedCallback (unwrapped): android.app.Activity$$ExternalSyntheticLambda0@ffdfd84
01-31 17:32:16.008  1278  1278 D WindowOnBackDispatcher: setTopOnBackInvokedCallback (unwrapped): com.android.launcher3.uioverrides.QuickstepLauncher$3@a7b596d
01-31 17:32:16.024  1278  1307 I PluginActionManager[com.android.systemui.action.PLUGIN_BC_SMARTSPACE_DATA]: Found 0 plugins
01-31 17:32:16.028  1376  1406 D SliceBuilder: Creating slice for: com.android.settings.notification.MediaVolumePreferenceController
01-31 17:32:16.037   682  1926 D CoreBackPreview: Window{912f4b5 u0 com.google.android.apps.nexuslauncher/com.google.android.apps.nexuslauncher.NexusLauncherActivity}: Setting back callback OnBackInvokedCallbackInfo{mCallback=android.window.IOnBackInvokedCallback$Stub$Proxy@6fa056d, mPriority=-1, mIsAnimationCallback=false, mOverrideBehavior=0}
01-31 17:32:16.037   682  1926 D CoreBackPreview: Window{912f4b5 u0 com.google.android.apps.nexuslauncher/com.google.android.apps.nexuslauncher.NexusLauncherActivity}: Setting back callback OnBackInvokedCallbackInfo{mCallback=android.window.IOnBackInvokedCallback$Stub$Proxy@569b5a2, mPriority=0, mIsAnimationCallback=true, mOverrideBehavior=0}
01-31 17:32:16.074   682  1009 D BackgroundInstallControlService: Package event received: 0
01-31 17:32:16.110  1278  1307 I PluginActionManager[com.android.systemui.action.PLUGIN_ALL_APPS_ACTIONS]: Found 0 plugins
01-31 17:32:16.177  2470  2475 W .android.dialer: Suspending all threads took: 16.667ms
01-31 17:32:16.197  1376  4668 D SliceBuilder: Creating slice for: com.android.settings.notification.SeparateRingVolumePreferenceController
01-31 17:32:16.215  1278  1278 D VRI[NexusLauncherActivity]: WindowInsets changed: 1080x2400 statusBars:[0,63,0,0] navigationBars:[0,0,0,63] mandatorySystemGestures:[0,63,0,84] 
01-31 17:32:16.219  1278  1278 D OverviewActionsView: updateActionButtonsVisibility() called: showSingleTaskActions = [true], showGroupActions = [false]
01-31 17:32:16.224  1376  1406 D VolumeSliceHelper: Unregistering uri broadcast relay: content://com.android.settings.slices/action/media_volume
01-31 17:32:16.240  1278  1278 D LauncherStateManager: StateManager.cancelAnimation: animation ongoing: false, partial trace:
01-31 17:32:16.240  1278  1278 D LauncherStateManager: 	at com.android.launcher3.statemanager.StateManager.reapplyState(go/retraceme 7101499b44b219b757f6885b35ae099b24fc769225595efcaaacae5b0f94500b:40)
01-31 17:32:16.240  1278  1278 D LauncherStateManager: 	at com.android.launcher3.LauncherRootView.updateInsets(go/retraceme 7101499b44b219b757f6885b35ae099b24fc769225595efcaaacae5b0f94500b:54)
01-31 17:32:16.240  1278  1278 D LauncherStateManager: 	at com.android.launcher3.LauncherRootView.onApplyWindowInsets(go/retraceme 7101499b44b219b757f6885b35ae099b24fc769225595efcaaacae5b0f94500b:18)
01-31 17:32:16.242  1278  1278 D AllAppsTransitionController: shouldProtectHeader: false skipScrim: false state: Normal stateManager.getState(): Normal
01-31 17:32:16.242  1278  1278 D KeyboardInsetsHandler: setState, toState:Normal StateManager(mLastStableState:Normal, mCurrentStableState:Normal, mState:Normal, mRestState:null, isInTransition:false)
01-31 17:32:16.242  1278  1278 D KeyboardInsetsHandler: removePendingImeController: pendingImeController=null
01-31 17:32:16.242  1278  1278 D ActivityContext: hideKeyboard
01-31 17:32:16.242  1278  1278 D ActivityContext: isImeShown: false
01-31 17:32:16.477  1376  1406 D VolumeSliceHelper: Unregistering uri broadcast relay: content://com.android.settings.slices/action/separate_ring_volume
01-31 17:32:16.484  1376  4668 D SliceBuilder: Creating slice for: com.android.settings.notification.CallVolumePreferenceController
01-31 17:32:16.541   682   729 V WindowManager: Continue transition id=23 for TaskFragmentTransaction=android.os.Binder@2f24fe9
01-31 17:32:16.542   682   729 V WindowManager: continueTransitionReady deferReadyDepth=1 stack=com.android.server.wm.TransitionController.continueTransitionReady:1071 com.android.server.wm.TaskFragmentOrganizerController$TaskFragmentOrganizerState.onTransactionFinished:546 com.android.server.wm.TaskFragmentOrganizerController.onTransactionHandled:740 android.window.ITaskFragmentOrganizerController$Stub.onTransact:225 android.os.Binder.execTransactInternal:1473 
01-31 17:32:16.542   682   729 V WindowManager: Continue transition id=23 for TaskFragmentTransaction=android.os.Binder@3f33d32
01-31 17:32:16.542   682   729 V WindowManager: continueTransitionReady deferReadyDepth=0 stack=com.android.server.wm.TransitionController.continueTransitionReady:1071 com.android.server.wm.TaskFragmentOrganizerController$TaskFragmentOrganizerState.onTransactionFinished:546 com.android.server.wm.TaskFragmentOrganizerController.onTransactionHandled:740 android.window.ITaskFragmentOrganizerController$Stub.onTransact:225 android.os.Binder.execTransactInternal:1473 
01-31 17:32:16.542  1278  1278 D InputMonitorCompat: Input event receiver for monitor (minus-one-disp0) disposed
01-31 17:32:16.542  1278  1278 D InputMonitorCompat: Input monitor (minus-one-disp0) disposed
01-31 17:32:16.543  1278  1278 D TISBindHelper: TIS service connected
01-31 17:32:16.543  1278  1278 D TaskbarManager: setActivity: mActivity=null displayId=0 isDefaultDisplay=true
01-31 17:32:16.543  1278  1278 D TaskbarManager: setActivity: registering activity lifecycle callbacks. displayId=0 isDefaultDisplay=true
01-31 17:32:16.544  1278  1278 D TaskbarManager: getUnfoldTransitionProgressProviderForActivity displayId=0 isDefaultDisplay=true
01-31 17:32:16.544  1278  1278 D TaskbarManager: setRecentsViewContainer displayId=0 isDefaultDisplay=true
01-31 17:32:16.544  1278  1278 D TaskbarManager: createTaskbarUIControllerForRecentsViewContainer displayId=0 isDefaultDisplay=true
01-31 17:32:16.544  1278  1278 D ModelCallbacks: Calling onCompleteSignal
01-31 17:32:16.544  1278  1278 D ViewOnDrawExecutor: markCompleted: executing tasks
01-31 17:32:16.551   682   739 D OomAdjuster: Not killing cached processes
01-31 17:32:16.555  1050  1511 V WindowManagerShell: onTransitionReady(transaction=2929167697354)
01-31 17:32:16.556   682   736 V WindowManager: Sent Transition (#23) createdAt=01-31 17:32:14.891 via request=TransitionRequestInfo { type = CLOSE, triggerTask = null, pipChange = null, remoteTransition = RemoteTransition { remoteTransition = android.window.IRemoteTransition$Stub$Proxy@d433ea1, appThread = null, debugName = TaskFragmentComponent }, displayChange = null, requestedLocation = null, userChange = null, windowingLayerChange = null, flags = 0, debugId = 23 }
01-31 17:32:16.556   682   736 V WindowManager:     startWCT=WindowContainerTransaction { changes= {} hops= [] errorCallbackToken=null taskFragmentOrganizer=null }
01-31 17:32:16.556   682   736 V WindowManager:     info={id=23 t=CLOSE f=0x0 trk=0 r=[] c=[]}
01-31 17:32:16.559  1050  1120 V WindowManagerShell: onTransitionReady (#23) android.os.BinderProxy@14b34fe: {id=23 t=CLOSE f=0x0 trk=0 r=[] c=[]}
01-31 17:32:16.559  1050  1120 V WindowManagerShell: No transition roots in (#23) android.os.BinderProxy@14b34fe@0 so abort
01-31 17:32:16.560   682   739 V WindowManager: deferTransitionReady deferReadyDepth=1 stack=com.android.server.wm.WindowOrganizerController.applyTransaction:658 com.android.server.wm.WindowOrganizerController.applyTransaction:626 com.android.server.wm.WindowOrganizerController.lambda$applyTaskFragmentTransactionLocked$5:602 com.android.server.wm.WindowOrganizerController.$r8$lambda$b9SZ7IAloD3MuUhvAJTdz5zHJ5k:0 com.android.server.wm.WindowOrganizerController$$ExternalSyntheticLambda4.onCollectStarted:0 
01-31 17:32:16.562  1050  1120 V WindowManagerShell: Transition animation finished (aborted=true), notifying core (#23) android.os.BinderProxy@14b34fe@0
01-31 17:32:16.562  1278  1278 D ActivityAllAppsContainerView: rebindAdapters: force: false
01-31 17:32:16.563  1278  1278 D ActivityAllAppsContainerView: rebindAdapters: Not needed.
01-31 17:32:16.592  1376  4668 D SliceBuilder: Creating slice for: com.android.settings.notification.NotificationVolumePreferenceController
01-31 17:32:16.594  1278  1278 I Choreographer: Skipped 34 frames!  The application may be doing too much work on its main thread.
01-31 17:32:16.599  1278  1278 D NexusLauncherModelDelegate: notifySmartspaceEvent: SmartspaceTargetEvent{mSmartspaceTarget=SmartspaceTarget{mSmartspaceTargetId='date_card_794317_92634', mHeaderAction=null, mBaseAction=null, mCreationTimeMillis=0, mExpiryTimeMillis=0, mScore=0.0, mActionChips=[], mIconGrid=[], mFeatureType=1, mSensitive=false, mShouldShowExpanded=false, mSourceNotificationKey='null', mComponentName=ComponentInfo{com.google.android.apps.nexuslauncher/w7.d0}, mUserHandle=UserHandle{0}, mAssociatedSmartspaceTargetId='null', mSliceUri=null, mWidget=null, mTemplateData=BaseTemplateData{mTemplateType=1, mPrimaryItem=null, mSubtitleItem=null, mSubtitleSupplementalItem=null, mSupplementalLineItem=null, mSupplementalAlarmItem=null, mLayoutWeight=0}, mRemoteViews=null}, mSmartspaceActionId='null', mEventType=8}
01-31 17:32:16.603  1278  1278 D TaskFragmentComponent: release and clear taskSurface
01-31 17:32:16.612   682   739 V WindowManager: continueTransitionReady deferReadyDepth=0 stack=com.android.server.wm.WindowOrganizerController.applyTransaction:799 com.android.server.wm.WindowOrganizerController.applyTransaction:626 com.android.server.wm.WindowOrganizerController.lambda$applyTaskFragmentTransactionLocked$5:602 com.android.server.wm.WindowOrganizerController.$r8$lambda$b9SZ7IAloD3MuUhvAJTdz5zHJ5k:0 com.android.server.wm.WindowOrganizerController$$ExternalSyntheticLambda4.onCollectStarted:0 
01-31 17:32:16.624   682   739 V WindowManager: Defer transition id=24 for TaskFragmentTransaction=android.os.Binder@bffa087
01-31 17:32:16.624   682   739 V WindowManager: deferTransitionReady deferReadyDepth=1 stack=com.android.server.wm.TransitionController.deferTransitionReady:1061 com.android.server.wm.TaskFragmentOrganizerController$TaskFragmentOrganizerState.dispatchTransaction:517 com.android.server.wm.TaskFragmentOrganizerController.dispatchPendingEvents:1259 com.android.server.wm.TaskFragmentOrganizerController.dispatchPendingEvents:1228 com.android.server.wm.RootWindowContainer.performSurfacePlacement:777 
01-31 17:32:16.624  1278  1278 D TaskFragmentComponent: Setting valid task fragment surface control in TYPE_TASK_FRAGMENT_APPEARED
01-31 17:32:16.636  1050  1120 V WindowManagerShell: Track 0 became idle
01-31 17:32:16.638  1050  1120 V WindowManagerShell: All active transition animations finished
01-31 17:32:16.638  1050  1120 V WindowManagerShell: Transition requested (#24): android.os.BinderProxy@7ba4229 TransitionRequestInfo { type = CHANGE, triggerTask = null, pipChange = null, remoteTransition = RemoteTransition { remoteTransition = android.window.IRemoteTransition$Stub$Proxy@f2cd9ae, appThread = null, debugName = TaskFragmentComponent }, displayChange = null, requestedLocation = null, userChange = null, windowingLayerChange = null, flags = 0, debugId = 24 }
01-31 17:32:16.638  1050  1120 V WindowManagerShell: RemoteTransition directly requested for (#24) android.os.BinderProxy@7ba4229: RemoteTransition { remoteTransition = android.window.IRemoteTransition$Stub$Proxy@f2cd9ae, appThread = null, debugName = TaskFragmentComponent }
01-31 17:32:16.638  1050  1120 V WindowManagerShell: Transition (#24): request handled by RemoteTransitionHandler
01-31 17:32:16.638   682  1926 I ActivityTaskManager: Activity reported stop, but no longer stopping: ActivityRecord{36618631 u0 com.google.android.apps.nexuslauncher/.NexusLauncherActivity t6} STOPPED
01-31 17:32:16.640   544   605 I libbinder.BpBinder: onLastStrongRef automatically unlinking death recipients for descriptor: '(not cached)'
01-31 17:32:16.641   682  1937 V WindowManager: Queueing transition: TransitionRecord{9b423dd id=-1 type=CLOSE flags=0x0 parallelCollectType=NONE recentsDisplayId=-1}
01-31 17:32:16.643   682  1937 W TransitionChain: Combining tfTransact into #24(CHANGE|R|0x0) from tfTransact
01-31 17:32:16.643   682  1937 V WindowManager: deferTransitionReady deferReadyDepth=2 stack=com.android.server.wm.WindowOrganizerController.applyTransaction:658 com.android.server.wm.WindowOrganizerController.applyTaskFragmentTransactionLocked:585 com.android.server.wm.TaskFragmentOrganizerController.applyTransaction:764 com.android.server.wm.TaskFragmentOrganizerController.onTransactionHandled:730 android.window.ITaskFragmentOrganizerController$Stub.onTransact:225 
01-31 17:32:16.644   682  1937 V WindowManager: continueTransitionReady deferReadyDepth=1 stack=com.android.server.wm.WindowOrganizerController.applyTransaction:799 com.android.server.wm.WindowOrganizerController.applyTaskFragmentTransactionLocked:585 com.android.server.wm.TaskFragmentOrganizerController.applyTransaction:764 com.android.server.wm.TaskFragmentOrganizerController.onTransactionHandled:730 android.window.ITaskFragmentOrganizerController$Stub.onTransact:225 
01-31 17:32:16.644   682  1937 V WindowManager: Continue transition id=24 for TaskFragmentTransaction=android.os.Binder@bffa087
01-31 17:32:16.644   682  1937 V WindowManager: continueTransitionReady deferReadyDepth=0 stack=com.android.server.wm.TransitionController.continueTransitionReady:1071 com.android.server.wm.TaskFragmentOrganizerController$TaskFragmentOrganizerState.onTransactionFinished:546 com.android.server.wm.TaskFragmentOrganizerController.onTransactionHandled:740 android.window.ITaskFragmentOrganizerController$Stub.onTransact:225 android.os.Binder.execTransactInternal:1473 
01-31 17:32:16.653   682   736 V WindowManager: Finish Transition (#23): created at 01-31 17:32:14.891 collect-started=0.057ms request-sent=31.755ms started=48.405ms ready=1651.133ms sent=1654.148ms commit=23.975ms finished=1744.708ms
01-31 17:32:16.656  1376  4668 D VolumeSliceHelper: Unregistering uri broadcast relay: content://com.android.settings.slices/action/call_volume
01-31 17:32:16.659  1050  2277 V WindowManagerShell: onTransitionReady(transaction=2929167697373)
01-31 17:32:16.659   682   739 V WindowManager: deferTransitionReady deferReadyDepth=1 stack=com.android.server.wm.WindowOrganizerController.applyTransaction:658 com.android.server.wm.WindowOrganizerController.applyTransaction:626 com.android.server.wm.WindowOrganizerController.lambda$applyTaskFragmentTransactionLocked$5:602 com.android.server.wm.WindowOrganizerController.$r8$lambda$b9SZ7IAloD3MuUhvAJTdz5zHJ5k:0 com.android.server.wm.WindowOrganizerController$$ExternalSyntheticLambda4.onCollectStarted:0 
01-31 17:32:16.659   682   739 V WindowManager: continueTransitionReady deferReadyDepth=0 stack=com.android.server.wm.WindowOrganizerController.applyTransaction:799 com.android.server.wm.WindowOrganizerController.applyTransaction:626 com.android.server.wm.WindowOrganizerController.lambda$applyTaskFragmentTransactionLocked$5:602 com.android.server.wm.WindowOrganizerController.$r8$lambda$b9SZ7IAloD3MuUhvAJTdz5zHJ5k:0 com.android.server.wm.WindowOrganizerController$$ExternalSyntheticLambda4.onCollectStarted:0 
01-31 17:32:16.662   682   736 V WindowManager: Sent Transition (#24) createdAt=01-31 17:32:15.837 via request=TransitionRequestInfo { type = CHANGE, triggerTask = null, pipChange = null, remoteTransition = RemoteTransition { remoteTransition = android.window.IRemoteTransition$Stub$Proxy@e8ecb52, appThread = null, debugName = TaskFragmentComponent }, displayChange = null, requestedLocation = null, userChange = null, windowingLayerChange = null, flags = 0, debugId = 24 }
01-31 17:32:16.662   682   736 V WindowManager:     startWCT=WindowContainerTransaction { changes= {} hops= [] errorCallbackToken=null taskFragmentOrganizer=null }
01-31 17:32:16.662   682   736 V WindowManager:     info={id=24 t=CHANGE f=0x0 trk=1 r=[] c=[]}
01-31 17:32:16.668  1376  1406 D VolumeSliceHelper: Unregistering uri broadcast relay: content://com.android.settings.slices/action/notification_volume
01-31 17:32:16.668  1376  1406 D SliceBroadcastRelay: Unregistering uri broadcast relay: content://com.android.settings.slices/action/volume_slices
01-31 17:32:16.675   544  1423 I libbinder.BpBinder: onLastStrongRef automatically unlinking death recipients for descriptor: '(not cached)'
01-31 17:32:16.675  1050  1120 V WindowManagerShell: onTransitionReady (#24) android.os.BinderProxy@7ba4229: {id=24 t=CHANGE f=0x0 trk=1 r=[] c=[]}
01-31 17:32:16.675  1050  1120 V WindowManagerShell: No transition roots in (#24) android.os.BinderProxy@7ba4229@1 so abort
01-31 17:32:16.675  1050  1120 V WindowManagerShell: Transition animation finished (aborted=true), notifying core (#24) android.os.BinderProxy@7ba4229@1
01-31 17:32:16.678   682   736 V WindowManager: Finish Transition (#24): created at 01-31 17:32:15.837 collect-started=708.401ms request-sent=797.525ms started=801.738ms ready=807.816ms sent=820.267ms finished=840.06ms
01-31 17:32:16.678  1050  1120 V WindowManagerShell: Track 1 became idle
01-31 17:32:16.678  1050  1120 V WindowManagerShell: All active transition animations finished
01-31 17:32:16.678  1050  1120 V WindowManagerShell: Transition requested (#25): android.os.BinderProxy@affe34f TransitionRequestInfo { type = CLOSE, triggerTask = null, pipChange = null, remoteTransition = RemoteTransition { remoteTransition = android.window.IRemoteTransition$Stub$Proxy@4500adc, appThread = null, debugName = TaskFragmentComponent }, displayChange = null, requestedLocation = null, userChange = null, windowingLayerChange = null, flags = 0, debugId = 25 }
01-31 17:32:16.678  1050  1120 V WindowManagerShell: RemoteTransition directly requested for (#25) android.os.BinderProxy@affe34f: RemoteTransition { remoteTransition = android.window.IRemoteTransition$Stub$Proxy@4500adc, appThread = null, debugName = TaskFragmentComponent }
01-31 17:32:16.678  1050  1120 V WindowManagerShell: Transition (#25): request handled by RemoteTransitionHandler
01-31 17:32:16.679   682   736 V WindowManager: Sent Transition (#25) createdAt=01-31 17:32:16.641 via request=TransitionRequestInfo { type = CLOSE, triggerTask = null, pipChange = null, remoteTransition = RemoteTransition { remoteTransition = android.window.IRemoteTransition$Stub$Proxy@82bbe23, appThread = null, debugName = TaskFragmentComponent }, displayChange = null, requestedLocation = null, userChange = null, windowingLayerChange = null, flags = 0, debugId = 25 }
01-31 17:32:16.679   682   736 V WindowManager:     startWCT=WindowContainerTransaction { changes= {} hops= [] errorCallbackToken=null taskFragmentOrganizer=null }
01-31 17:32:16.679   682   736 V WindowManager:     info={id=25 t=CLOSE f=0x0 trk=2 r=[] c=[]}
01-31 17:32:16.690  1050  2277 V WindowManagerShell: onTransitionReady(transaction=2929167697385)
