
 RUN  v2.1.9 /Users/rkhona/development/quarantine_bot/casagrown3

 ✓ apps/next-market/lib/__tests__/useCart.test.ts (19 tests) 3ms
 ✓ apps/next-market/app/__tests__/orders-grouping.test.ts (32 tests) 4ms
 ✓ apps/next-market/app/(main)/my-booth/products/__tests__/prefill.test.tsx (9 tests) 4ms
 ✓ apps/next-market/lib/__tests__/windowDisplay.test.ts (16 tests) 23ms
 ✓ apps/next-community-voice/features/feedback/feedback-service.test.ts (36 tests) 27ms
 ❯ apps/next-market/lib/__tests__/analytics.test.ts (0 test)
stdout | apps/next-market/public/__tests__/sw.test.ts > Service Worker (sw.js) > Push Events > shows notification securely with generic fallback when no payload is provided
[SW] Workbox could not be loaded. No caching available.

stdout | apps/next-market/public/__tests__/sw.test.ts > Service Worker (sw.js) > Push Events > syncs App Badge Dot strictly without parameters natively
[SW] Workbox could not be loaded. No caching available.

stdout | apps/next-market/public/__tests__/sw.test.ts > Service Worker (sw.js) > Push Events > gracefully continues without thread-crashing if badging API is missing OS support
[SW] Workbox could not be loaded. No caching available.
[SW] Workbox could not be loaded. No caching available.

stdout | apps/next-market/public/__tests__/sw.test.ts > Service Worker (sw.js) > Notification Click Events > focuses an active client browser tab instead of brutally opening duplicates
[SW] Workbox could not be loaded. No caching available.

stdout | apps/next-market/public/__tests__/sw.test.ts > Service Worker (sw.js) > Notification Click Events > opens native new tab instance flawlessly if CasaGrown was previously completely swiped/killed
[SW] Workbox could not be loaded. No caching available.

 ✓ apps/next-market/public/__tests__/sw.test.ts (5 tests) 5ms
 ✓ apps/next-market/lib/__tests__/windowUtils.test.ts (12 tests) 4ms
 ✓ apps/next-admin/__tests__/settlements-payouts.test.ts (14 tests) 376ms
 ✓ apps/next-market/lib/__tests__/store.test.ts (16 tests) 17ms
 ✓ apps/quarantine-bot/src/__tests__/cdfa.test.ts (2 tests) 5ms
stdout | apps/next-admin/__tests__/disputes.test.ts > Dispute Admin RPCs > get_dispute_evidence returns evidence for existing dispute
EVIDENCE ERROR: {
  status: 200,
  data: {
    buyer: {
      name: 'Sam Seller',
      email: 'seller@test.local',
      profile_created: '2026-04-22T05:45:25.807049+00:00',
      tos_accepted_at: '2026-04-22T05:45:25.807049+00:00'
    },
    sales: [],
    dispute: {
      id: '112de440-7b12-4a4e-b484-959538fdb754',
      reason: 'product_not_received',
      status: 'needs_response',
      fee_usd: 15,
      buyer_id: 'a1111111-1111-1111-1111-111111111111',
      amount_usd: 42,
      created_at: '2026-04-22T09:19:21.74308+00:00',
      updated_at: '2026-04-22T09:19:21.74308+00:00',
      admin_notes: null,
      market_date: '2026-01-15',
      resolved_at: null,
      evidence_json: null,
      settlement_id: null,
      evidence_due_by: null,
      stripe_metadata: null,
      stripe_charge_id: null,
      stripe_dispute_id: 'dp_vitest_evidence_1776849561742',
      evidence_submitted_at: null,
      stripe_payment_intent_id: null
    },
    chat_logs: [],
    purchases: [],
    net_calculation: {
      refunds: 0,
      net_charged: 0,
      sales_total: 0,
      platform_fee: 0,
      opening_balance: 0,
      purchases_total: 0
    },
    opening_balance: { source: 'Prior market day unsettled balance', amount_usd: 0 },
    order_chat_logs: [],
    order_status_logs: [],
    escalation_history: [],
    fulfillment_photos: []
  }
}

 ✓ apps/next-admin/__tests__/disputes.test.ts (13 tests) 434ms
 ❯ apps/next-market/app/(main)/messages/__tests__/UserSearchModal.test.tsx (3 tests | 3 failed) 7ms
   × UserSearchModal > fetches default 10 neighbors on mount with empty query 5ms
     → document is not defined
   × UserSearchModal > debounces and searches based on input 0ms
     → document is not defined
   × UserSearchModal > shows empty state appropriately 0ms
     → document is not defined
 ❯ apps/next-market/app/components/__tests__/BlockModal.test.tsx (4 tests | 4 failed) 5ms
   × BlockModal component > renders correctly 2ms
     → document is not defined
   × BlockModal component > calls onClose when Cancel is clicked 0ms
     → document is not defined
   × BlockModal component > inserts into market_blocks on Confirm Block 0ms
     → document is not defined
   × BlockModal component > displays error if already blocked 1ms
     → document is not defined
 ✓ apps/quarantine-bot/src/__tests__/state-feeds.test.ts (1 test) 10ms
 ✓ apps/quarantine-bot/src/__tests__/health-logger.test.ts (4 tests) 4ms
 ✓ apps/next-market/app/__tests__/stripe-return-url.test.ts (2 tests) 4ms
stdout | apps/quarantine-bot/src/lib/__tests__/normalizer.test.ts
◇ injecting env (11) from .env // tip: ◈ encrypted .env [www.dotenvx.com]

 ✓ apps/quarantine-bot/src/lib/__tests__/normalizer.test.ts (2 tests) 3ms
 ✓ apps/quarantine-bot/src/__tests__/aphis.test.ts (2 tests) 30ms
 ❯ apps/next-market/tests/screenshot.spec.ts (0 test)
 ✓ apps/next-admin/__tests__/escalations.test.ts (22 tests) 2118ms
 ✓ apps/next-metrics/app/__tests__/metrics.test.tsx (32 tests) 349ms
stdout | apps/next-market/app/__tests__/pages-authed.test.tsx > market/page (authed) > renders market with booths and location prompt
[DEBUG] Market page render state: {
  showPioneerBanner: true,
  communityMemberCount: null,
  userH3: null,
  marketIsOpen: true,
  isLoaded: false,
  addressResolved: false
}

 ✓ apps/next-market/app/__tests__/components-deep.test.tsx (16 tests) 354ms
 ✓ apps/next-market/lib/__tests__/reducer.test.tsx (21 tests) 25ms
 ✓ apps/next-market/app/__tests__/pages.test.tsx (27 tests) 736ms
 ✓ apps/next-market/lib/__tests__/feedback-service.deep.test.ts (17 tests) 12ms
 ✓ apps/next-market/app/components/__tests__/Navbar.deep.test.tsx (14 tests) 1218ms
 ✓ apps/next-market/app/components/__tests__/FreeProduct.test.tsx (23 tests) 71ms
 ✓ apps/next-market/app/__tests__/listing-lifecycle.test.tsx (8 tests) 4ms
 ✓ apps/next-market/components/__tests__/standalone-components.test.tsx (19 tests) 1253ms
 ✓ apps/next-market/app/__tests__/pages-authed.test.tsx (28 tests) 1693ms
   ✓ market/page (authed) > renders market with booths and location prompt 500ms
 ✓ apps/next-market/app/__tests__/dynamic-pages.test.tsx (7 tests) 183ms
 ✓ apps/next-market/app/components/__tests__/BuyModal-Banner.deep.test.tsx (17 tests) 1898ms
   ✓ BuyModal — deep > handles handleOrder with successful rpc 312ms
 ✓ apps/next-market/app/components/__tests__/BuyModal-Negative.test.tsx (14 tests) 1331ms
 ✓ apps/next-market/app/__tests__/lib-deep.test.tsx (27 tests) 52ms
stdout | apps/next-market/app/__tests__/pages-coverage.test.tsx > market/page.tsx — deep auth > renders market page with authenticated user
[DEBUG] Market page render state: {
  showPioneerBanner: true,
  communityMemberCount: null,
  userH3: null,
  marketIsOpen: false,
  isLoaded: true,
  addressResolved: false
}

 ✓ apps/next-market/app/__tests__/product-detail-ux.deep.test.tsx (32 tests) 8ms
 ✓ apps/next-market/app/__tests__/lib-modules.test.tsx (20 tests) 47ms
 ✓ apps/next-market/app/(main)/community/components/__tests__/ChatMessage.test.tsx (20 tests) 230ms
 ✓ apps/next-market/app/__tests__/demo-booths.test.tsx (7 tests) 426ms
 ✓ apps/next-market/lib/__tests__/useNotificationPrompt.deep.test.ts (18 tests) 63ms
 ✓ apps/next-market/app/__tests__/pages-deep.test.tsx (20 tests) 121ms
 ✓ apps/next-market/app/components/__tests__/BuyModal.test.tsx (15 tests) 246ms
 ✓ apps/next-market/app/components/__tests__/MarketReceiptSheet.test.tsx (14 tests) 160ms
 ✓ apps/next-market/app/components/__tests__/BottomNav.test.tsx (11 tests) 40ms
 ✓ apps/next-market/lib/__tests__/useNotificationPrompt.test.ts (13 tests) 3ms
 ✓ apps/next-market/app/components/__tests__/RatingReminder.deep.test.tsx (6 tests) 754ms
 ✓ apps/next-market/app/__tests__/pages-coverage.test.tsx (31 tests) 4106ms
   ✓ orders/[id]/page.tsx > renders order detail page with order data 379ms
 ✓ apps/next-market/app/components/__tests__/ProductQA.deep.test.tsx (13 tests) 1634ms
 ✓ apps/next-market/lib/__tests__/useAuth.test.ts (6 tests) 281ms
 ✓ apps/next-market/app/components/__tests__/FlagModal.test.tsx (8 tests) 77ms
 ✓ apps/next-market/lib/__tests__/legal-geocode.test.ts (11 tests) 8ms
 ✓ apps/next-market/app/components/__tests__/Navbar.test.tsx (8 tests) 87ms
 ✓ apps/next-market/app/components/__tests__/NotificationPromptModal.test.tsx (9 tests) 90ms
 ❯ apps/next-market/components/__tests__/OrderChat.test.tsx (6 tests | 6 failed) 73ms
   × OrderChat > shows "Ready for Pickup" chip only when isSeller && pickup && pending 64ms
     → messagesEndRef.current?.scrollIntoView is not a function
   × OrderChat > hides "Ready for Pickup" chip when status is not pending 2ms
     → messagesEndRef.current?.scrollIntoView is not a function
   × OrderChat > hides "Ready for Pickup" chip when user is buyer 1ms
     → messagesEndRef.current?.scrollIntoView is not a function
   × OrderChat > shows "On my way..." chip for seller + delivery + pending 1ms
     → messagesEndRef.current?.scrollIntoView is not a function
   × OrderChat > shows "On my way to pick up..." chip for buyer + pickup + delivered 2ms
     → messagesEndRef.current?.scrollIntoView is not a function
   × OrderChat > hides "On my way..." chip for wrong fulfillment type 1ms
     → messagesEndRef.current?.scrollIntoView is not a function
 ✓ apps/next-market/app/components/__tests__/ProductQA.test.tsx (11 tests) 1110ms
   ✓ ProductQA - Demo Mode > accepts user questions and shows AI response 1055ms
 ✓ apps/next-market/app/components/__tests__/NotificationBanner.test.tsx (3 tests) 31ms
 ✓ apps/next-market/app/(main)/community/components/__tests__/SuggestionChips.test.tsx (7 tests) 40ms
 ✓ apps/next-market/lib/__tests__/supabase.test.ts (1 test) 2ms
 ❯ apps/next-market/app/components/__tests__/PioneerBanner.test.tsx (4 tests | 4 failed) 120ms
   × PioneerBanner > renders when member count is <= 20 and not dismissed 102ms
     → @supabase/ssr: Your project's URL and API key are required to create a Supabase client!

Check your Supabase project's API settings to find these values

https://supabase.com/dashboard/project/_/settings/api
   × PioneerBanner > does not render when member count is > 20 1ms
     → @supabase/ssr: Your project's URL and API key are required to create a Supabase client!

Check your Supabase project's API settings to find these values

https://supabase.com/dashboard/project/_/settings/api
   × PioneerBanner > does not render if previously dismissed in localStorage 11ms
     → @supabase/ssr: Your project's URL and API key are required to create a Supabase client!

Check your Supabase project's API settings to find these values

https://supabase.com/dashboard/project/_/settings/api
   × PioneerBanner > dismisses banner and sets localStorage when close button is clicked 5ms
     → @supabase/ssr: Your project's URL and API key are required to create a Supabase client!

Check your Supabase project's API settings to find these values

https://supabase.com/dashboard/project/_/settings/api
 ✓ apps/next-market/app/components/__tests__/AnalyticsTracker.test.tsx (5 tests) 10ms
 ✓ apps/next-market/app/components/__tests__/RatingReminder.test.tsx (2 tests) 7ms

⎯⎯⎯⎯⎯⎯ Unhandled Errors ⎯⎯⎯⎯⎯⎯

Vitest caught 14 unhandled errors during the test run.
This might cause false positive tests. Resolve unhandled errors to make sure your tests are not affected.
⎯⎯⎯⎯⎯⎯⎯⎯⎯⎯⎯⎯⎯⎯⎯⎯⎯⎯⎯⎯⎯⎯⎯⎯⎯⎯⎯⎯⎯⎯
 Test Files  6 failed | 55 passed (61)
      Tests  17 failed | 768 passed (785)
     Errors  14 errors
   Start at  02:19:20
   Duration  7.66s (transform 2.54s, setup 0ms, collect 6.28s, tests 22.04s, environment 21.00s, prepare 3.77s)

